<html>
<body>
<pre>
<h1>µVision Build Log</h1>
<h2>Tool Versions:</h2>
IDE-Version: ¦ÌVision V5.36.0.0
Copyright (C) 2021 ARM Ltd and ARM Germany GmbH. All rights reserved.
License Information: a nationz, b, LIC=RC93N-Y4SSL-HLECL-0MUYA-CML3R-0A9XZ
 
Tool Versions:
Toolchain:       MDK-ARM Plus  Version: 5.36.0.0
Toolchain Path:  D:\Keil_v5\ARM\ARMCC\Bin
C Compiler:      Armcc.exe V5.06 update 7 (build 960)
Assembler:       Armasm.exe V5.06 update 7 (build 960)
Linker/Locator:  ArmLink.exe V5.06 update 7 (build 960)
Library Manager: ArmAr.exe V5.06 update 7 (build 960)
Hex Converter:   FromElf.exe V5.06 update 7 (build 960)
CPU DLL:         SARMCM3.DLL V5.36.0.0
Dialog DLL:      DCM.DLL V1.17.3.0
Target DLL:      Segger\JL2CM3.dll V2.99.13.0
Dialog DLL:      TCM.DLL V1.53.0.0
 
<h2>Project:</h2>
E:\Git_repository\ns_project\Nations.N32G430_Library.1.0.0\projects\n32g430_EVAL\examples\GPIO\_GPIO_TEST\MDK-ARM\LedBlink.uvprojx
Project File Date:  06/13/2022

<h2>Output:</h2>
*** Using Compiler 'V5.06 update 7 (build 960)', folder: 'D:\Keil_v5\ARM\ARMCC\Bin'
Build target 'N32G430'
compiling main.c...
linking...
Program Size: Code=5302 RO-data=390 RW-data=4 ZI-data=5380  
FromELF: creating hex file...
After Build - User command #1: fromelf --bin --output=.\bin\LedBlink.bin .\Objects\LedBlink.axf
".\Objects\LedBlink.axf" - 0 Error(s), 0 Warning(s).

<h2>Software Packages used:</h2>

Package Vendor: Nationstech
                http://www.keil.com/pack/Nationstech.N32G430_DFP.1.0.0.pack
                Nationstech.N32G430_DFP.1.0.0
                Nationstech N32G430 Series Device Support, Drivers and Examples

<h2>Collection of Component include folders:</h2>
  D:\Keil_v5\Arm\Packs\Nationstech\N32G430_DFP\1.0.0\firmware\CMSIS\device

<h2>Collection of Component Files used:</h2>
Build Time Elapsed:  00:00:01
</pre>
</body>
</html>
