Component: ARM Compiler 5.06 update 7 (build 960) Tool: armlink [4d3601]

==============================================================================

Section Cross References

    startup_n32g430.o(RESET) refers to startup_n32g430.o(STACK) for __initial_sp
    startup_n32g430.o(RESET) refers to startup_n32g430.o(.text) for Reset_Handler
    startup_n32g430.o(RESET) refers to n32g430_it.o(.text) for NMI_Handler
    startup_n32g430.o(.text) refers to system_n32g430.o(.text) for System_Initializes
    startup_n32g430.o(.text) refers to entry.o(.ARM.Collect$$$$00000000) for __main
    system_n32g430.o(.text) refers to system_n32g430.o(.data) for SystemClockFrequency
    system_n32g430.o(.text) refers to system_n32g430.o(.constdata) for AHBPrescTable
    n32g430_adc.o(.text) refers to n32g430_rcc.o(.text) for RCC_AHB_Peripheral_Reset
    n32g430_adc.o(.text) refers to n32g430_adc.o(.data) for vrefint_value
    n32g430_rcc.o(.text) refers to n32g430_rcc.o(.constdata) for APBAHBPresTable
    n32g430_gpio.o(.text) refers to n32g430_rcc.o(.text) for RCC_AHB_Peripheral_Reset
    n32g430_usart.o(.text) refers to n32g430_rcc.o(.text) for RCC_APB2_Peripheral_Reset
    main.o(.text) refers to log.o(.text) for log_init
    main.o(.text) refers to adc.o(.text) for ADC_Init
    main.o(.text) refers to delay.o(.text) for DelayMs
    main.o(.text) refers to printf8.o(i.__0printf$8) for __2printf
    main.o(.text) refers to adc.o(.bss) for ADCConvertedValue
    adc.o(.text) refers to n32g430_gpio.o(.text) for GPIO_Structure_Initialize
    adc.o(.text) refers to n32g430_rcc.o(.text) for RCC_AHB_Peripheral_Clock_Enable
    adc.o(.text) refers to n32g430_adc.o(.text) for ADC_Clock_Mode_Config
    adc.o(.text) refers to n32g430_dma.o(.text) for DMA_Structure_Initializes
    adc.o(.text) refers to adc.o(.bss) for DMA_InitStructure
    delay.o(.text) refers to system_n32g430.o(.data) for SystemClockFrequency
    log.o(.text) refers to n32g430_rcc.o(.text) for RCC_AHB_Peripheral_Clock_Enable
    log.o(.text) refers to n32g430_gpio.o(.text) for GPIO_Structure_Initialize
    log.o(.text) refers to n32g430_usart.o(.text) for USART_Initializes
    log.o(.text) refers to printf8.o(i.__0printf$8) for __2printf
    log.o(.text) refers to log.o(.data) for is_lr_sent
    entry.o(.ARM.Collect$$$$00000000) refers (Special) to entry10a.o(.ARM.Collect$$$$0000000F) for __rt_final_cpp
    entry.o(.ARM.Collect$$$$00000000) refers (Special) to entry11a.o(.ARM.Collect$$$$00000011) for __rt_final_exit
    entry.o(.ARM.Collect$$$$00000000) refers (Special) to entry12b.o(.ARM.Collect$$$$0000000E) for __rt_lib_shutdown_fini
    entry.o(.ARM.Collect$$$$00000000) refers (Special) to entry7b.o(.ARM.Collect$$$$00000008) for _main_clock
    entry.o(.ARM.Collect$$$$00000000) refers (Special) to entry8b.o(.ARM.Collect$$$$0000000A) for _main_cpp_init
    entry.o(.ARM.Collect$$$$00000000) refers (Special) to entry9a.o(.ARM.Collect$$$$0000000B) for _main_init
    entry.o(.ARM.Collect$$$$00000000) refers (Special) to entry5.o(.ARM.Collect$$$$00000004) for _main_scatterload
    entry.o(.ARM.Collect$$$$00000000) refers (Special) to entry2.o(.ARM.Collect$$$$00000001) for _main_stk
    printfb.o(i.__0fprintf$bare) refers to printfb.o(i._printf_core) for _printf_core
    printfb.o(i.__0fprintf$bare) refers to log.o(.text) for fputc
    printfb.o(i.__0printf$bare) refers to printfb.o(i._printf_core) for _printf_core
    printfb.o(i.__0printf$bare) refers to log.o(.text) for fputc
    printfb.o(i.__0printf$bare) refers to stdout.o(.data) for __stdout
    printfb.o(i.__0snprintf$bare) refers to printfb.o(i._printf_core) for _printf_core
    printfb.o(i.__0snprintf$bare) refers to printfb.o(i._snputc) for _snputc
    printfb.o(i.__0sprintf$bare) refers to printfb.o(i._printf_core) for _printf_core
    printfb.o(i.__0sprintf$bare) refers to printfb.o(i._sputc) for _sputc
    printfb.o(i.__0vfprintf$bare) refers to printfb.o(i._printf_core) for _printf_core
    printfb.o(i.__0vfprintf$bare) refers to log.o(.text) for fputc
    printfb.o(i.__0vprintf$bare) refers to printfb.o(i._printf_core) for _printf_core
    printfb.o(i.__0vprintf$bare) refers to log.o(.text) for fputc
    printfb.o(i.__0vprintf$bare) refers to stdout.o(.data) for __stdout
    printfb.o(i.__0vsnprintf$bare) refers to printfb.o(i._printf_core) for _printf_core
    printfb.o(i.__0vsnprintf$bare) refers to printfb.o(i._snputc) for _snputc
    printfb.o(i.__0vsprintf$bare) refers to printfb.o(i._printf_core) for _printf_core
    printfb.o(i.__0vsprintf$bare) refers to printfb.o(i._sputc) for _sputc
    printf0.o(i.__0fprintf$0) refers to printf0.o(i._printf_core) for _printf_core
    printf0.o(i.__0fprintf$0) refers to log.o(.text) for fputc
    printf0.o(i.__0printf$0) refers to printf0.o(i._printf_core) for _printf_core
    printf0.o(i.__0printf$0) refers to log.o(.text) for fputc
    printf0.o(i.__0printf$0) refers to stdout.o(.data) for __stdout
    printf0.o(i.__0snprintf$0) refers to printf0.o(i._printf_core) for _printf_core
    printf0.o(i.__0snprintf$0) refers to printf0.o(i._snputc) for _snputc
    printf0.o(i.__0sprintf$0) refers to printf0.o(i._printf_core) for _printf_core
    printf0.o(i.__0sprintf$0) refers to printf0.o(i._sputc) for _sputc
    printf0.o(i.__0vfprintf$0) refers to printf0.o(i._printf_core) for _printf_core
    printf0.o(i.__0vfprintf$0) refers to log.o(.text) for fputc
    printf0.o(i.__0vprintf$0) refers to printf0.o(i._printf_core) for _printf_core
    printf0.o(i.__0vprintf$0) refers to log.o(.text) for fputc
    printf0.o(i.__0vprintf$0) refers to stdout.o(.data) for __stdout
    printf0.o(i.__0vsnprintf$0) refers to printf0.o(i._printf_core) for _printf_core
    printf0.o(i.__0vsnprintf$0) refers to printf0.o(i._snputc) for _snputc
    printf0.o(i.__0vsprintf$0) refers to printf0.o(i._printf_core) for _printf_core
    printf0.o(i.__0vsprintf$0) refers to printf0.o(i._sputc) for _sputc
    printf1.o(i.__0fprintf$1) refers to printf1.o(i._printf_core) for _printf_core
    printf1.o(i.__0fprintf$1) refers to log.o(.text) for fputc
    printf1.o(i.__0printf$1) refers to printf1.o(i._printf_core) for _printf_core
    printf1.o(i.__0printf$1) refers to log.o(.text) for fputc
    printf1.o(i.__0printf$1) refers to stdout.o(.data) for __stdout
    printf1.o(i.__0snprintf$1) refers to printf1.o(i._printf_core) for _printf_core
    printf1.o(i.__0snprintf$1) refers to printf1.o(i._snputc) for _snputc
    printf1.o(i.__0sprintf$1) refers to printf1.o(i._printf_core) for _printf_core
    printf1.o(i.__0sprintf$1) refers to printf1.o(i._sputc) for _sputc
    printf1.o(i.__0vfprintf$1) refers to printf1.o(i._printf_core) for _printf_core
    printf1.o(i.__0vfprintf$1) refers to log.o(.text) for fputc
    printf1.o(i.__0vprintf$1) refers to printf1.o(i._printf_core) for _printf_core
    printf1.o(i.__0vprintf$1) refers to log.o(.text) for fputc
    printf1.o(i.__0vprintf$1) refers to stdout.o(.data) for __stdout
    printf1.o(i.__0vsnprintf$1) refers to printf1.o(i._printf_core) for _printf_core
    printf1.o(i.__0vsnprintf$1) refers to printf1.o(i._snputc) for _snputc
    printf1.o(i.__0vsprintf$1) refers to printf1.o(i._printf_core) for _printf_core
    printf1.o(i.__0vsprintf$1) refers to printf1.o(i._sputc) for _sputc
    printf1.o(i._printf_core) refers to uidiv.o(.text) for __aeabi_uidivmod
    printf2.o(i.__0fprintf$2) refers to printf2.o(i._printf_core) for _printf_core
    printf2.o(i.__0fprintf$2) refers to log.o(.text) for fputc
    printf2.o(i.__0printf$2) refers to printf2.o(i._printf_core) for _printf_core
    printf2.o(i.__0printf$2) refers to log.o(.text) for fputc
    printf2.o(i.__0printf$2) refers to stdout.o(.data) for __stdout
    printf2.o(i.__0snprintf$2) refers to printf2.o(i._printf_core) for _printf_core
    printf2.o(i.__0snprintf$2) refers to printf2.o(i._snputc) for _snputc
    printf2.o(i.__0sprintf$2) refers to printf2.o(i._printf_core) for _printf_core
    printf2.o(i.__0sprintf$2) refers to printf2.o(i._sputc) for _sputc
    printf2.o(i.__0vfprintf$2) refers to printf2.o(i._printf_core) for _printf_core
    printf2.o(i.__0vfprintf$2) refers to log.o(.text) for fputc
    printf2.o(i.__0vprintf$2) refers to printf2.o(i._printf_core) for _printf_core
    printf2.o(i.__0vprintf$2) refers to log.o(.text) for fputc
    printf2.o(i.__0vprintf$2) refers to stdout.o(.data) for __stdout
    printf2.o(i.__0vsnprintf$2) refers to printf2.o(i._printf_core) for _printf_core
    printf2.o(i.__0vsnprintf$2) refers to printf2.o(i._snputc) for _snputc
    printf2.o(i.__0vsprintf$2) refers to printf2.o(i._printf_core) for _printf_core
    printf2.o(i.__0vsprintf$2) refers to printf2.o(i._sputc) for _sputc
    printf3.o(i.__0fprintf$3) refers to printf3.o(i._printf_core) for _printf_core
    printf3.o(i.__0fprintf$3) refers to log.o(.text) for fputc
    printf3.o(i.__0printf$3) refers to printf3.o(i._printf_core) for _printf_core
    printf3.o(i.__0printf$3) refers to log.o(.text) for fputc
    printf3.o(i.__0printf$3) refers to stdout.o(.data) for __stdout
    printf3.o(i.__0snprintf$3) refers to printf3.o(i._printf_core) for _printf_core
    printf3.o(i.__0snprintf$3) refers to printf3.o(i._snputc) for _snputc
    printf3.o(i.__0sprintf$3) refers to printf3.o(i._printf_core) for _printf_core
    printf3.o(i.__0sprintf$3) refers to printf3.o(i._sputc) for _sputc
    printf3.o(i.__0vfprintf$3) refers to printf3.o(i._printf_core) for _printf_core
    printf3.o(i.__0vfprintf$3) refers to log.o(.text) for fputc
    printf3.o(i.__0vprintf$3) refers to printf3.o(i._printf_core) for _printf_core
    printf3.o(i.__0vprintf$3) refers to log.o(.text) for fputc
    printf3.o(i.__0vprintf$3) refers to stdout.o(.data) for __stdout
    printf3.o(i.__0vsnprintf$3) refers to printf3.o(i._printf_core) for _printf_core
    printf3.o(i.__0vsnprintf$3) refers to printf3.o(i._snputc) for _snputc
    printf3.o(i.__0vsprintf$3) refers to printf3.o(i._printf_core) for _printf_core
    printf3.o(i.__0vsprintf$3) refers to printf3.o(i._sputc) for _sputc
    printf3.o(i._printf_core) refers to uidiv.o(.text) for __aeabi_uidivmod
    printf4.o(i.__0fprintf$4) refers to printf4.o(i._printf_core) for _printf_core
    printf4.o(i.__0fprintf$4) refers to log.o(.text) for fputc
    printf4.o(i.__0printf$4) refers to printf4.o(i._printf_core) for _printf_core
    printf4.o(i.__0printf$4) refers to log.o(.text) for fputc
    printf4.o(i.__0printf$4) refers to stdout.o(.data) for __stdout
    printf4.o(i.__0snprintf$4) refers to printf4.o(i._printf_core) for _printf_core
    printf4.o(i.__0snprintf$4) refers to printf4.o(i._snputc) for _snputc
    printf4.o(i.__0sprintf$4) refers to printf4.o(i._printf_core) for _printf_core
    printf4.o(i.__0sprintf$4) refers to printf4.o(i._sputc) for _sputc
    printf4.o(i.__0vfprintf$4) refers to printf4.o(i._printf_core) for _printf_core
    printf4.o(i.__0vfprintf$4) refers to log.o(.text) for fputc
    printf4.o(i.__0vprintf$4) refers to printf4.o(i._printf_core) for _printf_core
    printf4.o(i.__0vprintf$4) refers to log.o(.text) for fputc
    printf4.o(i.__0vprintf$4) refers to stdout.o(.data) for __stdout
    printf4.o(i.__0vsnprintf$4) refers to printf4.o(i._printf_core) for _printf_core
    printf4.o(i.__0vsnprintf$4) refers to printf4.o(i._snputc) for _snputc
    printf4.o(i.__0vsprintf$4) refers to printf4.o(i._printf_core) for _printf_core
    printf4.o(i.__0vsprintf$4) refers to printf4.o(i._sputc) for _sputc
    printf4.o(i._printf_core) refers to uldiv.o(.text) for __aeabi_uldivmod
    printf5.o(i.__0fprintf$5) refers to printf5.o(i._printf_core) for _printf_core
    printf5.o(i.__0fprintf$5) refers to log.o(.text) for fputc
    printf5.o(i.__0printf$5) refers to printf5.o(i._printf_core) for _printf_core
    printf5.o(i.__0printf$5) refers to log.o(.text) for fputc
    printf5.o(i.__0printf$5) refers to stdout.o(.data) for __stdout
    printf5.o(i.__0snprintf$5) refers to printf5.o(i._printf_core) for _printf_core
    printf5.o(i.__0snprintf$5) refers to printf5.o(i._snputc) for _snputc
    printf5.o(i.__0sprintf$5) refers to printf5.o(i._printf_core) for _printf_core
    printf5.o(i.__0sprintf$5) refers to printf5.o(i._sputc) for _sputc
    printf5.o(i.__0vfprintf$5) refers to printf5.o(i._printf_core) for _printf_core
    printf5.o(i.__0vfprintf$5) refers to log.o(.text) for fputc
    printf5.o(i.__0vprintf$5) refers to printf5.o(i._printf_core) for _printf_core
    printf5.o(i.__0vprintf$5) refers to log.o(.text) for fputc
    printf5.o(i.__0vprintf$5) refers to stdout.o(.data) for __stdout
    printf5.o(i.__0vsnprintf$5) refers to printf5.o(i._printf_core) for _printf_core
    printf5.o(i.__0vsnprintf$5) refers to printf5.o(i._snputc) for _snputc
    printf5.o(i.__0vsprintf$5) refers to printf5.o(i._printf_core) for _printf_core
    printf5.o(i.__0vsprintf$5) refers to printf5.o(i._sputc) for _sputc
    printf5.o(i._printf_core) refers to uldiv.o(.text) for __aeabi_uldivmod
    printf6.o(i.__0fprintf$6) refers to printf6.o(i._printf_core) for _printf_core
    printf6.o(i.__0fprintf$6) refers to log.o(.text) for fputc
    printf6.o(i.__0printf$6) refers to printf6.o(i._printf_core) for _printf_core
    printf6.o(i.__0printf$6) refers to log.o(.text) for fputc
    printf6.o(i.__0printf$6) refers to stdout.o(.data) for __stdout
    printf6.o(i.__0snprintf$6) refers to printf6.o(i._printf_core) for _printf_core
    printf6.o(i.__0snprintf$6) refers to printf6.o(i._snputc) for _snputc
    printf6.o(i.__0sprintf$6) refers to printf6.o(i._printf_core) for _printf_core
    printf6.o(i.__0sprintf$6) refers to printf6.o(i._sputc) for _sputc
    printf6.o(i.__0vfprintf$6) refers to printf6.o(i._printf_core) for _printf_core
    printf6.o(i.__0vfprintf$6) refers to log.o(.text) for fputc
    printf6.o(i.__0vprintf$6) refers to printf6.o(i._printf_core) for _printf_core
    printf6.o(i.__0vprintf$6) refers to log.o(.text) for fputc
    printf6.o(i.__0vprintf$6) refers to stdout.o(.data) for __stdout
    printf6.o(i.__0vsnprintf$6) refers to printf6.o(i._printf_core) for _printf_core
    printf6.o(i.__0vsnprintf$6) refers to printf6.o(i._snputc) for _snputc
    printf6.o(i.__0vsprintf$6) refers to printf6.o(i._printf_core) for _printf_core
    printf6.o(i.__0vsprintf$6) refers to printf6.o(i._sputc) for _sputc
    printf6.o(i._printf_core) refers to printf6.o(i._printf_pre_padding) for _printf_pre_padding
    printf6.o(i._printf_core) refers to uidiv.o(.text) for __aeabi_uidivmod
    printf6.o(i._printf_core) refers to printf6.o(i._printf_post_padding) for _printf_post_padding
    printf7.o(i.__0fprintf$7) refers to printf7.o(i._printf_core) for _printf_core
    printf7.o(i.__0fprintf$7) refers to log.o(.text) for fputc
    printf7.o(i.__0printf$7) refers to printf7.o(i._printf_core) for _printf_core
    printf7.o(i.__0printf$7) refers to log.o(.text) for fputc
    printf7.o(i.__0printf$7) refers to stdout.o(.data) for __stdout
    printf7.o(i.__0snprintf$7) refers to printf7.o(i._printf_core) for _printf_core
    printf7.o(i.__0snprintf$7) refers to printf7.o(i._snputc) for _snputc
    printf7.o(i.__0sprintf$7) refers to printf7.o(i._printf_core) for _printf_core
    printf7.o(i.__0sprintf$7) refers to printf7.o(i._sputc) for _sputc
    printf7.o(i.__0vfprintf$7) refers to printf7.o(i._printf_core) for _printf_core
    printf7.o(i.__0vfprintf$7) refers to log.o(.text) for fputc
    printf7.o(i.__0vprintf$7) refers to printf7.o(i._printf_core) for _printf_core
    printf7.o(i.__0vprintf$7) refers to log.o(.text) for fputc
    printf7.o(i.__0vprintf$7) refers to stdout.o(.data) for __stdout
    printf7.o(i.__0vsnprintf$7) refers to printf7.o(i._printf_core) for _printf_core
    printf7.o(i.__0vsnprintf$7) refers to printf7.o(i._snputc) for _snputc
    printf7.o(i.__0vsprintf$7) refers to printf7.o(i._printf_core) for _printf_core
    printf7.o(i.__0vsprintf$7) refers to printf7.o(i._sputc) for _sputc
    printf7.o(i._printf_core) refers to printf7.o(i._printf_pre_padding) for _printf_pre_padding
    printf7.o(i._printf_core) refers to uldiv.o(.text) for __aeabi_uldivmod
    printf7.o(i._printf_core) refers to printf7.o(i._printf_post_padding) for _printf_post_padding
    printf8.o(i.__0fprintf$8) refers to printf8.o(i._printf_core) for _printf_core
    printf8.o(i.__0fprintf$8) refers to log.o(.text) for fputc
    printf8.o(i.__0printf$8) refers to printf8.o(i._printf_core) for _printf_core
    printf8.o(i.__0printf$8) refers to log.o(.text) for fputc
    printf8.o(i.__0printf$8) refers to stdout.o(.data) for __stdout
    printf8.o(i.__0snprintf$8) refers to printf8.o(i._printf_core) for _printf_core
    printf8.o(i.__0snprintf$8) refers to printf8.o(i._snputc) for _snputc
    printf8.o(i.__0sprintf$8) refers to printf8.o(i._printf_core) for _printf_core
    printf8.o(i.__0sprintf$8) refers to printf8.o(i._sputc) for _sputc
    printf8.o(i.__0vfprintf$8) refers to printf8.o(i._printf_core) for _printf_core
    printf8.o(i.__0vfprintf$8) refers to log.o(.text) for fputc
    printf8.o(i.__0vprintf$8) refers to printf8.o(i._printf_core) for _printf_core
    printf8.o(i.__0vprintf$8) refers to log.o(.text) for fputc
    printf8.o(i.__0vprintf$8) refers to stdout.o(.data) for __stdout
    printf8.o(i.__0vsnprintf$8) refers to printf8.o(i._printf_core) for _printf_core
    printf8.o(i.__0vsnprintf$8) refers to printf8.o(i._snputc) for _snputc
    printf8.o(i.__0vsprintf$8) refers to printf8.o(i._printf_core) for _printf_core
    printf8.o(i.__0vsprintf$8) refers to printf8.o(i._sputc) for _sputc
    printf8.o(i._printf_core) refers to printf8.o(i._printf_pre_padding) for _printf_pre_padding
    printf8.o(i._printf_core) refers to uldiv.o(.text) for __aeabi_uldivmod
    printf8.o(i._printf_core) refers to printf8.o(i._printf_post_padding) for _printf_post_padding
    printfa.o(i.__0fprintf) refers (Special) to iusefp.o(.text) for __I$use$fp
    printfa.o(i.__0fprintf) refers to printfa.o(i._printf_core) for _printf_core
    printfa.o(i.__0fprintf) refers to log.o(.text) for fputc
    printfa.o(i.__0printf) refers (Special) to iusefp.o(.text) for __I$use$fp
    printfa.o(i.__0printf) refers to printfa.o(i._printf_core) for _printf_core
    printfa.o(i.__0printf) refers to log.o(.text) for fputc
    printfa.o(i.__0printf) refers to stdout.o(.data) for __stdout
    printfa.o(i.__0snprintf) refers (Special) to iusefp.o(.text) for __I$use$fp
    printfa.o(i.__0snprintf) refers to printfa.o(i._printf_core) for _printf_core
    printfa.o(i.__0snprintf) refers to printfa.o(i._snputc) for _snputc
    printfa.o(i.__0sprintf) refers (Special) to iusefp.o(.text) for __I$use$fp
    printfa.o(i.__0sprintf) refers to printfa.o(i._printf_core) for _printf_core
    printfa.o(i.__0sprintf) refers to printfa.o(i._sputc) for _sputc
    printfa.o(i.__0vfprintf) refers (Special) to iusefp.o(.text) for __I$use$fp
    printfa.o(i.__0vfprintf) refers to printfa.o(i._printf_core) for _printf_core
    printfa.o(i.__0vfprintf) refers to log.o(.text) for fputc
    printfa.o(i.__0vprintf) refers (Special) to iusefp.o(.text) for __I$use$fp
    printfa.o(i.__0vprintf) refers to printfa.o(i._printf_core) for _printf_core
    printfa.o(i.__0vprintf) refers to log.o(.text) for fputc
    printfa.o(i.__0vprintf) refers to stdout.o(.data) for __stdout
    printfa.o(i.__0vsnprintf) refers (Special) to iusefp.o(.text) for __I$use$fp
    printfa.o(i.__0vsnprintf) refers to printfa.o(i._printf_core) for _printf_core
    printfa.o(i.__0vsnprintf) refers to printfa.o(i._snputc) for _snputc
    printfa.o(i.__0vsprintf) refers (Special) to iusefp.o(.text) for __I$use$fp
    printfa.o(i.__0vsprintf) refers to printfa.o(i._printf_core) for _printf_core
    printfa.o(i.__0vsprintf) refers to printfa.o(i._sputc) for _sputc
    printfa.o(i._fp_digits) refers (Special) to iusefp.o(.text) for __I$use$fp
    printfa.o(i._fp_digits) refers to dmul.o(.text) for __aeabi_dmul
    printfa.o(i._fp_digits) refers to ddiv.o(.text) for __aeabi_ddiv
    printfa.o(i._fp_digits) refers to cdrcmple.o(.text) for __aeabi_cdrcmple
    printfa.o(i._fp_digits) refers to dadd.o(.text) for __aeabi_dadd
    printfa.o(i._fp_digits) refers to dfixul.o(.text) for __aeabi_d2ulz
    printfa.o(i._fp_digits) refers to uldiv.o(.text) for __aeabi_uldivmod
    printfa.o(i._printf_core) refers (Special) to iusefp.o(.text) for __I$use$fp
    printfa.o(i._printf_core) refers to printfa.o(i._printf_pre_padding) for _printf_pre_padding
    printfa.o(i._printf_core) refers to uldiv.o(.text) for __aeabi_uldivmod
    printfa.o(i._printf_core) refers to printfa.o(i._printf_post_padding) for _printf_post_padding
    printfa.o(i._printf_core) refers to printfa.o(i._fp_digits) for _fp_digits
    printfa.o(i._printf_core) refers to uidiv.o(.text) for __aeabi_uidivmod
    printfa.o(i._printf_post_padding) refers (Special) to iusefp.o(.text) for __I$use$fp
    printfa.o(i._printf_pre_padding) refers (Special) to iusefp.o(.text) for __I$use$fp
    printfa.o(i._snputc) refers (Special) to iusefp.o(.text) for __I$use$fp
    printfa.o(i._sputc) refers (Special) to iusefp.o(.text) for __I$use$fp
    entry2.o(.ARM.Collect$$$$00000001) refers to entry2.o(.ARM.Collect$$$$00002712) for __lit__00000000
    entry2.o(.ARM.Collect$$$$00002712) refers to startup_n32g430.o(STACK) for __initial_sp
    entry2.o(__vectab_stack_and_reset_area) refers to startup_n32g430.o(STACK) for __initial_sp
    entry2.o(__vectab_stack_and_reset_area) refers to entry.o(.ARM.Collect$$$$00000000) for __main
    entry5.o(.ARM.Collect$$$$00000004) refers to init.o(.text) for __scatterload
    entry9a.o(.ARM.Collect$$$$0000000B) refers to main.o(.text) for main
    entry9b.o(.ARM.Collect$$$$0000000C) refers to main.o(.text) for main
    uldiv.o(.text) refers to llushr.o(.text) for __aeabi_llsr
    uldiv.o(.text) refers to llshl.o(.text) for __aeabi_llsl
    dadd.o(.text) refers to llshl.o(.text) for __aeabi_llsl
    dadd.o(.text) refers to llsshr.o(.text) for __aeabi_lasr
    dadd.o(.text) refers to depilogue.o(.text) for _double_epilogue
    dmul.o(.text) refers to depilogue.o(.text) for _double_epilogue
    ddiv.o(.text) refers to depilogue.o(.text) for _double_round
    dfixul.o(.text) refers to llushr.o(.text) for __aeabi_llsr
    dfixul.o(.text) refers to llshl.o(.text) for __aeabi_llsl
    init.o(.text) refers to entry5.o(.ARM.Collect$$$$00000004) for __main_after_scatterload
    depilogue.o(.text) refers to llshl.o(.text) for __aeabi_llsl
    depilogue.o(.text) refers to llushr.o(.text) for __aeabi_llsr


==============================================================================

Removing Unused input sections from the image.

    Removing startup_n32g430.o(HEAP), (768 bytes).
    Removing system_n32g430.o(.rev16_text), (4 bytes).
    Removing system_n32g430.o(.revsh_text), (4 bytes).
    Removing system_n32g430.o(.rrx_text), (6 bytes).
    Removing misc.o(.rev16_text), (4 bytes).
    Removing misc.o(.revsh_text), (4 bytes).
    Removing misc.o(.rrx_text), (6 bytes).
    Removing misc.o(.text), (216 bytes).
    Removing n32g430_adc.o(.rev16_text), (4 bytes).
    Removing n32g430_adc.o(.revsh_text), (4 bytes).
    Removing n32g430_adc.o(.rrx_text), (6 bytes).
    Removing n32g430_rcc.o(.rev16_text), (4 bytes).
    Removing n32g430_rcc.o(.revsh_text), (4 bytes).
    Removing n32g430_rcc.o(.rrx_text), (6 bytes).
    Removing n32g430_gpio.o(.rev16_text), (4 bytes).
    Removing n32g430_gpio.o(.revsh_text), (4 bytes).
    Removing n32g430_gpio.o(.rrx_text), (6 bytes).
    Removing n32g430_dma.o(.rev16_text), (4 bytes).
    Removing n32g430_dma.o(.revsh_text), (4 bytes).
    Removing n32g430_dma.o(.rrx_text), (6 bytes).
    Removing n32g430_usart.o(.rev16_text), (4 bytes).
    Removing n32g430_usart.o(.revsh_text), (4 bytes).
    Removing n32g430_usart.o(.rrx_text), (6 bytes).
    Removing main.o(.rev16_text), (4 bytes).
    Removing main.o(.revsh_text), (4 bytes).
    Removing main.o(.rrx_text), (6 bytes).
    Removing n32g430_it.o(.rev16_text), (4 bytes).
    Removing n32g430_it.o(.revsh_text), (4 bytes).
    Removing n32g430_it.o(.rrx_text), (6 bytes).
    Removing adc.o(.rev16_text), (4 bytes).
    Removing adc.o(.revsh_text), (4 bytes).
    Removing adc.o(.rrx_text), (6 bytes).
    Removing delay.o(.rev16_text), (4 bytes).
    Removing delay.o(.revsh_text), (4 bytes).
    Removing delay.o(.rrx_text), (6 bytes).
    Removing log.o(.rev16_text), (4 bytes).
    Removing log.o(.revsh_text), (4 bytes).
    Removing log.o(.rrx_text), (6 bytes).
    Removing dadd.o(.text), (334 bytes).
    Removing dmul.o(.text), (228 bytes).
    Removing ddiv.o(.text), (222 bytes).
    Removing dfixul.o(.text), (48 bytes).
    Removing cdrcmple.o(.text), (48 bytes).
    Removing depilogue.o(.text), (186 bytes).

44 unused section(s) (total 2218 bytes) removed from the image.

==============================================================================

Image Symbol Table

    Local Symbols

    Symbol Name                              Value     Ov Type        Size  Object(Section)

    ../clib/microlib/division.c              0x00000000   Number         0  uldiv.o ABSOLUTE
    ../clib/microlib/division.c              0x00000000   Number         0  uidiv.o ABSOLUTE
    ../clib/microlib/init/entry.s            0x00000000   Number         0  entry10a.o ABSOLUTE
    ../clib/microlib/init/entry.s            0x00000000   Number         0  entry12a.o ABSOLUTE
    ../clib/microlib/init/entry.s            0x00000000   Number         0  entry12b.o ABSOLUTE
    ../clib/microlib/init/entry.s            0x00000000   Number         0  entry11b.o ABSOLUTE
    ../clib/microlib/init/entry.s            0x00000000   Number         0  entry11a.o ABSOLUTE
    ../clib/microlib/init/entry.s            0x00000000   Number         0  entry10b.o ABSOLUTE
    ../clib/microlib/init/entry.s            0x00000000   Number         0  entry9a.o ABSOLUTE
    ../clib/microlib/init/entry.s            0x00000000   Number         0  entry2.o ABSOLUTE
    ../clib/microlib/init/entry.s            0x00000000   Number         0  entry9b.o ABSOLUTE
    ../clib/microlib/init/entry.s            0x00000000   Number         0  entry8b.o ABSOLUTE
    ../clib/microlib/init/entry.s            0x00000000   Number         0  entry8a.o ABSOLUTE
    ../clib/microlib/init/entry.s            0x00000000   Number         0  entry7b.o ABSOLUTE
    ../clib/microlib/init/entry.s            0x00000000   Number         0  entry7a.o ABSOLUTE
    ../clib/microlib/init/entry.s            0x00000000   Number         0  entry.o ABSOLUTE
    ../clib/microlib/init/entry.s            0x00000000   Number         0  entry5.o ABSOLUTE
    ../clib/microlib/longlong.c              0x00000000   Number         0  llsshr.o ABSOLUTE
    ../clib/microlib/longlong.c              0x00000000   Number         0  llushr.o ABSOLUTE
    ../clib/microlib/longlong.c              0x00000000   Number         0  llshl.o ABSOLUTE
    ../clib/microlib/printf/printf.c         0x00000000   Number         0  printf5.o ABSOLUTE
    ../clib/microlib/printf/printf.c         0x00000000   Number         0  printf3.o ABSOLUTE
    ../clib/microlib/printf/printf.c         0x00000000   Number         0  printf2.o ABSOLUTE
    ../clib/microlib/printf/printf.c         0x00000000   Number         0  printf1.o ABSOLUTE
    ../clib/microlib/printf/printf.c         0x00000000   Number         0  printfa.o ABSOLUTE
    ../clib/microlib/printf/printf.c         0x00000000   Number         0  printf0.o ABSOLUTE
    ../clib/microlib/printf/printf.c         0x00000000   Number         0  printfb.o ABSOLUTE
    ../clib/microlib/printf/printf.c         0x00000000   Number         0  printf7.o ABSOLUTE
    ../clib/microlib/printf/printf.c         0x00000000   Number         0  printf4.o ABSOLUTE
    ../clib/microlib/printf/printf.c         0x00000000   Number         0  printf6.o ABSOLUTE
    ../clib/microlib/printf/printf.c         0x00000000   Number         0  printf8.o ABSOLUTE
    ../clib/microlib/printf/stubs.s          0x00000000   Number         0  stubs.o ABSOLUTE
    ../clib/microlib/stdio/streams.c         0x00000000   Number         0  stdout.o ABSOLUTE
    ../clib/microlib/stubs.s                 0x00000000   Number         0  iusefp.o ABSOLUTE
    ../fplib/microlib/fpadd.c                0x00000000   Number         0  dadd.o ABSOLUTE
    ../fplib/microlib/fpdiv.c                0x00000000   Number         0  ddiv.o ABSOLUTE
    ../fplib/microlib/fpepilogue.c           0x00000000   Number         0  depilogue.o ABSOLUTE
    ../fplib/microlib/fpfix.c                0x00000000   Number         0  dfixul.o ABSOLUTE
    ../fplib/microlib/fpmul.c                0x00000000   Number         0  dmul.o ABSOLUTE
    ..\..\..\..\..\..\firmware\CMSIS\device\startup\startup_n32g430.s 0x00000000   Number         0  startup_n32g430.o ABSOLUTE
    ..\..\..\..\..\..\firmware\CMSIS\device\system_n32g430.c 0x00000000   Number         0  system_n32g430.o ABSOLUTE
    ..\..\..\..\..\..\firmware\n32g430_std_periph_driver\src\misc.c 0x00000000   Number         0  misc.o ABSOLUTE
    ..\..\..\..\..\..\firmware\n32g430_std_periph_driver\src\n32g430_adc.c 0x00000000   Number         0  n32g430_adc.o ABSOLUTE
    ..\..\..\..\..\..\firmware\n32g430_std_periph_driver\src\n32g430_dma.c 0x00000000   Number         0  n32g430_dma.o ABSOLUTE
    ..\..\..\..\..\..\firmware\n32g430_std_periph_driver\src\n32g430_gpio.c 0x00000000   Number         0  n32g430_gpio.o ABSOLUTE
    ..\..\..\..\..\..\firmware\n32g430_std_periph_driver\src\n32g430_rcc.c 0x00000000   Number         0  n32g430_rcc.o ABSOLUTE
    ..\..\..\..\..\..\firmware\n32g430_std_periph_driver\src\n32g430_usart.c 0x00000000   Number         0  n32g430_usart.o ABSOLUTE
    ..\\..\\..\\..\\..\\..\\firmware\\CMSIS\\device\\system_n32g430.c 0x00000000   Number         0  system_n32g430.o ABSOLUTE
    ..\\..\\..\\..\\..\\..\\firmware\\n32g430_std_periph_driver\\src\\misc.c 0x00000000   Number         0  misc.o ABSOLUTE
    ..\\..\\..\\..\\..\\..\\firmware\\n32g430_std_periph_driver\\src\\n32g430_adc.c 0x00000000   Number         0  n32g430_adc.o ABSOLUTE
    ..\\..\\..\\..\\..\\..\\firmware\\n32g430_std_periph_driver\\src\\n32g430_dma.c 0x00000000   Number         0  n32g430_dma.o ABSOLUTE
    ..\\..\\..\\..\\..\\..\\firmware\\n32g430_std_periph_driver\\src\\n32g430_gpio.c 0x00000000   Number         0  n32g430_gpio.o ABSOLUTE
    ..\\..\\..\\..\\..\\..\\firmware\\n32g430_std_periph_driver\\src\\n32g430_rcc.c 0x00000000   Number         0  n32g430_rcc.o ABSOLUTE
    ..\\..\\..\\..\\..\\..\\firmware\\n32g430_std_periph_driver\\src\\n32g430_usart.c 0x00000000   Number         0  n32g430_usart.o ABSOLUTE
    ..\\src\\adc.c                           0x00000000   Number         0  adc.o ABSOLUTE
    ..\\src\\delay.c                         0x00000000   Number         0  delay.o ABSOLUTE
    ..\\src\\log.c                           0x00000000   Number         0  log.o ABSOLUTE
    ..\\src\\main.c                          0x00000000   Number         0  main.o ABSOLUTE
    ..\\src\\n32g430_it.c                    0x00000000   Number         0  n32g430_it.o ABSOLUTE
    ..\src\adc.c                             0x00000000   Number         0  adc.o ABSOLUTE
    ..\src\delay.c                           0x00000000   Number         0  delay.o ABSOLUTE
    ..\src\log.c                             0x00000000   Number         0  log.o ABSOLUTE
    ..\src\main.c                            0x00000000   Number         0  main.o ABSOLUTE
    ..\src\n32g430_it.c                      0x00000000   Number         0  n32g430_it.o ABSOLUTE
    cdrcmple.s                               0x00000000   Number         0  cdrcmple.o ABSOLUTE
    dc.s                                     0x00000000   Number         0  dc.o ABSOLUTE
    handlers.s                               0x00000000   Number         0  handlers.o ABSOLUTE
    init.s                                   0x00000000   Number         0  init.o ABSOLUTE
    RESET                                    0x08000000   Section      276  startup_n32g430.o(RESET)
    .ARM.Collect$$$$00000000                 0x08000114   Section        0  entry.o(.ARM.Collect$$$$00000000)
    .ARM.Collect$$$$00000001                 0x08000114   Section        4  entry2.o(.ARM.Collect$$$$00000001)
    .ARM.Collect$$$$00000004                 0x08000118   Section        4  entry5.o(.ARM.Collect$$$$00000004)
    .ARM.Collect$$$$00000008                 0x0800011c   Section        0  entry7b.o(.ARM.Collect$$$$00000008)
    .ARM.Collect$$$$0000000A                 0x0800011c   Section        0  entry8b.o(.ARM.Collect$$$$0000000A)
    .ARM.Collect$$$$0000000B                 0x0800011c   Section        8  entry9a.o(.ARM.Collect$$$$0000000B)
    .ARM.Collect$$$$0000000E                 0x08000124   Section        4  entry12b.o(.ARM.Collect$$$$0000000E)
    .ARM.Collect$$$$0000000F                 0x08000128   Section        0  entry10a.o(.ARM.Collect$$$$0000000F)
    .ARM.Collect$$$$00000011                 0x08000128   Section        0  entry11a.o(.ARM.Collect$$$$00000011)
    .ARM.Collect$$$$00002712                 0x08000128   Section        4  entry2.o(.ARM.Collect$$$$00002712)
    __lit__00000000                          0x08000128   Data           4  entry2.o(.ARM.Collect$$$$00002712)
    .text                                    0x0800012c   Section       36  startup_n32g430.o(.text)
    $v0                                      0x0800012c   Number         0  startup_n32g430.o(.text)
    .text                                    0x08000150   Section        0  system_n32g430.o(.text)
    System_Clock_Set                         0x08000151   Thumb Code   254  system_n32g430.o(.text)
    .text                                    0x080003c4   Section        0  n32g430_adc.o(.text)
    .text                                    0x08000c00   Section        0  n32g430_rcc.o(.text)
    .text                                    0x080012c8   Section        0  n32g430_gpio.o(.text)
    .text                                    0x08001bb4   Section        0  n32g430_dma.o(.text)
    .text                                    0x08001dfc   Section        0  n32g430_usart.o(.text)
    .text                                    0x080021d0   Section        0  main.o(.text)
    .text                                    0x08002218   Section        0  n32g430_it.o(.text)
    .text                                    0x08002230   Section        0  adc.o(.text)
    .text                                    0x0800236c   Section        0  delay.o(.text)
    .text                                    0x080023f8   Section        0  log.o(.text)
    .text                                    0x08002568   Section        0  uldiv.o(.text)
    .text                                    0x080025cc   Section       36  init.o(.text)
    .text                                    0x080025f0   Section        0  llshl.o(.text)
    .text                                    0x0800260e   Section        0  llushr.o(.text)
    i.__0printf$8                            0x08002630   Section        0  printf8.o(i.__0printf$8)
    i.__scatterload_copy                     0x08002650   Section       14  handlers.o(i.__scatterload_copy)
    i.__scatterload_null                     0x0800265e   Section        2  handlers.o(i.__scatterload_null)
    i.__scatterload_zeroinit                 0x08002660   Section       14  handlers.o(i.__scatterload_zeroinit)
    i._printf_core                           0x08002670   Section        0  printf8.o(i._printf_core)
    _printf_core                             0x08002671   Thumb Code   984  printf8.o(i._printf_core)
    i._printf_post_padding                   0x08002a74   Section        0  printf8.o(i._printf_post_padding)
    _printf_post_padding                     0x08002a75   Thumb Code    36  printf8.o(i._printf_post_padding)
    i._printf_pre_padding                    0x08002a98   Section        0  printf8.o(i._printf_pre_padding)
    _printf_pre_padding                      0x08002a99   Thumb Code    46  printf8.o(i._printf_pre_padding)
    .constdata                               0x08002ac6   Section       16  system_n32g430.o(.constdata)
    .constdata                               0x08002ad6   Section       64  n32g430_rcc.o(.constdata)
    APBAHBPresTable                          0x08002ad6   Data          16  n32g430_rcc.o(.constdata)
    ADCHCLKPresTable                         0x08002ae6   Data          16  n32g430_rcc.o(.constdata)
    ADCPLLCLKPresTable                       0x08002af6   Data          32  n32g430_rcc.o(.constdata)
    .data                                    0x20000000   Section        4  system_n32g430.o(.data)
    .data                                    0x20000004   Section       12  n32g430_adc.o(.data)
    .data                                    0x20000010   Section        4  log.o(.data)
    is_lr_sent                               0x20000010   Data           4  log.o(.data)
    .data                                    0x20000014   Section        4  stdout.o(.data)
    .bss                                     0x20000018   Section       72  adc.o(.bss)
    STACK                                    0x20000060   Section     5376  startup_n32g430.o(STACK)

    Global Symbols

    Symbol Name                              Value     Ov Type        Size  Object(Section)

    BuildAttributes$$THM_ISAv4$E$P$D$K$B$S$7EM$VFPi3$EXTD16$VFPS$VFMA$PE$A:L22UL41UL21$X:L11$S22US41US21$IEEE1$IW$USESV6$~STKCKD$USESV7$~SHL$OSPACE$ROPI$EBA8$MICROLIB$REQ8$PRES8$EABIv2 0x00000000   Number         0  anon$$obj.o ABSOLUTE
    __ARM_use_no_argv                        0x00000000   Number         0  main.o ABSOLUTE
    _printf_a                                0x00000000   Number         0  stubs.o ABSOLUTE
    _printf_c                                0x00000000   Number         0  stubs.o ABSOLUTE
    _printf_charcount                        0x00000000   Number         0  stubs.o ABSOLUTE
    _printf_d                                0x00000000   Number         0  stubs.o ABSOLUTE
    _printf_e                                0x00000000   Number         0  stubs.o ABSOLUTE
    _printf_f                                0x00000000   Number         0  stubs.o ABSOLUTE
    _printf_flags                            0x00000000   Number         0  stubs.o ABSOLUTE
    _printf_fp_dec                           0x00000000   Number         0  stubs.o ABSOLUTE
    _printf_fp_hex                           0x00000000   Number         0  stubs.o ABSOLUTE
    _printf_g                                0x00000000   Number         0  stubs.o ABSOLUTE
    _printf_i                                0x00000000   Number         0  stubs.o ABSOLUTE
    _printf_int_dec                          0x00000000   Number         0  stubs.o ABSOLUTE
    _printf_l                                0x00000000   Number         0  stubs.o ABSOLUTE
    _printf_lc                               0x00000000   Number         0  stubs.o ABSOLUTE
    _printf_ll                               0x00000000   Number         0  stubs.o ABSOLUTE
    _printf_lld                              0x00000000   Number         0  stubs.o ABSOLUTE
    _printf_lli                              0x00000000   Number         0  stubs.o ABSOLUTE
    _printf_llo                              0x00000000   Number         0  stubs.o ABSOLUTE
    _printf_llu                              0x00000000   Number         0  stubs.o ABSOLUTE
    _printf_llx                              0x00000000   Number         0  stubs.o ABSOLUTE
    _printf_longlong_dec                     0x00000000   Number         0  stubs.o ABSOLUTE
    _printf_longlong_hex                     0x00000000   Number         0  stubs.o ABSOLUTE
    _printf_longlong_oct                     0x00000000   Number         0  stubs.o ABSOLUTE
    _printf_ls                               0x00000000   Number         0  stubs.o ABSOLUTE
    _printf_mbtowc                           0x00000000   Number         0  stubs.o ABSOLUTE
    _printf_n                                0x00000000   Number         0  stubs.o ABSOLUTE
    _printf_o                                0x00000000   Number         0  stubs.o ABSOLUTE
    _printf_p                                0x00000000   Number         0  stubs.o ABSOLUTE
    _printf_percent                          0x00000000   Number         0  stubs.o ABSOLUTE
    _printf_pre_padding                      0x00000000   Number         0  stubs.o ABSOLUTE
    _printf_return_value                     0x00000000   Number         0  stubs.o ABSOLUTE
    _printf_s                                0x00000000   Number         0  stubs.o ABSOLUTE
    _printf_sizespec                         0x00000000   Number         0  stubs.o ABSOLUTE
    _printf_str                              0x00000000   Number         0  stubs.o ABSOLUTE
    _printf_truncate_signed                  0x00000000   Number         0  stubs.o ABSOLUTE
    _printf_truncate_unsigned                0x00000000   Number         0  stubs.o ABSOLUTE
    _printf_u                                0x00000000   Number         0  stubs.o ABSOLUTE
    _printf_wc                               0x00000000   Number         0  stubs.o ABSOLUTE
    _printf_wctomb                           0x00000000   Number         0  stubs.o ABSOLUTE
    _printf_widthprec                        0x00000000   Number         0  stubs.o ABSOLUTE
    _printf_x                                0x00000000   Number         0  stubs.o ABSOLUTE
    __arm_fini_                               - Undefined Weak Reference
    __cpp_initialize__aeabi_                  - Undefined Weak Reference
    __cxa_finalize                            - Undefined Weak Reference
    __decompress                              - Undefined Weak Reference
    _clock_init                               - Undefined Weak Reference
    _microlib_exit                            - Undefined Weak Reference
    __Vectors_Size                           0x00000114   Number         0  startup_n32g430.o ABSOLUTE
    __Vectors                                0x08000000   Data           4  startup_n32g430.o(RESET)
    __Vectors_End                            0x08000114   Data           0  startup_n32g430.o(RESET)
    __main                                   0x08000115   Thumb Code     0  entry.o(.ARM.Collect$$$$00000000)
    _main_stk                                0x08000115   Thumb Code     0  entry2.o(.ARM.Collect$$$$00000001)
    _main_scatterload                        0x08000119   Thumb Code     0  entry5.o(.ARM.Collect$$$$00000004)
    __main_after_scatterload                 0x0800011d   Thumb Code     0  entry5.o(.ARM.Collect$$$$00000004)
    _main_clock                              0x0800011d   Thumb Code     0  entry7b.o(.ARM.Collect$$$$00000008)
    _main_cpp_init                           0x0800011d   Thumb Code     0  entry8b.o(.ARM.Collect$$$$0000000A)
    _main_init                               0x0800011d   Thumb Code     0  entry9a.o(.ARM.Collect$$$$0000000B)
    __rt_lib_shutdown_fini                   0x08000125   Thumb Code     0  entry12b.o(.ARM.Collect$$$$0000000E)
    __rt_final_cpp                           0x08000129   Thumb Code     0  entry10a.o(.ARM.Collect$$$$0000000F)
    __rt_final_exit                          0x08000129   Thumb Code     0  entry11a.o(.ARM.Collect$$$$00000011)
    Reset_Handler                            0x0800012d   Thumb Code     8  startup_n32g430.o(.text)
    PendSV_Handler                           0x08000143   Thumb Code     2  startup_n32g430.o(.text)
    ADC_IRQHandler                           0x08000147   Thumb Code     0  startup_n32g430.o(.text)
    CAN_RX0_IRQHandler                       0x08000147   Thumb Code     0  startup_n32g430.o(.text)
    CAN_RX1_IRQHandler                       0x08000147   Thumb Code     0  startup_n32g430.o(.text)
    CAN_SCE_IRQHandler                       0x08000147   Thumb Code     0  startup_n32g430.o(.text)
    CAN_TX_IRQHandler                        0x08000147   Thumb Code     0  startup_n32g430.o(.text)
    COMP_1_2_3_IRQHandler                    0x08000147   Thumb Code     0  startup_n32g430.o(.text)
    DMA_Channel1_IRQHandler                  0x08000147   Thumb Code     0  startup_n32g430.o(.text)
    DMA_Channel2_IRQHandler                  0x08000147   Thumb Code     0  startup_n32g430.o(.text)
    DMA_Channel3_IRQHandler                  0x08000147   Thumb Code     0  startup_n32g430.o(.text)
    DMA_Channel4_IRQHandler                  0x08000147   Thumb Code     0  startup_n32g430.o(.text)
    DMA_Channel5_IRQHandler                  0x08000147   Thumb Code     0  startup_n32g430.o(.text)
    DMA_Channel6_IRQHandler                  0x08000147   Thumb Code     0  startup_n32g430.o(.text)
    DMA_Channel7_IRQHandler                  0x08000147   Thumb Code     0  startup_n32g430.o(.text)
    DMA_Channel8_IRQHandler                  0x08000147   Thumb Code     0  startup_n32g430.o(.text)
    EXTI0_IRQHandler                         0x08000147   Thumb Code     0  startup_n32g430.o(.text)
    EXTI15_10_IRQHandler                     0x08000147   Thumb Code     0  startup_n32g430.o(.text)
    EXTI1_IRQHandler                         0x08000147   Thumb Code     0  startup_n32g430.o(.text)
    EXTI2_IRQHandler                         0x08000147   Thumb Code     0  startup_n32g430.o(.text)
    EXTI3_IRQHandler                         0x08000147   Thumb Code     0  startup_n32g430.o(.text)
    EXTI4_IRQHandler                         0x08000147   Thumb Code     0  startup_n32g430.o(.text)
    EXTI9_5_IRQHandler                       0x08000147   Thumb Code     0  startup_n32g430.o(.text)
    FLASH_IRQHandler                         0x08000147   Thumb Code     0  startup_n32g430.o(.text)
    I2C1_ER_IRQHandler                       0x08000147   Thumb Code     0  startup_n32g430.o(.text)
    I2C1_EV_IRQHandler                       0x08000147   Thumb Code     0  startup_n32g430.o(.text)
    I2C2_ER_IRQHandler                       0x08000147   Thumb Code     0  startup_n32g430.o(.text)
    I2C2_EV_IRQHandler                       0x08000147   Thumb Code     0  startup_n32g430.o(.text)
    LPTIM_WKUP_IRQHandler                    0x08000147   Thumb Code     0  startup_n32g430.o(.text)
    MMU_IRQHandler                           0x08000147   Thumb Code     0  startup_n32g430.o(.text)
    PVD_IRQHandler                           0x08000147   Thumb Code     0  startup_n32g430.o(.text)
    RCC_IRQHandler                           0x08000147   Thumb Code     0  startup_n32g430.o(.text)
    RTCAlarm_IRQHandler                      0x08000147   Thumb Code     0  startup_n32g430.o(.text)
    RTC_TAMPER_STAMP_IRQHandler              0x08000147   Thumb Code     0  startup_n32g430.o(.text)
    RTC_WKUP_IRQHandler                      0x08000147   Thumb Code     0  startup_n32g430.o(.text)
    SPI1_IRQHandler                          0x08000147   Thumb Code     0  startup_n32g430.o(.text)
    SPI2_IRQHandler                          0x08000147   Thumb Code     0  startup_n32g430.o(.text)
    TIM1_BRK_IRQHandler                      0x08000147   Thumb Code     0  startup_n32g430.o(.text)
    TIM1_CC_IRQHandler                       0x08000147   Thumb Code     0  startup_n32g430.o(.text)
    TIM1_TRG_COM_IRQHandler                  0x08000147   Thumb Code     0  startup_n32g430.o(.text)
    TIM1_UP_IRQHandler                       0x08000147   Thumb Code     0  startup_n32g430.o(.text)
    TIM2_IRQHandler                          0x08000147   Thumb Code     0  startup_n32g430.o(.text)
    TIM3_IRQHandler                          0x08000147   Thumb Code     0  startup_n32g430.o(.text)
    TIM4_IRQHandler                          0x08000147   Thumb Code     0  startup_n32g430.o(.text)
    TIM5_IRQHandler                          0x08000147   Thumb Code     0  startup_n32g430.o(.text)
    TIM6_IRQHandler                          0x08000147   Thumb Code     0  startup_n32g430.o(.text)
    TIM8_BRK_IRQHandler                      0x08000147   Thumb Code     0  startup_n32g430.o(.text)
    TIM8_CC_IRQHandler                       0x08000147   Thumb Code     0  startup_n32g430.o(.text)
    TIM8_TRG_COM_IRQHandler                  0x08000147   Thumb Code     0  startup_n32g430.o(.text)
    TIM8_UP_IRQHandler                       0x08000147   Thumb Code     0  startup_n32g430.o(.text)
    UART3_IRQHandler                         0x08000147   Thumb Code     0  startup_n32g430.o(.text)
    UART4_IRQHandler                         0x08000147   Thumb Code     0  startup_n32g430.o(.text)
    USART1_IRQHandler                        0x08000147   Thumb Code     0  startup_n32g430.o(.text)
    USART2_IRQHandler                        0x08000147   Thumb Code     0  startup_n32g430.o(.text)
    WWDG_IRQHandler                          0x08000147   Thumb Code     0  startup_n32g430.o(.text)
    System_Initializes                       0x0800024f   Thumb Code   144  system_n32g430.o(.text)
    System_Clock_Frequency_Update            0x080002df   Thumb Code   182  system_n32g430.o(.text)
    ADC_Vrefint_Get                          0x080003c5   Thumb Code    18  n32g430_adc.o(.text)
    ADC_Reset                                0x080003d7   Thumb Code    12  n32g430_adc.o(.text)
    ADC_Multichannels_Enable                 0x080003e3   Thumb Code    14  n32g430_adc.o(.text)
    ADC_Multichannels_Disable                0x080003f1   Thumb Code    14  n32g430_adc.o(.text)
    ADC_Continue_Conversion_Enable           0x080003ff   Thumb Code    18  n32g430_adc.o(.text)
    ADC_Continue_Conversion_Disable          0x08000411   Thumb Code    18  n32g430_adc.o(.text)
    ADC_Regular_Group_External_Trigger_Source_Config 0x08000423   Thumb Code    26  n32g430_adc.o(.text)
    ADC_Data_Alignment_Config                0x0800043d   Thumb Code    26  n32g430_adc.o(.text)
    ADC_Regular_Channels_Number_Config       0x08000457   Thumb Code    26  n32g430_adc.o(.text)
    ADC_Initializes                          0x08000471   Thumb Code    52  n32g430_adc.o(.text)
    ADC_Initializes_Structure                0x080004a5   Thumb Code    14  n32g430_adc.o(.text)
    ADC_ON                                   0x080004b3   Thumb Code    18  n32g430_adc.o(.text)
    ADC_OFF                                  0x080004c5   Thumb Code    18  n32g430_adc.o(.text)
    ADC_DMA_Transfer_Enable                  0x080004d7   Thumb Code    18  n32g430_adc.o(.text)
    ADC_DMA_Transfer_Disable                 0x080004e9   Thumb Code    18  n32g430_adc.o(.text)
    ADC_Interrupts_Enable                    0x080004fb   Thumb Code    32  n32g430_adc.o(.text)
    ADC_Interrupts_Disable                   0x0800051b   Thumb Code    32  n32g430_adc.o(.text)
    ADC_Calibration_Operation                0x0800053b   Thumb Code    72  n32g430_adc.o(.text)
    ADC_Regular_Channels_Software_Conversion_Operation 0x08000583   Thumb Code    76  n32g430_adc.o(.text)
    ADC_Discontinuous_Mode_Channel_Count_Config 0x080005cf   Thumb Code    22  n32g430_adc.o(.text)
    ADC_Discontinuous_Mode_Config            0x080005e5   Thumb Code    76  n32g430_adc.o(.text)
    ADC_Channel_Sample_Time_Config           0x08000631   Thumb Code   140  n32g430_adc.o(.text)
    ADC_Regular_Sequence_Conversion_Number_Config 0x080006bd   Thumb Code   154  n32g430_adc.o(.text)
    ADC_External_Trigger_Conversion_Config   0x08000757   Thumb Code   110  n32g430_adc.o(.text)
    ADC_Regular_Group_Conversion_Data_Get    0x080007c5   Thumb Code     8  n32g430_adc.o(.text)
    ADC_Injected_Group_Autoconversion_Enable 0x080007cd   Thumb Code    18  n32g430_adc.o(.text)
    ADC_Injected_Group_Autoconversion_Disable 0x080007df   Thumb Code    18  n32g430_adc.o(.text)
    ADC_Injected_Group_External_Trigger_Source_Config 0x080007f1   Thumb Code    26  n32g430_adc.o(.text)
    ADC_Injected_Channels_Software_Conversion_Operation 0x0800080b   Thumb Code    76  n32g430_adc.o(.text)
    ADC_Injected_Sequence_Conversion_Number_Config 0x08000857   Thumb Code    46  n32g430_adc.o(.text)
    ADC_Injected_Channels_Number_Config      0x08000885   Thumb Code    26  n32g430_adc.o(.text)
    ADC_Injected_Channels_Offset_Config      0x0800089f   Thumb Code    24  n32g430_adc.o(.text)
    ADC_Injected_Group_Conversion_Data_Get   0x080008b7   Thumb Code    32  n32g430_adc.o(.text)
    ADC_Analog_Watchdog_Mode_Channel_Config  0x080008d7   Thumb Code    58  n32g430_adc.o(.text)
    ADC_Analog_Watchdog_Enable               0x08000911   Thumb Code    16  n32g430_adc.o(.text)
    ADC_Analog_Watchdog_Disable              0x08000921   Thumb Code    16  n32g430_adc.o(.text)
    ADC_Analog_Watchdog_HighThresholds_Config 0x08000931   Thumb Code     8  n32g430_adc.o(.text)
    ADC_Analog_Watchdog_LowThresholds_Config 0x08000939   Thumb Code     8  n32g430_adc.o(.text)
    ADC_Temperature_Sensor_And_Vrefint_Channel_Enable 0x08000941   Thumb Code    34  n32g430_adc.o(.text)
    ADC_Temperature_Sensor_And_Vrefint_Channel_Disable 0x08000963   Thumb Code    34  n32g430_adc.o(.text)
    ADC_INTFlag_Status_Get                   0x08000985   Thumb Code    20  n32g430_adc.o(.text)
    ADC_Flag_Status_Get                      0x08000999   Thumb Code    42  n32g430_adc.o(.text)
    ADC_INTFlag_Status_Clear                 0x080009c3   Thumb Code    16  n32g430_adc.o(.text)
    ADC_Flag_Status_Clear                    0x080009d3   Thumb Code    16  n32g430_adc.o(.text)
    ADC_Vbat_Monitor_Enable                  0x080009e3   Thumb Code    34  n32g430_adc.o(.text)
    ADC_Vbat_Monitor_Disable                 0x08000a05   Thumb Code    34  n32g430_adc.o(.text)
    ADC_Deep_Power_Mode_Enable               0x08000a27   Thumb Code    18  n32g430_adc.o(.text)
    ADC_Deep_Power_Mode_Disable              0x08000a39   Thumb Code    18  n32g430_adc.o(.text)
    ADC_AHB_Clock_Mode_Config                0x08000a4b   Thumb Code    18  n32g430_adc.o(.text)
    ADC_PLL_Clock_Mode_Config                0x08000a5d   Thumb Code    18  n32g430_adc.o(.text)
    ADC_Calibration_Auto_Load_Enable         0x08000a6f   Thumb Code    18  n32g430_adc.o(.text)
    ADC_Calibration_Auto_Load_Disable        0x08000a81   Thumb Code    18  n32g430_adc.o(.text)
    ADC_Differential_Mode_Enable             0x08000a93   Thumb Code    18  n32g430_adc.o(.text)
    ADC_Differential_Mode_Disable            0x08000aa5   Thumb Code    18  n32g430_adc.o(.text)
    ADC_Data_Resolution_Config               0x08000ab7   Thumb Code    26  n32g430_adc.o(.text)
    ADC_Sample_Time_Level_Config             0x08000ad1   Thumb Code    26  n32g430_adc.o(.text)
    ADC_Initializes_Ex                       0x08000aeb   Thumb Code   134  n32g430_adc.o(.text)
    ADC_Initializes_StructureEx              0x08000b71   Thumb Code    26  n32g430_adc.o(.text)
    ADC_Bypass_Calibration_Enable            0x08000b8b   Thumb Code    18  n32g430_adc.o(.text)
    ADC_Bypass_Calibration_Disable           0x08000b9d   Thumb Code    28  n32g430_adc.o(.text)
    ADC_Differential_Channels_Config         0x08000bb9   Thumb Code    22  n32g430_adc.o(.text)
    ADC_Clock_Mode_Config                    0x08000bcf   Thumb Code    40  n32g430_adc.o(.text)
    RCC_Reset                                0x08000c01   Thumb Code    74  n32g430_rcc.o(.text)
    RCC_HSE_Config                           0x08000c4b   Thumb Code    60  n32g430_rcc.o(.text)
    RCC_Flag_Status_Get                      0x08000c87   Thumb Code    58  n32g430_rcc.o(.text)
    RCC_Clocks_Frequencies_Value_Get         0x08000cc1   Thumb Code   250  n32g430_rcc.o(.text)
    RCC_HSE_Stable_Wait                      0x08000dbb   Thumb Code    78  n32g430_rcc.o(.text)
    RCC_Clock_Security_System_Enable         0x08000e09   Thumb Code     8  n32g430_rcc.o(.text)
    RCC_Clock_Security_System_Disable        0x08000e11   Thumb Code     8  n32g430_rcc.o(.text)
    RCC_HSI_Calibration_Value_Set            0x08000e19   Thumb Code    20  n32g430_rcc.o(.text)
    RCC_HSI_Enable                           0x08000e2d   Thumb Code     8  n32g430_rcc.o(.text)
    RCC_HSI_Disable                          0x08000e35   Thumb Code     8  n32g430_rcc.o(.text)
    RCC_HSI_Stable_Wait                      0x08000e3d   Thumb Code    78  n32g430_rcc.o(.text)
    RCC_PLL_Config                           0x08000e8b   Thumb Code    46  n32g430_rcc.o(.text)
    RCC_PLL_Enable                           0x08000eb9   Thumb Code     8  n32g430_rcc.o(.text)
    RCC_PLL_Disable                          0x08000ec1   Thumb Code     8  n32g430_rcc.o(.text)
    RCC_Sysclk_Config                        0x08000ec9   Thumb Code    18  n32g430_rcc.o(.text)
    RCC_Sysclk_Source_Get                    0x08000edb   Thumb Code    10  n32g430_rcc.o(.text)
    RCC_Hclk_Config                          0x08000ee5   Thumb Code    18  n32g430_rcc.o(.text)
    RCC_Pclk1_Config                         0x08000ef7   Thumb Code    18  n32g430_rcc.o(.text)
    RCC_Pclk2_Config                         0x08000f09   Thumb Code    20  n32g430_rcc.o(.text)
    RCC_Interrupt_Enable                     0x08000f1d   Thumb Code    12  n32g430_rcc.o(.text)
    RCC_Interrupt_Disable                    0x08000f29   Thumb Code    12  n32g430_rcc.o(.text)
    RCC_TIM1_8_Clock_Config                  0x08000f35   Thumb Code    18  n32g430_rcc.o(.text)
    RCC_ADC_1M_Clock_Config                  0x08000f47   Thumb Code    24  n32g430_rcc.o(.text)
    RCC_ADC_PLL_Clock_Prescaler_Enable       0x08000f5f   Thumb Code    18  n32g430_rcc.o(.text)
    RCC_ADC_PLL_Clock_Disable                0x08000f71   Thumb Code    14  n32g430_rcc.o(.text)
    RCC_ADC_Hclk_Config                      0x08000f7f   Thumb Code    18  n32g430_rcc.o(.text)
    RCC_ADC_Hclk_Enable                      0x08000f91   Thumb Code    18  n32g430_rcc.o(.text)
    RCC_ADC_Hclk_Disable                     0x08000fa3   Thumb Code    18  n32g430_rcc.o(.text)
    RCC_LSE_Trim_Config                      0x08000fb5   Thumb Code    38  n32g430_rcc.o(.text)
    RCC_APB1_Peripheral_Clock_Enable         0x08000fdb   Thumb Code    70  n32g430_rcc.o(.text)
    RCC_LSE_Config                           0x08001021   Thumb Code    88  n32g430_rcc.o(.text)
    RCC_LSE_Clock_Security_System_Enable     0x08001079   Thumb Code     8  n32g430_rcc.o(.text)
    RCC_LSE_Clock_Security_System_Disable    0x08001081   Thumb Code     8  n32g430_rcc.o(.text)
    RCC_LSE_Clock_Security_System_Status_Get 0x08001089   Thumb Code    18  n32g430_rcc.o(.text)
    RCC_LSE_Stable_Wait                      0x0800109b   Thumb Code    78  n32g430_rcc.o(.text)
    RCC_LSI_Enable                           0x080010e9   Thumb Code    10  n32g430_rcc.o(.text)
    RCC_LSI_Disable                          0x080010f3   Thumb Code    10  n32g430_rcc.o(.text)
    RCC_LSI_Stable_Wait                      0x080010fd   Thumb Code    78  n32g430_rcc.o(.text)
    RCC_RTC_Clock_Config                     0x0800114b   Thumb Code    22  n32g430_rcc.o(.text)
    RCC_RTC_Clock_Enable                     0x08001161   Thumb Code    10  n32g430_rcc.o(.text)
    RCC_RTC_Clock_Disable                    0x0800116b   Thumb Code    10  n32g430_rcc.o(.text)
    RCC_LPTIM_Clock_Config                   0x08001175   Thumb Code    46  n32g430_rcc.o(.text)
    RCC_LPTIM_Reset                          0x080011a3   Thumb Code    24  n32g430_rcc.o(.text)
    RCC_LPTIM_Enable                         0x080011bb   Thumb Code    14  n32g430_rcc.o(.text)
    RCC_LPTIM_Disable                        0x080011c9   Thumb Code    14  n32g430_rcc.o(.text)
    RCC_AHB_Peripheral_Clock_Enable          0x080011d7   Thumb Code    12  n32g430_rcc.o(.text)
    RCC_AHB_Peripheral_Clock_Disable         0x080011e3   Thumb Code    12  n32g430_rcc.o(.text)
    RCC_APB2_Peripheral_Clock_Enable         0x080011ef   Thumb Code    12  n32g430_rcc.o(.text)
    RCC_APB2_Peripheral_Clock_Disable        0x080011fb   Thumb Code    12  n32g430_rcc.o(.text)
    RCC_APB1_Peripheral_Clock_Disable        0x08001207   Thumb Code    12  n32g430_rcc.o(.text)
    RCC_AHB_Peripheral_Reset                 0x08001213   Thumb Code    20  n32g430_rcc.o(.text)
    RCC_APB2_Peripheral_Reset                0x08001227   Thumb Code    20  n32g430_rcc.o(.text)
    RCC_APB1_Peripheral_Reset                0x0800123b   Thumb Code    20  n32g430_rcc.o(.text)
    RCC_Backup_Reset                         0x0800124f   Thumb Code    14  n32g430_rcc.o(.text)
    RCC_MCO_PLL_Prescaler_Config             0x0800125d   Thumb Code    18  n32g430_rcc.o(.text)
    RCC_MCO_Source_Config                    0x0800126f   Thumb Code    18  n32g430_rcc.o(.text)
    RCC_Reset_Flag_Clear                     0x08001281   Thumb Code    24  n32g430_rcc.o(.text)
    RCC_Interrupt_Status_Get                 0x08001299   Thumb Code    18  n32g430_rcc.o(.text)
    RCC_Interrupt_Status_Clear               0x080012ab   Thumb Code    12  n32g430_rcc.o(.text)
    GPIO_Reset                               0x080012c9   Thumb Code    66  n32g430_gpio.o(.text)
    GPIOA_Pin_Reset                          0x0800130b   Thumb Code   256  n32g430_gpio.o(.text)
    GPIOB_Pin_Reset                          0x0800140b   Thumb Code   230  n32g430_gpio.o(.text)
    GPIOC_Pin_Reset                          0x080014f1   Thumb Code   144  n32g430_gpio.o(.text)
    GPIOD_Pin_Reset                          0x08001581   Thumb Code   194  n32g430_gpio.o(.text)
    AFIO_EXTI_Reset                          0x08001643   Thumb Code    62  n32g430_gpio.o(.text)
    GPIO_ALLPin_Reset                        0x08001681   Thumb Code    36  n32g430_gpio.o(.text)
    GPIO_Alternate_Set                       0x080016a5   Thumb Code    86  n32g430_gpio.o(.text)
    GPIO_Mode_Set                            0x080016fb   Thumb Code    68  n32g430_gpio.o(.text)
    GPIO_Pull_Set                            0x0800173f   Thumb Code    28  n32g430_gpio.o(.text)
    GPIO_SlewRate_Set                        0x0800175b   Thumb Code    24  n32g430_gpio.o(.text)
    GPIO_Driver_Set                          0x08001773   Thumb Code    28  n32g430_gpio.o(.text)
    GPIO_Peripheral_Initialize               0x0800178f   Thumb Code    86  n32g430_gpio.o(.text)
    GPIO_Alternate_Function_Reset            0x080017e5   Thumb Code    10  n32g430_gpio.o(.text)
    GPIO_Structure_Initialize                0x080017ef   Thumb Code    24  n32g430_gpio.o(.text)
    GPIO_Input_Pin_Data_Get                  0x08001807   Thumb Code    16  n32g430_gpio.o(.text)
    GPIO_Input_Data_Get                      0x08001817   Thumb Code     8  n32g430_gpio.o(.text)
    GPIO_Output_Pin_Data_Get                 0x0800181f   Thumb Code    16  n32g430_gpio.o(.text)
    GPIO_Output_Data_Get                     0x0800182f   Thumb Code     8  n32g430_gpio.o(.text)
    GPIO_Pins_Set                            0x08001837   Thumb Code     4  n32g430_gpio.o(.text)
    GPIO_Pins_Reset                          0x0800183b   Thumb Code     4  n32g430_gpio.o(.text)
    GPIO_PBSC_Pins_Reset                     0x0800183f   Thumb Code     8  n32g430_gpio.o(.text)
    GPIO_PBC_Pins_Reset                      0x08001847   Thumb Code     4  n32g430_gpio.o(.text)
    GPIO_Write                               0x0800184b   Thumb Code     4  n32g430_gpio.o(.text)
    GPIO_Pin_Toggle                          0x0800184f   Thumb Code     8  n32g430_gpio.o(.text)
    GPIO_Pin_Lock_Set                        0x08001857   Thumb Code    18  n32g430_gpio.o(.text)
    GPIO_Pin_Remap_Set                       0x08001869   Thumb Code    94  n32g430_gpio.o(.text)
    GPIO_EXTI_Line_Set                       0x080018c7   Thumb Code    56  n32g430_gpio.o(.text)
    AFIO_SPI_NSS_Mode_Set                    0x080018ff   Thumb Code    30  n32g430_gpio.o(.text)
    AFIO_ADC_External_Trigger_Remap_Set      0x0800191d   Thumb Code    82  n32g430_gpio.o(.text)
    AFIO_5V_Tolerance_Enable                 0x0800196f   Thumb Code    16  n32g430_gpio.o(.text)
    AFIO_5V_Tolerance_Disable                0x0800197f   Thumb Code    16  n32g430_gpio.o(.text)
    AFIO_Filter_Stage_Ctrl                   0x0800198f   Thumb Code     8  n32g430_gpio.o(.text)
    AFIO_EFT_Enable                          0x08001997   Thumb Code   130  n32g430_gpio.o(.text)
    AFIO_EFT_Disable                         0x08001a19   Thumb Code   130  n32g430_gpio.o(.text)
    AFIO_Digital_EFT_Enable                  0x08001a9b   Thumb Code   130  n32g430_gpio.o(.text)
    AFIO_Digital_EFT_Disable                 0x08001b1d   Thumb Code   130  n32g430_gpio.o(.text)
    DMA_Reset                                0x08001bb5   Thumb Code   224  n32g430_dma.o(.text)
    DMA_Memory_2_Memory_Config               0x08001c95   Thumb Code    16  n32g430_dma.o(.text)
    DMA_Priority_Config                      0x08001ca5   Thumb Code    16  n32g430_dma.o(.text)
    DMA_Circular_Mode_Config                 0x08001cb5   Thumb Code    16  n32g430_dma.o(.text)
    DMA_Memory_Data_Width_Config             0x08001cc5   Thumb Code    16  n32g430_dma.o(.text)
    DMA_Peripheral_Data_Width_Config         0x08001cd5   Thumb Code    16  n32g430_dma.o(.text)
    DMA_Memory_Addr_Increment_Config         0x08001ce5   Thumb Code    16  n32g430_dma.o(.text)
    DMA_Peripheral_Addr_Increment_Config     0x08001cf5   Thumb Code    16  n32g430_dma.o(.text)
    DMA_Buffer_Size_Config                   0x08001d05   Thumb Code     4  n32g430_dma.o(.text)
    DMA_Destination_Config                   0x08001d09   Thumb Code    16  n32g430_dma.o(.text)
    DMA_Memory_Address_Config                0x08001d19   Thumb Code     4  n32g430_dma.o(.text)
    DMA_Peripheral_Address_Config            0x08001d1d   Thumb Code     4  n32g430_dma.o(.text)
    DMA_Initializes                          0x08001d21   Thumb Code    96  n32g430_dma.o(.text)
    DMA_Structure_Initializes                0x08001d81   Thumb Code    26  n32g430_dma.o(.text)
    DMA_Channel_Enable                       0x08001d9b   Thumb Code    10  n32g430_dma.o(.text)
    DMA_Channel_Disable                      0x08001da5   Thumb Code    10  n32g430_dma.o(.text)
    DMA_Interrupts_Enable                    0x08001daf   Thumb Code     8  n32g430_dma.o(.text)
    DMA_Interrupts_Disable                   0x08001db7   Thumb Code     8  n32g430_dma.o(.text)
    DMA_Current_Data_Transfer_Number_Set     0x08001dbf   Thumb Code     4  n32g430_dma.o(.text)
    DMA_Current_Data_Transfer_Number_Get     0x08001dc3   Thumb Code     8  n32g430_dma.o(.text)
    DMA_Flag_Status_Get                      0x08001dcb   Thumb Code    16  n32g430_dma.o(.text)
    DMA_Flag_Status_Clear                    0x08001ddb   Thumb Code     4  n32g430_dma.o(.text)
    DMA_Interrupt_Status_Get                 0x08001ddf   Thumb Code    16  n32g430_dma.o(.text)
    DMA_Interrupt_Status_Clear               0x08001def   Thumb Code     4  n32g430_dma.o(.text)
    DMA_Channel_Request_Remap                0x08001df3   Thumb Code     4  n32g430_dma.o(.text)
    USART_Reset                              0x08001dfd   Thumb Code    68  n32g430_usart.o(.text)
    USART_Hardware_Flow_Control_Config       0x08001e41   Thumb Code    16  n32g430_usart.o(.text)
    USART_Mode_Config                        0x08001e51   Thumb Code    16  n32g430_usart.o(.text)
    USART_Parity_Config                      0x08001e61   Thumb Code    16  n32g430_usart.o(.text)
    USART_Stop_Bits_Config                   0x08001e71   Thumb Code    16  n32g430_usart.o(.text)
    USART_Word_Length_Config                 0x08001e81   Thumb Code    16  n32g430_usart.o(.text)
    USART_Baud_Rate_Config                   0x08001e91   Thumb Code   114  n32g430_usart.o(.text)
    USART_Initializes                        0x08001f03   Thumb Code    56  n32g430_usart.o(.text)
    USART_Structure_Initializes              0x08001f3b   Thumb Code    24  n32g430_usart.o(.text)
    USART_Last_Bit_Config                    0x08001f53   Thumb Code    16  n32g430_usart.o(.text)
    USART_Phase_Config                       0x08001f63   Thumb Code    16  n32g430_usart.o(.text)
    USART_Polarity_Config                    0x08001f73   Thumb Code    16  n32g430_usart.o(.text)
    USART_Clock_Config                       0x08001f83   Thumb Code    16  n32g430_usart.o(.text)
    USART_Clock_Initializes                  0x08001f93   Thumb Code    40  n32g430_usart.o(.text)
    USART_Clock_Structure_Initializes        0x08001fbb   Thumb Code    12  n32g430_usart.o(.text)
    USART_Enable                             0x08001fc7   Thumb Code    10  n32g430_usart.o(.text)
    USART_Disable                            0x08001fd1   Thumb Code    10  n32g430_usart.o(.text)
    USART_Interrput_Enable                   0x08001fdb   Thumb Code    54  n32g430_usart.o(.text)
    USART_Interrput_Disable                  0x08002011   Thumb Code    54  n32g430_usart.o(.text)
    USART_DMA_Transfer_Enable                0x08002047   Thumb Code     8  n32g430_usart.o(.text)
    USART_DMA_Transfer_Disable               0x0800204f   Thumb Code     8  n32g430_usart.o(.text)
    USART_Address_Set                        0x08002057   Thumb Code    16  n32g430_usart.o(.text)
    USART_WakeUp_Mode_Set                    0x08002067   Thumb Code    16  n32g430_usart.o(.text)
    USART_Receiver_Wakeup_Enable             0x08002077   Thumb Code    10  n32g430_usart.o(.text)
    USART_Receiver_Wakeup_Disable            0x08002081   Thumb Code    10  n32g430_usart.o(.text)
    USART_LIN_Break_Detect_Length_Set        0x0800208b   Thumb Code    16  n32g430_usart.o(.text)
    USART_LIN_Enable                         0x0800209b   Thumb Code    10  n32g430_usart.o(.text)
    USART_LIN_Disable                        0x080020a5   Thumb Code    10  n32g430_usart.o(.text)
    USART_Data_Send                          0x080020af   Thumb Code     8  n32g430_usart.o(.text)
    USART_Data_Receive                       0x080020b7   Thumb Code    10  n32g430_usart.o(.text)
    USART_Break_Frame_Send                   0x080020c1   Thumb Code    10  n32g430_usart.o(.text)
    USART_Guard_Time_Set                     0x080020cb   Thumb Code    16  n32g430_usart.o(.text)
    USART_Prescaler_Set                      0x080020db   Thumb Code    16  n32g430_usart.o(.text)
    USART_Smart_Card_Enable                  0x080020eb   Thumb Code    10  n32g430_usart.o(.text)
    USART_Smart_Card_Disable                 0x080020f5   Thumb Code    10  n32g430_usart.o(.text)
    USART_Smart_Card_NACK_Enable             0x080020ff   Thumb Code    10  n32g430_usart.o(.text)
    USART_Smart_Card_NACK_Disable            0x08002109   Thumb Code    10  n32g430_usart.o(.text)
    USART_Half_Duplex_Enable                 0x08002113   Thumb Code    10  n32g430_usart.o(.text)
    USART_Half_Duplex_Disable                0x0800211d   Thumb Code    10  n32g430_usart.o(.text)
    USART_IrDA_Mode_Set                      0x08002127   Thumb Code    16  n32g430_usart.o(.text)
    USART_IrDA_Enable                        0x08002137   Thumb Code    10  n32g430_usart.o(.text)
    USART_IrDA_Disable                       0x08002141   Thumb Code    10  n32g430_usart.o(.text)
    USART_Flag_Status_Get                    0x0800214b   Thumb Code    16  n32g430_usart.o(.text)
    USART_Flag_Clear                         0x0800215b   Thumb Code     6  n32g430_usart.o(.text)
    USART_Interrupt_Status_Get               0x08002161   Thumb Code    74  n32g430_usart.o(.text)
    USART_Interrupt_Status_Clear             0x080021ab   Thumb Code    20  n32g430_usart.o(.text)
    main                                     0x080021d1   Thumb Code    42  main.o(.text)
    NMI_Handler                              0x08002219   Thumb Code     2  n32g430_it.o(.text)
    HardFault_Handler                        0x0800221b   Thumb Code     4  n32g430_it.o(.text)
    MemManage_Handler                        0x0800221f   Thumb Code     4  n32g430_it.o(.text)
    BusFault_Handler                         0x08002223   Thumb Code     4  n32g430_it.o(.text)
    UsageFault_Handler                       0x08002227   Thumb Code     4  n32g430_it.o(.text)
    SVC_Handler                              0x0800222b   Thumb Code     2  n32g430_it.o(.text)
    DebugMon_Handler                         0x0800222d   Thumb Code     2  n32g430_it.o(.text)
    SysTick_Handler                          0x0800222f   Thumb Code     2  n32g430_it.o(.text)
    ADC_GPIO_Configuration                   0x08002231   Thumb Code    30  adc.o(.text)
    ADC_RCC_Configuration                    0x0800224f   Thumb Code    32  adc.o(.text)
    ADC_Init                                 0x0800226f   Thumb Code   228  adc.o(.text)
    DelayMs                                  0x0800236d   Thumb Code    70  delay.o(.text)
    DelayUs                                  0x080023b3   Thumb Code    62  delay.o(.text)
    log_init                                 0x080023f9   Thumb Code    94  log.o(.text)
    fputc                                    0x08002457   Thumb Code    90  log.o(.text)
    PrintDat                                 0x080024b1   Thumb Code    40  log.o(.text)
    PrintfDat                                0x080024d9   Thumb Code    34  log.o(.text)
    PrintfDat16                              0x080024fb   Thumb Code    36  log.o(.text)
    PrintfDat32                              0x0800251f   Thumb Code    36  log.o(.text)
    __aeabi_uldivmod                         0x08002569   Thumb Code    98  uldiv.o(.text)
    __scatterload                            0x080025cd   Thumb Code    28  init.o(.text)
    __scatterload_rt2                        0x080025cd   Thumb Code     0  init.o(.text)
    __aeabi_llsl                             0x080025f1   Thumb Code    30  llshl.o(.text)
    _ll_shift_l                              0x080025f1   Thumb Code     0  llshl.o(.text)
    __aeabi_llsr                             0x0800260f   Thumb Code    32  llushr.o(.text)
    _ll_ushift_r                             0x0800260f   Thumb Code     0  llushr.o(.text)
    __0printf$8                              0x08002631   Thumb Code    22  printf8.o(i.__0printf$8)
    __1printf$8                              0x08002631   Thumb Code     0  printf8.o(i.__0printf$8)
    __2printf                                0x08002631   Thumb Code     0  printf8.o(i.__0printf$8)
    __scatterload_copy                       0x08002651   Thumb Code    14  handlers.o(i.__scatterload_copy)
    __scatterload_null                       0x0800265f   Thumb Code     2  handlers.o(i.__scatterload_null)
    __scatterload_zeroinit                   0x08002661   Thumb Code    14  handlers.o(i.__scatterload_zeroinit)
    AHBPrescTable                            0x08002ac6   Data          16  system_n32g430.o(.constdata)
    Region$$Table$$Base                      0x08002b18   Number         0  anon$$obj.o(Region$$Table)
    Region$$Table$$Limit                     0x08002b38   Number         0  anon$$obj.o(Region$$Table)
    SystemClockFrequency                     0x20000000   Data           4  system_n32g430.o(.data)
    vrefint_value                            0x20000004   Data           4  n32g430_adc.o(.data)
    Program_NVR                              0x20000008   Data           4  n32g430_adc.o(.data)
    Get_NVR                                  0x2000000c   Data           4  n32g430_adc.o(.data)
    __stdout                                 0x20000014   Data           4  stdout.o(.data)
    ADC_InitStructure                        0x20000018   Data          16  adc.o(.bss)
    DMA_InitStructure                        0x20000028   Data          44  adc.o(.bss)
    ADCConvertedValue                        0x20000054   Data          12  adc.o(.bss)
    __initial_sp                             0x20001560   Data           0  startup_n32g430.o(STACK)



==============================================================================

Memory Map of the image

  Image Entry point : 0x08000115

  Load Region LR_IROM1 (Base: 0x08000000, Size: 0x00002b50, Max: 0x00010000, ABSOLUTE)

    Execution Region ER_IROM1 (Exec base: 0x08000000, Load base: 0x08000000, Size: 0x00002b38, Max: 0x00010000, ABSOLUTE)

    Exec Addr    Load Addr    Size         Type   Attr      Idx    E Section Name        Object

    0x08000000   0x08000000   0x00000114   Data   RO            3    RESET               startup_n32g430.o
    0x08000114   0x08000114   0x00000000   Code   RO          434  * .ARM.Collect$$$$00000000  mc_w.l(entry.o)
    0x08000114   0x08000114   0x00000004   Code   RO          698    .ARM.Collect$$$$00000001  mc_w.l(entry2.o)
    0x08000118   0x08000118   0x00000004   Code   RO          701    .ARM.Collect$$$$00000004  mc_w.l(entry5.o)
    0x0800011c   0x0800011c   0x00000000   Code   RO          703    .ARM.Collect$$$$00000008  mc_w.l(entry7b.o)
    0x0800011c   0x0800011c   0x00000000   Code   RO          705    .ARM.Collect$$$$0000000A  mc_w.l(entry8b.o)
    0x0800011c   0x0800011c   0x00000008   Code   RO          706    .ARM.Collect$$$$0000000B  mc_w.l(entry9a.o)
    0x08000124   0x08000124   0x00000004   Code   RO          713    .ARM.Collect$$$$0000000E  mc_w.l(entry12b.o)
    0x08000128   0x08000128   0x00000000   Code   RO          708    .ARM.Collect$$$$0000000F  mc_w.l(entry10a.o)
    0x08000128   0x08000128   0x00000000   Code   RO          710    .ARM.Collect$$$$00000011  mc_w.l(entry11a.o)
    0x08000128   0x08000128   0x00000004   Code   RO          699    .ARM.Collect$$$$00002712  mc_w.l(entry2.o)
    0x0800012c   0x0800012c   0x00000024   Code   RO            4    .text               startup_n32g430.o
    0x08000150   0x08000150   0x00000274   Code   RO           13    .text               system_n32g430.o
    0x080003c4   0x080003c4   0x0000083c   Code   RO          161    .text               n32g430_adc.o
    0x08000c00   0x08000c00   0x000006c8   Code   RO          188    .text               n32g430_rcc.o
    0x080012c8   0x080012c8   0x000008ec   Code   RO          214    .text               n32g430_gpio.o
    0x08001bb4   0x08001bb4   0x00000248   Code   RO          238    .text               n32g430_dma.o
    0x08001dfc   0x08001dfc   0x000003d4   Code   RO          262    .text               n32g430_usart.o
    0x080021d0   0x080021d0   0x00000048   Code   RO          286    .text               main.o
    0x08002218   0x08002218   0x00000018   Code   RO          333    .text               n32g430_it.o
    0x08002230   0x08002230   0x0000013c   Code   RO          360    .text               adc.o
    0x0800236c   0x0800236c   0x0000008c   Code   RO          387    .text               delay.o
    0x080023f8   0x080023f8   0x00000170   Code   RO          411    .text               log.o
    0x08002568   0x08002568   0x00000062   Code   RO          717    .text               mc_w.l(uldiv.o)
    0x080025ca   0x080025ca   0x00000002   PAD
    0x080025cc   0x080025cc   0x00000024   Code   RO          730    .text               mc_w.l(init.o)
    0x080025f0   0x080025f0   0x0000001e   Code   RO          732    .text               mc_w.l(llshl.o)
    0x0800260e   0x0800260e   0x00000020   Code   RO          734    .text               mc_w.l(llushr.o)
    0x0800262e   0x0800262e   0x00000002   PAD
    0x08002630   0x08002630   0x00000020   Code   RO          644    i.__0printf$8       mc_w.l(printf8.o)
    0x08002650   0x08002650   0x0000000e   Code   RO          742    i.__scatterload_copy  mc_w.l(handlers.o)
    0x0800265e   0x0800265e   0x00000002   Code   RO          743    i.__scatterload_null  mc_w.l(handlers.o)
    0x08002660   0x08002660   0x0000000e   Code   RO          744    i.__scatterload_zeroinit  mc_w.l(handlers.o)
    0x0800266e   0x0800266e   0x00000002   PAD
    0x08002670   0x08002670   0x00000404   Code   RO          651    i._printf_core      mc_w.l(printf8.o)
    0x08002a74   0x08002a74   0x00000024   Code   RO          652    i._printf_post_padding  mc_w.l(printf8.o)
    0x08002a98   0x08002a98   0x0000002e   Code   RO          653    i._printf_pre_padding  mc_w.l(printf8.o)
    0x08002ac6   0x08002ac6   0x00000010   Data   RO           14    .constdata          system_n32g430.o
    0x08002ad6   0x08002ad6   0x00000040   Data   RO          189    .constdata          n32g430_rcc.o
    0x08002b16   0x08002b16   0x00000002   PAD
    0x08002b18   0x08002b18   0x00000020   Data   RO          740    Region$$Table       anon$$obj.o


    Execution Region RW_IRAM1 (Exec base: 0x20000000, Load base: 0x08002b38, Size: 0x00001560, Max: 0x00004000, ABSOLUTE)

    Exec Addr    Load Addr    Size         Type   Attr      Idx    E Section Name        Object

    0x20000000   0x08002b38   0x00000004   Data   RW           15    .data               system_n32g430.o
    0x20000004   0x08002b3c   0x0000000c   Data   RW          162    .data               n32g430_adc.o
    0x20000010   0x08002b48   0x00000004   Data   RW          412    .data               log.o
    0x20000014   0x08002b4c   0x00000004   Data   RW          714    .data               mc_w.l(stdout.o)
    0x20000018        -       0x00000048   Zero   RW          361    .bss                adc.o
    0x20000060        -       0x00001500   Zero   RW            1    STACK               startup_n32g430.o


==============================================================================

Image component sizes


      Code (inc. data)   RO Data    RW Data    ZI Data      Debug   Object Name

       316         26          0          0         72       1756   adc.o
       140          8          0          0          0        822   delay.o
       368         38          0          4          0       2944   log.o
        72         30          0          0          0       1779   main.o
      2108         38          0         12          0      13521   n32g430_adc.o
       584          6          0          0          0       6338   n32g430_dma.o
      2284         42          0          0          0      10637   n32g430_gpio.o
        24          0          0          0          0       1211   n32g430_it.o
      1736         76         64          0          0      12898   n32g430_rcc.o
       980         18          0          0          0      11357   n32g430_usart.o
        36          8        276          0       5376       1000   startup_n32g430.o
       628         48         16          4          0     288128   system_n32g430.o

    ----------------------------------------------------------------------
      9276        338        390         20       5448     352391   Object Totals
         0          0         32          0          0          0   (incl. Generated)
         0          0          2          0          0          0   (incl. Padding)

    ----------------------------------------------------------------------

      Code (inc. data)   RO Data    RW Data    ZI Data      Debug   Library Member Name

         0          0          0          0          0          0   entry.o
         0          0          0          0          0          0   entry10a.o
         0          0          0          0          0          0   entry11a.o
         4          0          0          0          0          0   entry12b.o
         8          4          0          0          0          0   entry2.o
         4          0          0          0          0          0   entry5.o
         0          0          0          0          0          0   entry7b.o
         0          0          0          0          0          0   entry8b.o
         8          4          0          0          0          0   entry9a.o
        30          0          0          0          0          0   handlers.o
        36          8          0          0          0         68   init.o
        30          0          0          0          0         68   llshl.o
        32          0          0          0          0         68   llushr.o
      1142         54          0          0          0        352   printf8.o
         0          0          0          4          0          0   stdout.o
        98          0          0          0          0         92   uldiv.o

    ----------------------------------------------------------------------
      1398         70          0          4          0        648   Library Totals
         6          0          0          0          0          0   (incl. Padding)

    ----------------------------------------------------------------------

      Code (inc. data)   RO Data    RW Data    ZI Data      Debug   Library Name

      1392         70          0          4          0        648   mc_w.l

    ----------------------------------------------------------------------
      1398         70          0          4          0        648   Library Totals

    ----------------------------------------------------------------------

==============================================================================


      Code (inc. data)   RO Data    RW Data    ZI Data      Debug   

     10674        408        390         24       5448     350883   Grand Totals
     10674        408        390         24       5448     350883   ELF Image Totals
     10674        408        390         24          0          0   ROM Totals

==============================================================================

    Total RO  Size (Code + RO Data)                11064 (  10.80kB)
    Total RW  Size (RW Data + ZI Data)              5472 (   5.34kB)
    Total ROM Size (Code + RO Data + RW Data)      11088 (  10.83kB)

==============================================================================

