Component: ARM Compiler 5.06 update 7 (build 960) Tool: armlink [4d3601]

==============================================================================

Section Cross References

    startup_n32g430.o(RESET) refers to startup_n32g430.o(STACK) for __initial_sp
    startup_n32g430.o(RESET) refers to startup_n32g430.o(.text) for Reset_Handler
    startup_n32g430.o(RESET) refers to isr_common.o(i.NMI_Handler) for NMI_Handler
    startup_n32g430.o(RESET) refers to isr_common.o(i.HardFault_Handler) for HardFault_Handler
    startup_n32g430.o(RESET) refers to isr_common.o(i.MemManage_Handler) for MemManage_Handler
    startup_n32g430.o(RESET) refers to isr_common.o(i.BusFault_Handler) for BusFault_Handler
    startup_n32g430.o(RESET) refers to isr_common.o(i.UsageFault_Handler) for UsageFault_Handler
    startup_n32g430.o(RESET) refers to isr_common.o(i.SVC_Handler) for SVC_Handler
    startup_n32g430.o(RESET) refers to isr_common.o(i.DebugMon_Handler) for DebugMon_Handler
    startup_n32g430.o(.text) refers to system_n32g430.o(i.System_Initializes) for System_Initializes
    startup_n32g430.o(.text) refers to entry.o(.ARM.Collect$$$$00000000) for __main
    system_n32g430.o(i.System_Clock_Frequency_Update) refers to system_n32g430.o(.data) for SystemClockFrequency
    system_n32g430.o(i.System_Clock_Frequency_Update) refers to system_n32g430.o(.constdata) for AHBPrescTable
    system_n32g430.o(i.System_Clock_Set) refers to system_n32g430.o(.data) for SystemClockFrequency
    system_n32g430.o(i.System_Initializes) refers to system_n32g430.o(i.System_Clock_Set) for System_Clock_Set
    n32g430_gpio.o(i.GPIO_ALLPin_Reset) refers to n32g430_gpio.o(i.GPIOA_Pin_Reset) for GPIOA_Pin_Reset
    n32g430_gpio.o(i.GPIO_ALLPin_Reset) refers to n32g430_gpio.o(i.GPIOB_Pin_Reset) for GPIOB_Pin_Reset
    n32g430_gpio.o(i.GPIO_ALLPin_Reset) refers to n32g430_gpio.o(i.GPIOC_Pin_Reset) for GPIOC_Pin_Reset
    n32g430_gpio.o(i.GPIO_ALLPin_Reset) refers to n32g430_gpio.o(i.GPIOD_Pin_Reset) for GPIOD_Pin_Reset
    n32g430_gpio.o(i.GPIO_Alternate_Function_Reset) refers to n32g430_rcc.o(i.RCC_APB2_Peripheral_Reset) for RCC_APB2_Peripheral_Reset
    n32g430_gpio.o(i.GPIO_Peripheral_Initialize) refers to n32g430_gpio.o(i.GPIO_Alternate_Set) for GPIO_Alternate_Set
    n32g430_gpio.o(i.GPIO_Peripheral_Initialize) refers to n32g430_gpio.o(i.GPIO_Mode_Set) for GPIO_Mode_Set
    n32g430_gpio.o(i.GPIO_Peripheral_Initialize) refers to n32g430_gpio.o(i.GPIO_Pull_Set) for GPIO_Pull_Set
    n32g430_gpio.o(i.GPIO_Peripheral_Initialize) refers to n32g430_gpio.o(i.GPIO_SlewRate_Set) for GPIO_SlewRate_Set
    n32g430_gpio.o(i.GPIO_Peripheral_Initialize) refers to n32g430_gpio.o(i.GPIO_Driver_Set) for GPIO_Driver_Set
    n32g430_gpio.o(i.GPIO_Reset) refers to n32g430_rcc.o(i.RCC_AHB_Peripheral_Reset) for RCC_AHB_Peripheral_Reset
    n32g430_rcc.o(i.RCC_Clocks_Frequencies_Value_Get) refers to n32g430_rcc.o(.constdata) for APBAHBPresTable
    n32g430_rcc.o(i.RCC_HSE_Stable_Wait) refers to n32g430_rcc.o(i.RCC_Clocks_Frequencies_Value_Get) for RCC_Clocks_Frequencies_Value_Get
    n32g430_rcc.o(i.RCC_HSE_Stable_Wait) refers to n32g430_rcc.o(i.RCC_Flag_Status_Get) for RCC_Flag_Status_Get
    n32g430_rcc.o(i.RCC_HSI_Stable_Wait) refers to n32g430_rcc.o(i.RCC_Clocks_Frequencies_Value_Get) for RCC_Clocks_Frequencies_Value_Get
    n32g430_rcc.o(i.RCC_HSI_Stable_Wait) refers to n32g430_rcc.o(i.RCC_Flag_Status_Get) for RCC_Flag_Status_Get
    n32g430_rcc.o(i.RCC_LPTIM_Clock_Config) refers to n32g430_rcc.o(i.RCC_APB1_Peripheral_Clock_Enable) for RCC_APB1_Peripheral_Clock_Enable
    n32g430_rcc.o(i.RCC_LSE_Config) refers to n32g430_rcc.o(i.RCC_APB1_Peripheral_Clock_Enable) for RCC_APB1_Peripheral_Clock_Enable
    n32g430_rcc.o(i.RCC_LSE_Config) refers to n32g430_rcc.o(i.RCC_LSE_Trim_Config) for RCC_LSE_Trim_Config
    n32g430_rcc.o(i.RCC_LSE_Stable_Wait) refers to n32g430_rcc.o(i.RCC_Clocks_Frequencies_Value_Get) for RCC_Clocks_Frequencies_Value_Get
    n32g430_rcc.o(i.RCC_LSE_Stable_Wait) refers to n32g430_rcc.o(i.RCC_Flag_Status_Get) for RCC_Flag_Status_Get
    n32g430_rcc.o(i.RCC_LSI_Stable_Wait) refers to n32g430_rcc.o(i.RCC_Clocks_Frequencies_Value_Get) for RCC_Clocks_Frequencies_Value_Get
    n32g430_rcc.o(i.RCC_LSI_Stable_Wait) refers to n32g430_rcc.o(i.RCC_Flag_Status_Get) for RCC_Flag_Status_Get
    n32g430_tim.o(i.TIM_Base_Initialize) refers to n32g430_tim.o(i.TIM_Base_Count_Mode_Set) for TIM_Base_Count_Mode_Set
    n32g430_tim.o(i.TIM_Base_Initialize) refers to n32g430_tim.o(i.TIM_Clock_Division_Set) for TIM_Clock_Division_Set
    n32g430_tim.o(i.TIM_Base_Initialize) refers to n32g430_tim.o(i.TIM_Base_Auto_Reload_Set) for TIM_Base_Auto_Reload_Set
    n32g430_tim.o(i.TIM_Base_Initialize) refers to n32g430_tim.o(i.TIM_Base_Prescaler_Set) for TIM_Base_Prescaler_Set
    n32g430_tim.o(i.TIM_Base_Initialize) refers to n32g430_tim.o(i.TIM_Base_Repeat_Count_Set) for TIM_Base_Repeat_Count_Set
    n32g430_tim.o(i.TIM_Base_Initialize) refers to n32g430_tim.o(i.TIM_Base_Reload_Mode_Set) for TIM_Base_Reload_Mode_Set
    n32g430_tim.o(i.TIM_Base_Initialize) refers to n32g430_tim.o(i.TIM_Base_Channel1) for TIM_Base_Channel1
    n32g430_tim.o(i.TIM_Base_Initialize) refers to n32g430_tim.o(i.TIM_Base_OCrefClear) for TIM_Base_OCrefClear
    n32g430_tim.o(i.TIM_Base_Initialize) refers to n32g430_tim.o(i.TIM_Base_Channel2) for TIM_Base_Channel2
    n32g430_tim.o(i.TIM_Base_Initialize) refers to n32g430_tim.o(i.TIM_Base_Channel3) for TIM_Base_Channel3
    n32g430_tim.o(i.TIM_Base_Initialize) refers to n32g430_tim.o(i.TIM_Base_Channel4) for TIM_Base_Channel4
    n32g430_tim.o(i.TIM_Break_And_Dead_Time_Set) refers to n32g430_tim.o(i.TIM_IOM_Comp_Break) for TIM_IOM_Comp_Break
    n32g430_tim.o(i.TIM_Break_And_Dead_Time_Set) refers to n32g430_tim.o(i.TIM_Lock_Up_Break_Enable) for TIM_Lock_Up_Break_Enable
    n32g430_tim.o(i.TIM_Break_And_Dead_Time_Set) refers to n32g430_tim.o(i.TIM_Lock_Up_Break_Disable) for TIM_Lock_Up_Break_Disable
    n32g430_tim.o(i.TIM_Break_And_Dead_Time_Set) refers to n32g430_tim.o(i.TIM_Pvd_Break_Enable) for TIM_Pvd_Break_Enable
    n32g430_tim.o(i.TIM_Break_And_Dead_Time_Set) refers to n32g430_tim.o(i.TIM_Pvd_Break_Disable) for TIM_Pvd_Break_Disable
    n32g430_tim.o(i.TIM_External_Clock_Mode1_Set) refers to n32g430_tim.o(i.TIM_External_Trigger_Filter_Set) for TIM_External_Trigger_Filter_Set
    n32g430_tim.o(i.TIM_External_Clock_Mode1_Set) refers to n32g430_tim.o(i.TIM_External_Trigger_Polarity_Set) for TIM_External_Trigger_Polarity_Set
    n32g430_tim.o(i.TIM_External_Clock_Mode1_Set) refers to n32g430_tim.o(i.TIM_External_Trigger_Prescaler_Set) for TIM_External_Trigger_Prescaler_Set
    n32g430_tim.o(i.TIM_External_Clock_Mode2_Set) refers to n32g430_tim.o(i.TIM_External_Trigger_Filter_Set) for TIM_External_Trigger_Filter_Set
    n32g430_tim.o(i.TIM_External_Clock_Mode2_Set) refers to n32g430_tim.o(i.TIM_External_Trigger_Polarity_Set) for TIM_External_Trigger_Polarity_Set
    n32g430_tim.o(i.TIM_External_Clock_Mode2_Set) refers to n32g430_tim.o(i.TIM_External_Trigger_Prescaler_Set) for TIM_External_Trigger_Prescaler_Set
    n32g430_tim.o(i.TIM_Input_Channel_Initialize) refers to n32g430_tim.o(i.Input_Channel1_Config) for Input_Channel1_Config
    n32g430_tim.o(i.TIM_Input_Channel_Initialize) refers to n32g430_tim.o(i.TIM_Input_Capture1_Prescaler_Set) for TIM_Input_Capture1_Prescaler_Set
    n32g430_tim.o(i.TIM_Input_Channel_Initialize) refers to n32g430_tim.o(i.Input_Channel2_Config) for Input_Channel2_Config
    n32g430_tim.o(i.TIM_Input_Channel_Initialize) refers to n32g430_tim.o(i.TIM_Input_Capture2_Prescaler_Set) for TIM_Input_Capture2_Prescaler_Set
    n32g430_tim.o(i.TIM_Input_Channel_Initialize) refers to n32g430_tim.o(i.Input_Channel3_Config) for Input_Channel3_Config
    n32g430_tim.o(i.TIM_Input_Channel_Initialize) refers to n32g430_tim.o(i.TIM_Input_Capture3_Prescaler_Set) for TIM_Input_Capture3_Prescaler_Set
    n32g430_tim.o(i.TIM_Input_Channel_Initialize) refers to n32g430_tim.o(i.Input_Channel4_Config) for Input_Channel4_Config
    n32g430_tim.o(i.TIM_Input_Channel_Initialize) refers to n32g430_tim.o(i.TIM_Input_Capture4_Prescaler_Set) for TIM_Input_Capture4_Prescaler_Set
    n32g430_tim.o(i.TIM_Internal_Trig_To_Ext_Set) refers to n32g430_tim.o(i.TIM_Trigger_Source_Select) for TIM_Trigger_Source_Select
    n32g430_tim.o(i.TIM_Output_Channel1_Initialize) refers to n32g430_tim.o(i.TIM_Capture_Compare_Ch_Disable) for TIM_Capture_Compare_Ch_Disable
    n32g430_tim.o(i.TIM_Output_Channel1_Initialize) refers to n32g430_tim.o(i.TIM_Output_Channel_Polarity_Set) for TIM_Output_Channel_Polarity_Set
    n32g430_tim.o(i.TIM_Output_Channel1_Initialize) refers to n32g430_tim.o(i.TIM_Capture_Compare_Ch_Enable) for TIM_Capture_Compare_Ch_Enable
    n32g430_tim.o(i.TIM_Output_Channel1_Initialize) refers to n32g430_tim.o(i.TIM_Output_Channel_N_Polarity_Set) for TIM_Output_Channel_N_Polarity_Set
    n32g430_tim.o(i.TIM_Output_Channel1_Initialize) refers to n32g430_tim.o(i.TIM_Capture_Compare_Ch_N_Enable) for TIM_Capture_Compare_Ch_N_Enable
    n32g430_tim.o(i.TIM_Output_Channel1_Initialize) refers to n32g430_tim.o(i.TIM_Capture_Compare_Ch_N_Disable) for TIM_Capture_Compare_Ch_N_Disable
    n32g430_tim.o(i.TIM_Output_Channel2_Initialize) refers to n32g430_tim.o(i.TIM_Capture_Compare_Ch_Disable) for TIM_Capture_Compare_Ch_Disable
    n32g430_tim.o(i.TIM_Output_Channel2_Initialize) refers to n32g430_tim.o(i.TIM_Output_Channel_Polarity_Set) for TIM_Output_Channel_Polarity_Set
    n32g430_tim.o(i.TIM_Output_Channel2_Initialize) refers to n32g430_tim.o(i.TIM_Capture_Compare_Ch_Enable) for TIM_Capture_Compare_Ch_Enable
    n32g430_tim.o(i.TIM_Output_Channel2_Initialize) refers to n32g430_tim.o(i.TIM_Output_Channel_N_Polarity_Set) for TIM_Output_Channel_N_Polarity_Set
    n32g430_tim.o(i.TIM_Output_Channel2_Initialize) refers to n32g430_tim.o(i.TIM_Capture_Compare_Ch_N_Enable) for TIM_Capture_Compare_Ch_N_Enable
    n32g430_tim.o(i.TIM_Output_Channel2_Initialize) refers to n32g430_tim.o(i.TIM_Capture_Compare_Ch_N_Disable) for TIM_Capture_Compare_Ch_N_Disable
    n32g430_tim.o(i.TIM_Output_Channel3_Initialize) refers to n32g430_tim.o(i.TIM_Capture_Compare_Ch_Disable) for TIM_Capture_Compare_Ch_Disable
    n32g430_tim.o(i.TIM_Output_Channel3_Initialize) refers to n32g430_tim.o(i.TIM_Output_Channel_Polarity_Set) for TIM_Output_Channel_Polarity_Set
    n32g430_tim.o(i.TIM_Output_Channel3_Initialize) refers to n32g430_tim.o(i.TIM_Capture_Compare_Ch_Enable) for TIM_Capture_Compare_Ch_Enable
    n32g430_tim.o(i.TIM_Output_Channel3_Initialize) refers to n32g430_tim.o(i.TIM_Output_Channel_N_Polarity_Set) for TIM_Output_Channel_N_Polarity_Set
    n32g430_tim.o(i.TIM_Output_Channel3_Initialize) refers to n32g430_tim.o(i.TIM_Capture_Compare_Ch_N_Enable) for TIM_Capture_Compare_Ch_N_Enable
    n32g430_tim.o(i.TIM_Output_Channel3_Initialize) refers to n32g430_tim.o(i.TIM_Capture_Compare_Ch_N_Disable) for TIM_Capture_Compare_Ch_N_Disable
    n32g430_tim.o(i.TIM_Output_Channel4_Initialize) refers to n32g430_tim.o(i.TIM_Capture_Compare_Ch_Disable) for TIM_Capture_Compare_Ch_Disable
    n32g430_tim.o(i.TIM_Output_Channel4_Initialize) refers to n32g430_tim.o(i.TIM_Output_Channel_Polarity_Set) for TIM_Output_Channel_Polarity_Set
    n32g430_tim.o(i.TIM_Output_Channel4_Initialize) refers to n32g430_tim.o(i.TIM_Capture_Compare_Ch_Enable) for TIM_Capture_Compare_Ch_Enable
    n32g430_tim.o(i.TIM_Output_Channel4_Initialize) refers to n32g430_tim.o(i.TIM_Output_Channel_N_Polarity_Set) for TIM_Output_Channel_N_Polarity_Set
    n32g430_tim.o(i.TIM_Output_Channel4_Initialize) refers to n32g430_tim.o(i.TIM_Capture_Compare_Ch_N_Enable) for TIM_Capture_Compare_Ch_N_Enable
    n32g430_tim.o(i.TIM_Output_Channel4_Initialize) refers to n32g430_tim.o(i.TIM_Capture_Compare_Ch_N_Disable) for TIM_Capture_Compare_Ch_N_Disable
    n32g430_tim.o(i.TIM_Output_Channel5_Initialize) refers to n32g430_tim.o(i.TIM_Capture_Compare_Ch_Disable) for TIM_Capture_Compare_Ch_Disable
    n32g430_tim.o(i.TIM_Output_Channel5_Initialize) refers to n32g430_tim.o(i.TIM_Output_Channel_Polarity_Set) for TIM_Output_Channel_Polarity_Set
    n32g430_tim.o(i.TIM_Output_Channel5_Initialize) refers to n32g430_tim.o(i.TIM_Capture_Compare_Ch_Enable) for TIM_Capture_Compare_Ch_Enable
    n32g430_tim.o(i.TIM_Output_Channel6_Initialize) refers to n32g430_tim.o(i.TIM_Capture_Compare_Ch_Disable) for TIM_Capture_Compare_Ch_Disable
    n32g430_tim.o(i.TIM_Output_Channel6_Initialize) refers to n32g430_tim.o(i.TIM_Output_Channel_Polarity_Set) for TIM_Output_Channel_Polarity_Set
    n32g430_tim.o(i.TIM_Output_Channel6_Initialize) refers to n32g430_tim.o(i.TIM_Capture_Compare_Ch_Enable) for TIM_Capture_Compare_Ch_Enable
    n32g430_tim.o(i.TIM_PWM_Input_Channel_Config) refers to n32g430_tim.o(i.Input_Channel1_Config) for Input_Channel1_Config
    n32g430_tim.o(i.TIM_PWM_Input_Channel_Config) refers to n32g430_tim.o(i.TIM_Input_Capture1_Prescaler_Set) for TIM_Input_Capture1_Prescaler_Set
    n32g430_tim.o(i.TIM_PWM_Input_Channel_Config) refers to n32g430_tim.o(i.Input_Channel2_Config) for Input_Channel2_Config
    n32g430_tim.o(i.TIM_PWM_Input_Channel_Config) refers to n32g430_tim.o(i.TIM_Input_Capture2_Prescaler_Set) for TIM_Input_Capture2_Prescaler_Set
    n32g430_tim.o(i.TIM_Reset) refers to n32g430_rcc.o(i.RCC_APB2_Peripheral_Reset) for RCC_APB2_Peripheral_Reset
    n32g430_tim.o(i.TIM_Reset) refers to n32g430_rcc.o(i.RCC_APB1_Peripheral_Reset) for RCC_APB1_Peripheral_Reset
    n32g430_tim.o(i.TIM_Trigger_As_External_Clock) refers to n32g430_tim.o(i.Input_Channel2_Config) for Input_Channel2_Config
    n32g430_tim.o(i.TIM_Trigger_As_External_Clock) refers to n32g430_tim.o(i.Input_Channel1_Config) for Input_Channel1_Config
    n32g430_tim.o(i.TIM_Trigger_As_External_Clock) refers to n32g430_tim.o(i.TIM_Trigger_Source_Select) for TIM_Trigger_Source_Select
    n32g430_dma.o(i.DMA_Initializes) refers to n32g430_dma.o(i.DMA_Peripheral_Address_Config) for DMA_Peripheral_Address_Config
    n32g430_dma.o(i.DMA_Initializes) refers to n32g430_dma.o(i.DMA_Memory_Address_Config) for DMA_Memory_Address_Config
    n32g430_dma.o(i.DMA_Initializes) refers to n32g430_dma.o(i.DMA_Destination_Config) for DMA_Destination_Config
    n32g430_dma.o(i.DMA_Initializes) refers to n32g430_dma.o(i.DMA_Buffer_Size_Config) for DMA_Buffer_Size_Config
    n32g430_dma.o(i.DMA_Initializes) refers to n32g430_dma.o(i.DMA_Peripheral_Addr_Increment_Config) for DMA_Peripheral_Addr_Increment_Config
    n32g430_dma.o(i.DMA_Initializes) refers to n32g430_dma.o(i.DMA_Memory_Addr_Increment_Config) for DMA_Memory_Addr_Increment_Config
    n32g430_dma.o(i.DMA_Initializes) refers to n32g430_dma.o(i.DMA_Peripheral_Data_Width_Config) for DMA_Peripheral_Data_Width_Config
    n32g430_dma.o(i.DMA_Initializes) refers to n32g430_dma.o(i.DMA_Memory_Data_Width_Config) for DMA_Memory_Data_Width_Config
    n32g430_dma.o(i.DMA_Initializes) refers to n32g430_dma.o(i.DMA_Circular_Mode_Config) for DMA_Circular_Mode_Config
    n32g430_dma.o(i.DMA_Initializes) refers to n32g430_dma.o(i.DMA_Priority_Config) for DMA_Priority_Config
    n32g430_dma.o(i.DMA_Initializes) refers to n32g430_dma.o(i.DMA_Memory_2_Memory_Config) for DMA_Memory_2_Memory_Config
    adtim_common.o(i.Common_ADTIM_Break_IO_Initialize) refers to n32g430_gpio.o(i.GPIO_Structure_Initialize) for GPIO_Structure_Initialize
    adtim_common.o(i.Common_ADTIM_Break_IO_Initialize) refers to n32g430_gpio.o(i.GPIO_Peripheral_Initialize) for GPIO_Peripheral_Initialize
    adtim_common.o(i.Common_ADTIM_GPIO_Initialize) refers to n32g430_gpio.o(i.GPIO_Structure_Initialize) for GPIO_Structure_Initialize
    adtim_common.o(i.Common_ADTIM_GPIO_Initialize) refers to n32g430_gpio.o(i.GPIO_Peripheral_Initialize) for GPIO_Peripheral_Initialize
    adtim_common.o(i.Common_ADTIM_RCC_Initialize) refers to n32g430_rcc.o(i.RCC_AHB_Peripheral_Clock_Enable) for RCC_AHB_Peripheral_Clock_Enable
    adtim_common.o(i.Common_ADTIM_RCC_Initialize) refers to n32g430_rcc.o(i.RCC_APB2_Peripheral_Clock_Enable) for RCC_APB2_Peripheral_Clock_Enable
    adtim_common.o(i.Common_ADTIM_RCC_Initialize) refers to n32g430_rcc.o(i.RCC_Pclk2_Config) for RCC_Pclk2_Config
    adtim_common.o(i.Common_ADTIM_RCC_Initialize) refers to n32g430_rcc.o(i.RCC_Clocks_Frequencies_Value_Get) for RCC_Clocks_Frequencies_Value_Get
    gptim_common.o(i.Common_GPTIM_GPIO_Initialize) refers to n32g430_gpio.o(i.GPIO_Structure_Initialize) for GPIO_Structure_Initialize
    gptim_common.o(i.Common_GPTIM_GPIO_Initialize) refers to n32g430_gpio.o(i.GPIO_Peripheral_Initialize) for GPIO_Peripheral_Initialize
    gptim_common.o(i.Common_GPTIM_RCC_Initialize) refers to n32g430_rcc.o(i.RCC_AHB_Peripheral_Clock_Enable) for RCC_AHB_Peripheral_Clock_Enable
    gptim_common.o(i.Common_GPTIM_RCC_Initialize) refers to n32g430_rcc.o(i.RCC_APB2_Peripheral_Clock_Enable) for RCC_APB2_Peripheral_Clock_Enable
    gptim_common.o(i.Common_GPTIM_RCC_Initialize) refers to n32g430_rcc.o(i.RCC_Pclk1_Config) for RCC_Pclk1_Config
    gptim_common.o(i.Common_GPTIM_RCC_Initialize) refers to n32g430_rcc.o(i.RCC_APB1_Peripheral_Clock_Enable) for RCC_APB1_Peripheral_Clock_Enable
    gptim_common.o(i.Common_GPTIM_RCC_Initialize) refers to n32g430_rcc.o(i.RCC_Clocks_Frequencies_Value_Get) for RCC_Clocks_Frequencies_Value_Get
    timer_common.o(i.Common_TIM_Base_Initialize) refers to n32g430_tim.o(i.TIM_Base_Struct_Initialize) for TIM_Base_Struct_Initialize
    timer_common.o(i.Common_TIM_Base_Initialize) refers to n32g430_tim.o(i.TIM_Base_Initialize) for TIM_Base_Initialize
    timer_common.o(i.Common_TIM_Base_Initialize) refers to timer_common.o(.bss) for TIM_TimeBaseStructure
    timer_common.o(i.Common_TIM_DMA_Config) refers to n32g430_rcc.o(i.RCC_AHB_Peripheral_Clock_Enable) for RCC_AHB_Peripheral_Clock_Enable
    timer_common.o(i.Common_TIM_DMA_Config) refers to n32g430_dma.o(i.DMA_Reset) for DMA_Reset
    timer_common.o(i.Common_TIM_DMA_Config) refers to n32g430_dma.o(i.DMA_Initializes) for DMA_Initializes
    timer_common.o(i.Common_TIM_DMA_Config) refers to n32g430_dma.o(i.DMA_Channel_Request_Remap) for DMA_Channel_Request_Remap
    timer_common.o(i.Common_TIM_DMA_Start) refers to n32g430_dma.o(i.DMA_Channel_Disable) for DMA_Channel_Disable
    timer_common.o(i.Common_TIM_DMA_Start) refers to n32g430_dma.o(i.DMA_Channel_Enable) for DMA_Channel_Enable
    timer_common.o(i.Common_TIM_NVIC_Initialize) refers to misc.o(i.NVIC_Initializes) for NVIC_Initializes
    main.o(i.DelayUs) refers to system_n32g430.o(.data) for SystemClockFrequency
    main.o(i.main) refers to memseta.o(.text) for __aeabi_memclr4
    main.o(i.main) refers to n32g430_rcc.o(i.RCC_AHB_Peripheral_Clock_Enable) for RCC_AHB_Peripheral_Clock_Enable
    main.o(i.main) refers to n32g430_rcc.o(i.RCC_APB2_Peripheral_Clock_Enable) for RCC_APB2_Peripheral_Clock_Enable
    main.o(i.main) refers to n32g430_rcc.o(i.RCC_Pclk2_Config) for RCC_Pclk2_Config
    main.o(i.main) refers to n32g430_rcc.o(i.RCC_Clocks_Frequencies_Value_Get) for RCC_Clocks_Frequencies_Value_Get
    main.o(i.main) refers to n32g430_gpio.o(i.GPIO_Structure_Initialize) for GPIO_Structure_Initialize
    main.o(i.main) refers to n32g430_gpio.o(i.GPIO_Peripheral_Initialize) for GPIO_Peripheral_Initialize
    main.o(i.main) refers to n32g430_gpio.o(i.GPIO_Pins_Set) for GPIO_Pins_Set
    main.o(i.main) refers to main.o(i.DelayUs) for DelayUs
    main.o(i.main) refers to n32g430_gpio.o(i.GPIO_Pins_Reset) for GPIO_Pins_Reset
    main.o(i.main) refers to timer_common.o(i.Common_TIM_Base_Initialize) for Common_TIM_Base_Initialize
    main.o(i.main) refers to n32g430_tim.o(i.TIM_Output_Channel_Struct_Initialize) for TIM_Output_Channel_Struct_Initialize
    main.o(i.main) refers to n32g430_tim.o(i.TIM_Output_Channel2_Initialize) for TIM_Output_Channel2_Initialize
    main.o(i.main) refers to n32g430_tim.o(i.TIM_Output_Channel3_Initialize) for TIM_Output_Channel3_Initialize
    main.o(i.main) refers to n32g430_tim.o(i.TIM_On) for TIM_On
    main.o(i.main) refers to n32g430_tim.o(i.TIM_PWM_Output_Enable) for TIM_PWM_Output_Enable
    main.o(i.main) refers to main.o(.data) for ADTIMClockFrequency
    main.o(i.main) refers to main.o(.bss) for TIM_OCInitStructure
    entry.o(.ARM.Collect$$$$00000000) refers (Special) to entry10a.o(.ARM.Collect$$$$0000000F) for __rt_final_cpp
    entry.o(.ARM.Collect$$$$00000000) refers (Special) to entry11a.o(.ARM.Collect$$$$00000011) for __rt_final_exit
    entry.o(.ARM.Collect$$$$00000000) refers (Special) to entry12b.o(.ARM.Collect$$$$0000000E) for __rt_lib_shutdown_fini
    entry.o(.ARM.Collect$$$$00000000) refers (Special) to entry7b.o(.ARM.Collect$$$$00000008) for _main_clock
    entry.o(.ARM.Collect$$$$00000000) refers (Special) to entry8b.o(.ARM.Collect$$$$0000000A) for _main_cpp_init
    entry.o(.ARM.Collect$$$$00000000) refers (Special) to entry9a.o(.ARM.Collect$$$$0000000B) for _main_init
    entry.o(.ARM.Collect$$$$00000000) refers (Special) to entry5.o(.ARM.Collect$$$$00000004) for _main_scatterload
    entry.o(.ARM.Collect$$$$00000000) refers (Special) to entry2.o(.ARM.Collect$$$$00000001) for _main_stk
    entry2.o(.ARM.Collect$$$$00000001) refers to entry2.o(.ARM.Collect$$$$00002712) for __lit__00000000
    entry2.o(.ARM.Collect$$$$00002712) refers to startup_n32g430.o(STACK) for __initial_sp
    entry2.o(__vectab_stack_and_reset_area) refers to startup_n32g430.o(STACK) for __initial_sp
    entry2.o(__vectab_stack_and_reset_area) refers to entry.o(.ARM.Collect$$$$00000000) for __main
    entry5.o(.ARM.Collect$$$$00000004) refers to init.o(.text) for __scatterload
    entry9a.o(.ARM.Collect$$$$0000000B) refers to main.o(i.main) for main
    entry9b.o(.ARM.Collect$$$$0000000C) refers to main.o(i.main) for main
    init.o(.text) refers to entry5.o(.ARM.Collect$$$$00000004) for __main_after_scatterload


==============================================================================

Removing Unused input sections from the image.

    Removing startup_n32g430.o(HEAP), (768 bytes).
    Removing system_n32g430.o(.rev16_text), (4 bytes).
    Removing system_n32g430.o(.revsh_text), (4 bytes).
    Removing system_n32g430.o(.rrx_text), (6 bytes).
    Removing system_n32g430.o(i.System_Clock_Frequency_Update), (208 bytes).
    Removing system_n32g430.o(.constdata), (16 bytes).
    Removing misc.o(.rev16_text), (4 bytes).
    Removing misc.o(.revsh_text), (4 bytes).
    Removing misc.o(.rrx_text), (6 bytes).
    Removing misc.o(i.NVIC_Initializes), (112 bytes).
    Removing misc.o(i.NVIC_Priority_Group_Set), (20 bytes).
    Removing misc.o(i.NVIC_System_LowPower_Enable), (16 bytes).
    Removing misc.o(i.NVIC_System_Low_Power_Disable), (16 bytes).
    Removing misc.o(i.NVIC_Vector_Table_Set), (20 bytes).
    Removing misc.o(i.SysTick_Clock_Source_Set), (40 bytes).
    Removing n32g430_dbg.o(.rev16_text), (4 bytes).
    Removing n32g430_dbg.o(.revsh_text), (4 bytes).
    Removing n32g430_dbg.o(.rrx_text), (6 bytes).
    Removing n32g430_dbg.o(i.DBG_Device_Number_Get), (24 bytes).
    Removing n32g430_dbg.o(i.DBG_Peripheral_OFF), (16 bytes).
    Removing n32g430_dbg.o(i.DBG_Peripheral_ON), (16 bytes).
    Removing n32g430_dbg.o(i.DBG_Revision_Number_Get), (12 bytes).
    Removing n32g430_dbg.o(i.UCID_Get), (68 bytes).
    Removing n32g430_dbg.o(i.UID_Get), (68 bytes).
    Removing n32g430_gpio.o(.rev16_text), (4 bytes).
    Removing n32g430_gpio.o(.revsh_text), (4 bytes).
    Removing n32g430_gpio.o(.rrx_text), (6 bytes).
    Removing n32g430_gpio.o(i.AFIO_5V_Tolerance_Disable), (16 bytes).
    Removing n32g430_gpio.o(i.AFIO_5V_Tolerance_Enable), (16 bytes).
    Removing n32g430_gpio.o(i.AFIO_ADC_External_Trigger_Remap_Set), (80 bytes).
    Removing n32g430_gpio.o(i.AFIO_Digital_EFT_Disable), (136 bytes).
    Removing n32g430_gpio.o(i.AFIO_Digital_EFT_Enable), (136 bytes).
    Removing n32g430_gpio.o(i.AFIO_EFT_Disable), (136 bytes).
    Removing n32g430_gpio.o(i.AFIO_EFT_Enable), (136 bytes).
    Removing n32g430_gpio.o(i.AFIO_EXTI_Reset), (68 bytes).
    Removing n32g430_gpio.o(i.AFIO_Filter_Stage_Ctrl), (12 bytes).
    Removing n32g430_gpio.o(i.AFIO_SPI_NSS_Mode_Set), (32 bytes).
    Removing n32g430_gpio.o(i.GPIOA_Pin_Reset), (260 bytes).
    Removing n32g430_gpio.o(i.GPIOB_Pin_Reset), (236 bytes).
    Removing n32g430_gpio.o(i.GPIOC_Pin_Reset), (148 bytes).
    Removing n32g430_gpio.o(i.GPIOD_Pin_Reset), (200 bytes).
    Removing n32g430_gpio.o(i.GPIO_ALLPin_Reset), (36 bytes).
    Removing n32g430_gpio.o(i.GPIO_Alternate_Function_Reset), (10 bytes).
    Removing n32g430_gpio.o(i.GPIO_EXTI_Line_Set), (60 bytes).
    Removing n32g430_gpio.o(i.GPIO_Input_Data_Get), (8 bytes).
    Removing n32g430_gpio.o(i.GPIO_Input_Pin_Data_Get), (16 bytes).
    Removing n32g430_gpio.o(i.GPIO_Output_Data_Get), (8 bytes).
    Removing n32g430_gpio.o(i.GPIO_Output_Pin_Data_Get), (16 bytes).
    Removing n32g430_gpio.o(i.GPIO_PBC_Pins_Reset), (4 bytes).
    Removing n32g430_gpio.o(i.GPIO_PBSC_Pins_Reset), (8 bytes).
    Removing n32g430_gpio.o(i.GPIO_Pin_Lock_Set), (18 bytes).
    Removing n32g430_gpio.o(i.GPIO_Pin_Remap_Set), (112 bytes).
    Removing n32g430_gpio.o(i.GPIO_Pin_Toggle), (8 bytes).
    Removing n32g430_gpio.o(i.GPIO_Reset), (84 bytes).
    Removing n32g430_gpio.o(i.GPIO_Write), (4 bytes).
    Removing n32g430_rcc.o(.rev16_text), (4 bytes).
    Removing n32g430_rcc.o(.revsh_text), (4 bytes).
    Removing n32g430_rcc.o(.rrx_text), (6 bytes).
    Removing n32g430_rcc.o(i.RCC_ADC_1M_Clock_Config), (28 bytes).
    Removing n32g430_rcc.o(i.RCC_ADC_Hclk_Config), (24 bytes).
    Removing n32g430_rcc.o(i.RCC_ADC_Hclk_Disable), (24 bytes).
    Removing n32g430_rcc.o(i.RCC_ADC_Hclk_Enable), (24 bytes).
    Removing n32g430_rcc.o(i.RCC_ADC_PLL_Clock_Disable), (20 bytes).
    Removing n32g430_rcc.o(i.RCC_ADC_PLL_Clock_Prescaler_Enable), (24 bytes).
    Removing n32g430_rcc.o(i.RCC_AHB_Peripheral_Clock_Disable), (16 bytes).
    Removing n32g430_rcc.o(i.RCC_AHB_Peripheral_Reset), (24 bytes).
    Removing n32g430_rcc.o(i.RCC_APB1_Peripheral_Clock_Disable), (16 bytes).
    Removing n32g430_rcc.o(i.RCC_APB1_Peripheral_Clock_Enable), (16 bytes).
    Removing n32g430_rcc.o(i.RCC_APB1_Peripheral_Reset), (24 bytes).
    Removing n32g430_rcc.o(i.RCC_APB2_Peripheral_Clock_Disable), (16 bytes).
    Removing n32g430_rcc.o(i.RCC_APB2_Peripheral_Reset), (24 bytes).
    Removing n32g430_rcc.o(i.RCC_Backup_Reset), (16 bytes).
    Removing n32g430_rcc.o(i.RCC_Clock_Security_System_Disable), (12 bytes).
    Removing n32g430_rcc.o(i.RCC_Clock_Security_System_Enable), (12 bytes).
    Removing n32g430_rcc.o(i.RCC_Flag_Status_Get), (64 bytes).
    Removing n32g430_rcc.o(i.RCC_HSE_Config), (64 bytes).
    Removing n32g430_rcc.o(i.RCC_HSE_Stable_Wait), (84 bytes).
    Removing n32g430_rcc.o(i.RCC_HSI_Calibration_Value_Set), (24 bytes).
    Removing n32g430_rcc.o(i.RCC_HSI_Disable), (12 bytes).
    Removing n32g430_rcc.o(i.RCC_HSI_Enable), (12 bytes).
    Removing n32g430_rcc.o(i.RCC_HSI_Stable_Wait), (84 bytes).
    Removing n32g430_rcc.o(i.RCC_Hclk_Config), (24 bytes).
    Removing n32g430_rcc.o(i.RCC_Interrupt_Disable), (16 bytes).
    Removing n32g430_rcc.o(i.RCC_Interrupt_Enable), (16 bytes).
    Removing n32g430_rcc.o(i.RCC_Interrupt_Status_Clear), (16 bytes).
    Removing n32g430_rcc.o(i.RCC_Interrupt_Status_Get), (24 bytes).
    Removing n32g430_rcc.o(i.RCC_LPTIM_Clock_Config), (56 bytes).
    Removing n32g430_rcc.o(i.RCC_LPTIM_Disable), (20 bytes).
    Removing n32g430_rcc.o(i.RCC_LPTIM_Enable), (20 bytes).
    Removing n32g430_rcc.o(i.RCC_LPTIM_Reset), (28 bytes).
    Removing n32g430_rcc.o(i.RCC_LSE_Clock_Security_System_Disable), (12 bytes).
    Removing n32g430_rcc.o(i.RCC_LSE_Clock_Security_System_Enable), (12 bytes).
    Removing n32g430_rcc.o(i.RCC_LSE_Clock_Security_System_Status_Get), (24 bytes).
    Removing n32g430_rcc.o(i.RCC_LSE_Config), (96 bytes).
    Removing n32g430_rcc.o(i.RCC_LSE_Stable_Wait), (84 bytes).
    Removing n32g430_rcc.o(i.RCC_LSE_Trim_Config), (44 bytes).
    Removing n32g430_rcc.o(i.RCC_LSI_Disable), (12 bytes).
    Removing n32g430_rcc.o(i.RCC_LSI_Enable), (12 bytes).
    Removing n32g430_rcc.o(i.RCC_LSI_Stable_Wait), (84 bytes).
    Removing n32g430_rcc.o(i.RCC_MCO_PLL_Prescaler_Config), (24 bytes).
    Removing n32g430_rcc.o(i.RCC_MCO_Source_Config), (24 bytes).
    Removing n32g430_rcc.o(i.RCC_PLL_Config), (56 bytes).
    Removing n32g430_rcc.o(i.RCC_PLL_Disable), (12 bytes).
    Removing n32g430_rcc.o(i.RCC_PLL_Enable), (12 bytes).
    Removing n32g430_rcc.o(i.RCC_Pclk1_Config), (24 bytes).
    Removing n32g430_rcc.o(i.RCC_RTC_Clock_Config), (28 bytes).
    Removing n32g430_rcc.o(i.RCC_RTC_Clock_Disable), (12 bytes).
    Removing n32g430_rcc.o(i.RCC_RTC_Clock_Enable), (12 bytes).
    Removing n32g430_rcc.o(i.RCC_Reset), (96 bytes).
    Removing n32g430_rcc.o(i.RCC_Reset_Flag_Clear), (28 bytes).
    Removing n32g430_rcc.o(i.RCC_Sysclk_Config), (24 bytes).
    Removing n32g430_rcc.o(i.RCC_Sysclk_Source_Get), (16 bytes).
    Removing n32g430_rcc.o(i.RCC_TIM1_8_Clock_Config), (24 bytes).
    Removing n32g430_tim.o(.rev16_text), (4 bytes).
    Removing n32g430_tim.o(.revsh_text), (4 bytes).
    Removing n32g430_tim.o(.rrx_text), (6 bytes).
    Removing n32g430_tim.o(i.Input_Channel1_Config), (124 bytes).
    Removing n32g430_tim.o(i.Input_Channel2_Config), (136 bytes).
    Removing n32g430_tim.o(i.Input_Channel3_Config), (132 bytes).
    Removing n32g430_tim.o(i.Input_Channel4_Config), (140 bytes).
    Removing n32g430_tim.o(i.TIM_Asymmetric_Disable), (10 bytes).
    Removing n32g430_tim.o(i.TIM_Asymmetric_Enable), (10 bytes).
    Removing n32g430_tim.o(i.TIM_Auto_Reload_Get), (6 bytes).
    Removing n32g430_tim.o(i.TIM_Auto_Reload_Preload_Disable), (10 bytes).
    Removing n32g430_tim.o(i.TIM_Auto_Reload_Preload_Enable), (10 bytes).
    Removing n32g430_tim.o(i.TIM_Base_Center_Aligned_Mode_OC4_7_8_9_Trigger_Set), (16 bytes).
    Removing n32g430_tim.o(i.TIM_Base_Count_Get), (6 bytes).
    Removing n32g430_tim.o(i.TIM_Base_Count_Set), (4 bytes).
    Removing n32g430_tim.o(i.TIM_Base_Prescaler_Get), (6 bytes).
    Removing n32g430_tim.o(i.TIM_Break_And_Dead_Time_Set), (96 bytes).
    Removing n32g430_tim.o(i.TIM_Break_And_Dead_Time_Struct_Initialize), (24 bytes).
    Removing n32g430_tim.o(i.TIM_Break_Filter_Config), (52 bytes).
    Removing n32g430_tim.o(i.TIM_Break_Filter_Disable), (10 bytes).
    Removing n32g430_tim.o(i.TIM_Break_Filter_Enable), (10 bytes).
    Removing n32g430_tim.o(i.TIM_CCEN_Status_Get), (16 bytes).
    Removing n32g430_tim.o(i.TIM_Capture_Compare_Control_Preload_Disable), (10 bytes).
    Removing n32g430_tim.o(i.TIM_Capture_Compare_Control_Preload_Enable), (10 bytes).
    Removing n32g430_tim.o(i.TIM_Channel1_Filter_Config), (68 bytes).
    Removing n32g430_tim.o(i.TIM_Channel1_Filter_Disable), (10 bytes).
    Removing n32g430_tim.o(i.TIM_Channel1_Filter_Enable), (10 bytes).
    Removing n32g430_tim.o(i.TIM_Channel2_Filter_Config), (68 bytes).
    Removing n32g430_tim.o(i.TIM_Channel2_Filter_Disable), (10 bytes).
    Removing n32g430_tim.o(i.TIM_Channel2_Filter_Enable), (10 bytes).
    Removing n32g430_tim.o(i.TIM_Channel3_Filter_Config), (68 bytes).
    Removing n32g430_tim.o(i.TIM_Channel3_Filter_Disable), (10 bytes).
    Removing n32g430_tim.o(i.TIM_Channel3_Filter_Enable), (10 bytes).
    Removing n32g430_tim.o(i.TIM_Channel4_Filter_Config), (68 bytes).
    Removing n32g430_tim.o(i.TIM_Channel4_Filter_Disable), (10 bytes).
    Removing n32g430_tim.o(i.TIM_Channel4_Filter_Enable), (10 bytes).
    Removing n32g430_tim.o(i.TIM_Commutation_Event_Disable), (10 bytes).
    Removing n32g430_tim.o(i.TIM_Commutation_Event_Enable), (10 bytes).
    Removing n32g430_tim.o(i.TIM_Compare1_D_Set), (14 bytes).
    Removing n32g430_tim.o(i.TIM_Compare1_Set), (14 bytes).
    Removing n32g430_tim.o(i.TIM_Compare2_D_Set), (14 bytes).
    Removing n32g430_tim.o(i.TIM_Compare2_Set), (14 bytes).
    Removing n32g430_tim.o(i.TIM_Compare3_D_Set), (14 bytes).
    Removing n32g430_tim.o(i.TIM_Compare3_Set), (14 bytes).
    Removing n32g430_tim.o(i.TIM_Compare4_D_Set), (14 bytes).
    Removing n32g430_tim.o(i.TIM_Compare4_Set), (14 bytes).
    Removing n32g430_tim.o(i.TIM_Compare5_Set), (6 bytes).
    Removing n32g430_tim.o(i.TIM_Compare6_Set), (6 bytes).
    Removing n32g430_tim.o(i.TIM_Compare7_Set), (6 bytes).
    Removing n32g430_tim.o(i.TIM_Compare8_Set), (6 bytes).
    Removing n32g430_tim.o(i.TIM_Compare9_Set), (6 bytes).
    Removing n32g430_tim.o(i.TIM_Compare_Capture1_D_Get), (8 bytes).
    Removing n32g430_tim.o(i.TIM_Compare_Capture1_Get), (8 bytes).
    Removing n32g430_tim.o(i.TIM_Compare_Capture2_D_Get), (8 bytes).
    Removing n32g430_tim.o(i.TIM_Compare_Capture2_Get), (8 bytes).
    Removing n32g430_tim.o(i.TIM_Compare_Capture3_D_Get), (8 bytes).
    Removing n32g430_tim.o(i.TIM_Compare_Capture3_Get), (8 bytes).
    Removing n32g430_tim.o(i.TIM_Compare_Capture4_D_Get), (8 bytes).
    Removing n32g430_tim.o(i.TIM_Compare_Capture4_Get), (8 bytes).
    Removing n32g430_tim.o(i.TIM_Compare_Capture5_Get), (8 bytes).
    Removing n32g430_tim.o(i.TIM_Compare_Capture6_Get), (8 bytes).
    Removing n32g430_tim.o(i.TIM_Compare_Capture7_Get), (8 bytes).
    Removing n32g430_tim.o(i.TIM_Compare_Capture8_Get), (8 bytes).
    Removing n32g430_tim.o(i.TIM_Compare_Capture9_Get), (8 bytes).
    Removing n32g430_tim.o(i.TIM_Dma_Config), (10 bytes).
    Removing n32g430_tim.o(i.TIM_Dma_Disable), (8 bytes).
    Removing n32g430_tim.o(i.TIM_Dma_Enable), (8 bytes).
    Removing n32g430_tim.o(i.TIM_Encoder_Interface_Set), (64 bytes).
    Removing n32g430_tim.o(i.TIM_Event_Generate), (4 bytes).
    Removing n32g430_tim.o(i.TIM_External_Clock_Mode1_Set), (66 bytes).
    Removing n32g430_tim.o(i.TIM_External_Clock_Mode2_Set), (44 bytes).
    Removing n32g430_tim.o(i.TIM_External_Trigger_Filter_Set), (24 bytes).
    Removing n32g430_tim.o(i.TIM_External_Trigger_Polarity_Set), (26 bytes).
    Removing n32g430_tim.o(i.TIM_External_Trigger_Prescaler_Set), (16 bytes).
    Removing n32g430_tim.o(i.TIM_Flag_Clear), (6 bytes).
    Removing n32g430_tim.o(i.TIM_Flag_Status_Get), (16 bytes).
    Removing n32g430_tim.o(i.TIM_Forced_Output_Channel1_Set), (18 bytes).
    Removing n32g430_tim.o(i.TIM_Forced_Output_Channel2_Set), (26 bytes).
    Removing n32g430_tim.o(i.TIM_Forced_Output_Channel3_Set), (20 bytes).
    Removing n32g430_tim.o(i.TIM_Forced_Output_Channel4_Set), (28 bytes).
    Removing n32g430_tim.o(i.TIM_Forced_Output_Channel5_Set), (22 bytes).
    Removing n32g430_tim.o(i.TIM_Forced_Output_Channel6_Set), (30 bytes).
    Removing n32g430_tim.o(i.TIM_Hall_Sensor_Disable), (10 bytes).
    Removing n32g430_tim.o(i.TIM_Hall_Sensor_Enable), (10 bytes).
    Removing n32g430_tim.o(i.TIM_IOM_Comp_Break), (22 bytes).
    Removing n32g430_tim.o(i.TIM_Input_Capture1_Prescaler_Set), (18 bytes).
    Removing n32g430_tim.o(i.TIM_Input_Capture2_Prescaler_Set), (26 bytes).
    Removing n32g430_tim.o(i.TIM_Input_Capture3_Prescaler_Set), (18 bytes).
    Removing n32g430_tim.o(i.TIM_Input_Capture4_Prescaler_Set), (20 bytes).
    Removing n32g430_tim.o(i.TIM_Input_Channel_Initialize), (110 bytes).
    Removing n32g430_tim.o(i.TIM_Input_Struct_Initialize), (16 bytes).
    Removing n32g430_tim.o(i.TIM_Internal_Clock_Set), (12 bytes).
    Removing n32g430_tim.o(i.TIM_Internal_Trig_To_Ext_Set), (24 bytes).
    Removing n32g430_tim.o(i.TIM_Interrupt_Disable), (8 bytes).
    Removing n32g430_tim.o(i.TIM_Interrupt_Enable), (8 bytes).
    Removing n32g430_tim.o(i.TIM_Interrupt_Status_Clear), (6 bytes).
    Removing n32g430_tim.o(i.TIM_Interrupt_Status_Get), (32 bytes).
    Removing n32g430_tim.o(i.TIM_Lock_Up_Break_Disable), (10 bytes).
    Removing n32g430_tim.o(i.TIM_Lock_Up_Break_Enable), (10 bytes).
    Removing n32g430_tim.o(i.TIM_Master_Slave_Mode_Set), (18 bytes).
    Removing n32g430_tim.o(i.TIM_OC4REF_Trigger_To_ADC_Disable), (10 bytes).
    Removing n32g430_tim.o(i.TIM_OC4REF_Trigger_To_ADC_Enable), (10 bytes).
    Removing n32g430_tim.o(i.TIM_OC7REF_Trigger_To_ADC_Disable), (10 bytes).
    Removing n32g430_tim.o(i.TIM_OC7REF_Trigger_To_ADC_Enable), (10 bytes).
    Removing n32g430_tim.o(i.TIM_OC8REF_Trigger_To_ADC_Disable), (10 bytes).
    Removing n32g430_tim.o(i.TIM_OC8REF_Trigger_To_ADC_Enable), (10 bytes).
    Removing n32g430_tim.o(i.TIM_OC9REF_Trigger_To_ADC_Disable), (10 bytes).
    Removing n32g430_tim.o(i.TIM_OC9REF_Trigger_To_ADC_Enable), (10 bytes).
    Removing n32g430_tim.o(i.TIM_Off), (10 bytes).
    Removing n32g430_tim.o(i.TIM_One_Pulse_Mode_Select), (16 bytes).
    Removing n32g430_tim.o(i.TIM_Output_Channel1_Fast_Set), (18 bytes).
    Removing n32g430_tim.o(i.TIM_Output_Channel1_Initialize), (148 bytes).
    Removing n32g430_tim.o(i.TIM_Output_Channel1_Preload_Set), (18 bytes).
    Removing n32g430_tim.o(i.TIM_Output_Channel1_Reference_Clear), (18 bytes).
    Removing n32g430_tim.o(i.TIM_Output_Channel2_Fast_Set), (26 bytes).
    Removing n32g430_tim.o(i.TIM_Output_Channel2_Preload_Set), (26 bytes).
    Removing n32g430_tim.o(i.TIM_Output_Channel2_Reference_Clear), (24 bytes).
    Removing n32g430_tim.o(i.TIM_Output_Channel3_Fast_Set), (20 bytes).
    Removing n32g430_tim.o(i.TIM_Output_Channel3_Preload_Set), (20 bytes).
    Removing n32g430_tim.o(i.TIM_Output_Channel3_Reference_Clear), (20 bytes).
    Removing n32g430_tim.o(i.TIM_Output_Channel4_Fast_Set), (28 bytes).
    Removing n32g430_tim.o(i.TIM_Output_Channel4_Initialize), (176 bytes).
    Removing n32g430_tim.o(i.TIM_Output_Channel4_Preload_Set), (28 bytes).
    Removing n32g430_tim.o(i.TIM_Output_Channel4_Reference_Clear), (26 bytes).
    Removing n32g430_tim.o(i.TIM_Output_Channel5_Fast_Set), (22 bytes).
    Removing n32g430_tim.o(i.TIM_Output_Channel5_Initialize), (112 bytes).
    Removing n32g430_tim.o(i.TIM_Output_Channel5_Preload_Set), (22 bytes).
    Removing n32g430_tim.o(i.TIM_Output_Channel5_Reference_Clear), (22 bytes).
    Removing n32g430_tim.o(i.TIM_Output_Channel6_Fast_Set), (30 bytes).
    Removing n32g430_tim.o(i.TIM_Output_Channel6_Initialize), (120 bytes).
    Removing n32g430_tim.o(i.TIM_Output_Channel6_Preload_Set), (30 bytes).
    Removing n32g430_tim.o(i.TIM_Output_Channel6_Reference_Clear), (28 bytes).
    Removing n32g430_tim.o(i.TIM_Output_Channel7_Preload_Set), (26 bytes).
    Removing n32g430_tim.o(i.TIM_Output_Channel8_Preload_Set), (26 bytes).
    Removing n32g430_tim.o(i.TIM_Output_Channel9_Preload_Set), (26 bytes).
    Removing n32g430_tim.o(i.TIM_Output_Channel_Mode_Set), (86 bytes).
    Removing n32g430_tim.o(i.TIM_Output_Trigger_Select), (20 bytes).
    Removing n32g430_tim.o(i.TIM_PWM_Input_Channel_Config), (120 bytes).
    Removing n32g430_tim.o(i.TIM_PWM_Output_Disable), (14 bytes).
    Removing n32g430_tim.o(i.TIM_Pvd_Break_Disable), (10 bytes).
    Removing n32g430_tim.o(i.TIM_Pvd_Break_Enable), (10 bytes).
    Removing n32g430_tim.o(i.TIM_Reset), (128 bytes).
    Removing n32g430_tim.o(i.TIM_Slave_Mode_Select), (18 bytes).
    Removing n32g430_tim.o(i.TIM_Trigger_As_External_Clock), (58 bytes).
    Removing n32g430_tim.o(i.TIM_Trigger_Source_Select), (18 bytes).
    Removing n32g430_tim.o(i.TIM_Update_Event_Disable), (10 bytes).
    Removing n32g430_tim.o(i.TIM_Update_Event_Enable), (10 bytes).
    Removing n32g430_tim.o(i.TIM_Update_Request_Source_Set), (22 bytes).
    Removing n32g430_dma.o(.rev16_text), (4 bytes).
    Removing n32g430_dma.o(.revsh_text), (4 bytes).
    Removing n32g430_dma.o(.rrx_text), (6 bytes).
    Removing n32g430_dma.o(i.DMA_Buffer_Size_Config), (4 bytes).
    Removing n32g430_dma.o(i.DMA_Channel_Disable), (10 bytes).
    Removing n32g430_dma.o(i.DMA_Channel_Enable), (10 bytes).
    Removing n32g430_dma.o(i.DMA_Channel_Request_Remap), (4 bytes).
    Removing n32g430_dma.o(i.DMA_Circular_Mode_Config), (16 bytes).
    Removing n32g430_dma.o(i.DMA_Current_Data_Transfer_Number_Get), (8 bytes).
    Removing n32g430_dma.o(i.DMA_Current_Data_Transfer_Number_Set), (4 bytes).
    Removing n32g430_dma.o(i.DMA_Destination_Config), (16 bytes).
    Removing n32g430_dma.o(i.DMA_Flag_Status_Clear), (4 bytes).
    Removing n32g430_dma.o(i.DMA_Flag_Status_Get), (16 bytes).
    Removing n32g430_dma.o(i.DMA_Initializes), (96 bytes).
    Removing n32g430_dma.o(i.DMA_Interrupt_Status_Clear), (4 bytes).
    Removing n32g430_dma.o(i.DMA_Interrupt_Status_Get), (16 bytes).
    Removing n32g430_dma.o(i.DMA_Interrupts_Disable), (8 bytes).
    Removing n32g430_dma.o(i.DMA_Interrupts_Enable), (8 bytes).
    Removing n32g430_dma.o(i.DMA_Memory_2_Memory_Config), (16 bytes).
    Removing n32g430_dma.o(i.DMA_Memory_Addr_Increment_Config), (16 bytes).
    Removing n32g430_dma.o(i.DMA_Memory_Address_Config), (4 bytes).
    Removing n32g430_dma.o(i.DMA_Memory_Data_Width_Config), (16 bytes).
    Removing n32g430_dma.o(i.DMA_Peripheral_Addr_Increment_Config), (16 bytes).
    Removing n32g430_dma.o(i.DMA_Peripheral_Address_Config), (4 bytes).
    Removing n32g430_dma.o(i.DMA_Peripheral_Data_Width_Config), (16 bytes).
    Removing n32g430_dma.o(i.DMA_Priority_Config), (16 bytes).
    Removing n32g430_dma.o(i.DMA_Reset), (228 bytes).
    Removing n32g430_dma.o(i.DMA_Structure_Initializes), (26 bytes).
    Removing adtim_common.o(.rev16_text), (4 bytes).
    Removing adtim_common.o(.revsh_text), (4 bytes).
    Removing adtim_common.o(.rrx_text), (6 bytes).
    Removing adtim_common.o(i.Common_ADTIM_Break_IO_Initialize), (88 bytes).
    Removing adtim_common.o(i.Common_ADTIM_GPIO_Initialize), (200 bytes).
    Removing adtim_common.o(i.Common_ADTIM_RCC_Initialize), (92 bytes).
    Removing gptim_common.o(.rev16_text), (4 bytes).
    Removing gptim_common.o(.revsh_text), (4 bytes).
    Removing gptim_common.o(.rrx_text), (6 bytes).
    Removing gptim_common.o(i.Common_GPTIM_GPIO_Initialize), (344 bytes).
    Removing gptim_common.o(i.Common_GPTIM_RCC_Initialize), (124 bytes).
    Removing isr_common.o(.rev16_text), (4 bytes).
    Removing isr_common.o(.revsh_text), (4 bytes).
    Removing isr_common.o(.rrx_text), (6 bytes).
    Removing timer_common.o(.rev16_text), (4 bytes).
    Removing timer_common.o(.revsh_text), (4 bytes).
    Removing timer_common.o(.rrx_text), (6 bytes).
    Removing timer_common.o(i.Common_TIM_DMA_Config), (38 bytes).
    Removing timer_common.o(i.Common_TIM_DMA_Start), (48 bytes).
    Removing timer_common.o(i.Common_TIM_NVIC_Initialize), (48 bytes).
    Removing main.o(.rev16_text), (4 bytes).
    Removing main.o(.revsh_text), (4 bytes).
    Removing main.o(.rrx_text), (6 bytes).

312 unused section(s) (total 10772 bytes) removed from the image.

==============================================================================

Image Symbol Table

    Local Symbols

    Symbol Name                              Value     Ov Type        Size  Object(Section)

    ../clib/microlib/init/entry.s            0x00000000   Number         0  entry7a.o ABSOLUTE
    ../clib/microlib/init/entry.s            0x00000000   Number         0  entry12a.o ABSOLUTE
    ../clib/microlib/init/entry.s            0x00000000   Number         0  entry11b.o ABSOLUTE
    ../clib/microlib/init/entry.s            0x00000000   Number         0  entry11a.o ABSOLUTE
    ../clib/microlib/init/entry.s            0x00000000   Number         0  entry10b.o ABSOLUTE
    ../clib/microlib/init/entry.s            0x00000000   Number         0  entry2.o ABSOLUTE
    ../clib/microlib/init/entry.s            0x00000000   Number         0  entry7b.o ABSOLUTE
    ../clib/microlib/init/entry.s            0x00000000   Number         0  entry10a.o ABSOLUTE
    ../clib/microlib/init/entry.s            0x00000000   Number         0  entry9a.o ABSOLUTE
    ../clib/microlib/init/entry.s            0x00000000   Number         0  entry8b.o ABSOLUTE
    ../clib/microlib/init/entry.s            0x00000000   Number         0  entry8a.o ABSOLUTE
    ../clib/microlib/init/entry.s            0x00000000   Number         0  entry5.o ABSOLUTE
    ../clib/microlib/init/entry.s            0x00000000   Number         0  entry12b.o ABSOLUTE
    ../clib/microlib/init/entry.s            0x00000000   Number         0  entry.o ABSOLUTE
    ../clib/microlib/init/entry.s            0x00000000   Number         0  entry9b.o ABSOLUTE
    ../clib/microlib/string/memset.c         0x00000000   Number         0  memseta.o ABSOLUTE
    ..\..\..\..\..\..\..\firmware\CMSIS\device\startup\startup_n32g430.s 0x00000000   Number         0  startup_n32g430.o ABSOLUTE
    ..\..\..\..\..\..\..\firmware\CMSIS\device\system_n32g430.c 0x00000000   Number         0  system_n32g430.o ABSOLUTE
    ..\..\..\..\..\..\..\firmware\n32g430_std_periph_driver\src\misc.c 0x00000000   Number         0  misc.o ABSOLUTE
    ..\..\..\..\..\..\..\firmware\n32g430_std_periph_driver\src\n32g430_dbg.c 0x00000000   Number         0  n32g430_dbg.o ABSOLUTE
    ..\..\..\..\..\..\..\firmware\n32g430_std_periph_driver\src\n32g430_dma.c 0x00000000   Number         0  n32g430_dma.o ABSOLUTE
    ..\..\..\..\..\..\..\firmware\n32g430_std_periph_driver\src\n32g430_gpio.c 0x00000000   Number         0  n32g430_gpio.o ABSOLUTE
    ..\..\..\..\..\..\..\firmware\n32g430_std_periph_driver\src\n32g430_rcc.c 0x00000000   Number         0  n32g430_rcc.o ABSOLUTE
    ..\..\..\..\..\..\..\firmware\n32g430_std_periph_driver\src\n32g430_tim.c 0x00000000   Number         0  n32g430_tim.o ABSOLUTE
    ..\..\..\TIM_Src\ADTIM_common.c          0x00000000   Number         0  adtim_common.o ABSOLUTE
    ..\..\..\TIM_Src\GPTIM_common.c          0x00000000   Number         0  gptim_common.o ABSOLUTE
    ..\..\..\TIM_Src\ISR_common.c            0x00000000   Number         0  isr_common.o ABSOLUTE
    ..\..\..\TIM_Src\timer_common.c          0x00000000   Number         0  timer_common.o ABSOLUTE
    ..\\..\\..\\..\\..\\..\\..\\firmware\\CMSIS\\device\\system_n32g430.c 0x00000000   Number         0  system_n32g430.o ABSOLUTE
    ..\\..\\..\\..\\..\\..\\..\\firmware\\n32g430_std_periph_driver\\src\\misc.c 0x00000000   Number         0  misc.o ABSOLUTE
    ..\\..\\..\\..\\..\\..\\..\\firmware\\n32g430_std_periph_driver\\src\\n32g430_dbg.c 0x00000000   Number         0  n32g430_dbg.o ABSOLUTE
    ..\\..\\..\\..\\..\\..\\..\\firmware\\n32g430_std_periph_driver\\src\\n32g430_dma.c 0x00000000   Number         0  n32g430_dma.o ABSOLUTE
    ..\\..\\..\\..\\..\\..\\..\\firmware\\n32g430_std_periph_driver\\src\\n32g430_gpio.c 0x00000000   Number         0  n32g430_gpio.o ABSOLUTE
    ..\\..\\..\\..\\..\\..\\..\\firmware\\n32g430_std_periph_driver\\src\\n32g430_rcc.c 0x00000000   Number         0  n32g430_rcc.o ABSOLUTE
    ..\\..\\..\\..\\..\\..\\..\\firmware\\n32g430_std_periph_driver\\src\\n32g430_tim.c 0x00000000   Number         0  n32g430_tim.o ABSOLUTE
    ..\\..\\..\\TIM_Src\\ADTIM_common.c      0x00000000   Number         0  adtim_common.o ABSOLUTE
    ..\\..\\..\\TIM_Src\\GPTIM_common.c      0x00000000   Number         0  gptim_common.o ABSOLUTE
    ..\\..\\..\\TIM_Src\\ISR_common.c        0x00000000   Number         0  isr_common.o ABSOLUTE
    ..\\..\\..\\TIM_Src\\timer_common.c      0x00000000   Number         0  timer_common.o ABSOLUTE
    ..\\main.c                               0x00000000   Number         0  main.o ABSOLUTE
    ..\main.c                                0x00000000   Number         0  main.o ABSOLUTE
    dc.s                                     0x00000000   Number         0  dc.o ABSOLUTE
    handlers.s                               0x00000000   Number         0  handlers.o ABSOLUTE
    init.s                                   0x00000000   Number         0  init.o ABSOLUTE
    RESET                                    0x08000000   Section      276  startup_n32g430.o(RESET)
    .ARM.Collect$$$$00000000                 0x08000114   Section        0  entry.o(.ARM.Collect$$$$00000000)
    .ARM.Collect$$$$00000001                 0x08000114   Section        4  entry2.o(.ARM.Collect$$$$00000001)
    .ARM.Collect$$$$00000004                 0x08000118   Section        4  entry5.o(.ARM.Collect$$$$00000004)
    .ARM.Collect$$$$00000008                 0x0800011c   Section        0  entry7b.o(.ARM.Collect$$$$00000008)
    .ARM.Collect$$$$0000000A                 0x0800011c   Section        0  entry8b.o(.ARM.Collect$$$$0000000A)
    .ARM.Collect$$$$0000000B                 0x0800011c   Section        8  entry9a.o(.ARM.Collect$$$$0000000B)
    .ARM.Collect$$$$0000000E                 0x08000124   Section        4  entry12b.o(.ARM.Collect$$$$0000000E)
    .ARM.Collect$$$$0000000F                 0x08000128   Section        0  entry10a.o(.ARM.Collect$$$$0000000F)
    .ARM.Collect$$$$00000011                 0x08000128   Section        0  entry11a.o(.ARM.Collect$$$$00000011)
    .ARM.Collect$$$$00002712                 0x08000128   Section        4  entry2.o(.ARM.Collect$$$$00002712)
    __lit__00000000                          0x08000128   Data           4  entry2.o(.ARM.Collect$$$$00002712)
    .text                                    0x0800012c   Section       36  startup_n32g430.o(.text)
    $v0                                      0x0800012c   Number         0  startup_n32g430.o(.text)
    .text                                    0x08000150   Section        0  memseta.o(.text)
    .text                                    0x08000174   Section       36  init.o(.text)
    i.BusFault_Handler                       0x08000198   Section        0  isr_common.o(i.BusFault_Handler)
    i.Common_TIM_Base_Initialize             0x0800019c   Section        0  timer_common.o(i.Common_TIM_Base_Initialize)
    i.DebugMon_Handler                       0x080001c4   Section        0  isr_common.o(i.DebugMon_Handler)
    i.DelayUs                                0x080001c8   Section        0  main.o(i.DelayUs)
    i.GPIO_Alternate_Set                     0x08000210   Section        0  n32g430_gpio.o(i.GPIO_Alternate_Set)
    i.GPIO_Driver_Set                        0x08000250   Section        0  n32g430_gpio.o(i.GPIO_Driver_Set)
    i.GPIO_Mode_Set                          0x0800026c   Section        0  n32g430_gpio.o(i.GPIO_Mode_Set)
    i.GPIO_Peripheral_Initialize             0x080002b0   Section        0  n32g430_gpio.o(i.GPIO_Peripheral_Initialize)
    i.GPIO_Pins_Reset                        0x08000306   Section        0  n32g430_gpio.o(i.GPIO_Pins_Reset)
    i.GPIO_Pins_Set                          0x0800030a   Section        0  n32g430_gpio.o(i.GPIO_Pins_Set)
    i.GPIO_Pull_Set                          0x0800030e   Section        0  n32g430_gpio.o(i.GPIO_Pull_Set)
    i.GPIO_SlewRate_Set                      0x0800032a   Section        0  n32g430_gpio.o(i.GPIO_SlewRate_Set)
    i.GPIO_Structure_Initialize              0x08000342   Section        0  n32g430_gpio.o(i.GPIO_Structure_Initialize)
    i.HardFault_Handler                      0x0800035a   Section        0  isr_common.o(i.HardFault_Handler)
    i.MemManage_Handler                      0x0800035e   Section        0  isr_common.o(i.MemManage_Handler)
    i.NMI_Handler                            0x08000362   Section        0  isr_common.o(i.NMI_Handler)
    i.RCC_AHB_Peripheral_Clock_Enable        0x08000364   Section        0  n32g430_rcc.o(i.RCC_AHB_Peripheral_Clock_Enable)
    i.RCC_APB2_Peripheral_Clock_Enable       0x08000374   Section        0  n32g430_rcc.o(i.RCC_APB2_Peripheral_Clock_Enable)
    i.RCC_Clocks_Frequencies_Value_Get       0x08000384   Section        0  n32g430_rcc.o(i.RCC_Clocks_Frequencies_Value_Get)
    i.RCC_Pclk2_Config                       0x0800049c   Section        0  n32g430_rcc.o(i.RCC_Pclk2_Config)
    i.SVC_Handler                            0x080004b4   Section        0  isr_common.o(i.SVC_Handler)
    i.System_Clock_Set                       0x080004b8   Section        0  system_n32g430.o(i.System_Clock_Set)
    System_Clock_Set                         0x080004b9   Thumb Code   254  system_n32g430.o(i.System_Clock_Set)
    i.System_Initializes                     0x080005d0   Section        0  system_n32g430.o(i.System_Initializes)
    i.TIM_Base_Auto_Reload_Set               0x0800067c   Section        0  n32g430_tim.o(i.TIM_Base_Auto_Reload_Set)
    i.TIM_Base_Channel1                      0x08000680   Section        0  n32g430_tim.o(i.TIM_Base_Channel1)
    i.TIM_Base_Channel2                      0x08000696   Section        0  n32g430_tim.o(i.TIM_Base_Channel2)
    i.TIM_Base_Channel3                      0x080006ac   Section        0  n32g430_tim.o(i.TIM_Base_Channel3)
    i.TIM_Base_Channel4                      0x080006c2   Section        0  n32g430_tim.o(i.TIM_Base_Channel4)
    i.TIM_Base_Count_Mode_Set                0x080006d8   Section        0  n32g430_tim.o(i.TIM_Base_Count_Mode_Set)
    i.TIM_Base_Initialize                    0x080006e8   Section        0  n32g430_tim.o(i.TIM_Base_Initialize)
    i.TIM_Base_OCrefClear                    0x08000798   Section        0  n32g430_tim.o(i.TIM_Base_OCrefClear)
    i.TIM_Base_Prescaler_Set                 0x080007ae   Section        0  n32g430_tim.o(i.TIM_Base_Prescaler_Set)
    i.TIM_Base_Reload_Mode_Set               0x080007b2   Section        0  n32g430_tim.o(i.TIM_Base_Reload_Mode_Set)
    i.TIM_Base_Repeat_Count_Set              0x080007b6   Section        0  n32g430_tim.o(i.TIM_Base_Repeat_Count_Set)
    i.TIM_Base_Struct_Initialize             0x080007ba   Section        0  n32g430_tim.o(i.TIM_Base_Struct_Initialize)
    i.TIM_Capture_Compare_Ch_Disable         0x080007d8   Section        0  n32g430_tim.o(i.TIM_Capture_Compare_Ch_Disable)
    i.TIM_Capture_Compare_Ch_Enable          0x080007e4   Section        0  n32g430_tim.o(i.TIM_Capture_Compare_Ch_Enable)
    i.TIM_Capture_Compare_Ch_N_Disable       0x080007f0   Section        0  n32g430_tim.o(i.TIM_Capture_Compare_Ch_N_Disable)
    i.TIM_Capture_Compare_Ch_N_Enable        0x080007fc   Section        0  n32g430_tim.o(i.TIM_Capture_Compare_Ch_N_Enable)
    i.TIM_Clock_Division_Set                 0x08000808   Section        0  n32g430_tim.o(i.TIM_Clock_Division_Set)
    i.TIM_On                                 0x08000818   Section        0  n32g430_tim.o(i.TIM_On)
    i.TIM_Output_Channel2_Initialize         0x08000824   Section        0  n32g430_tim.o(i.TIM_Output_Channel2_Initialize)
    i.TIM_Output_Channel3_Initialize         0x080008c4   Section        0  n32g430_tim.o(i.TIM_Output_Channel3_Initialize)
    i.TIM_Output_Channel_N_Polarity_Set      0x08000960   Section        0  n32g430_tim.o(i.TIM_Output_Channel_N_Polarity_Set)
    i.TIM_Output_Channel_Polarity_Set        0x08000976   Section        0  n32g430_tim.o(i.TIM_Output_Channel_Polarity_Set)
    i.TIM_Output_Channel_Struct_Initialize   0x0800098c   Section        0  n32g430_tim.o(i.TIM_Output_Channel_Struct_Initialize)
    i.TIM_PWM_Output_Enable                  0x080009a0   Section        0  n32g430_tim.o(i.TIM_PWM_Output_Enable)
    i.UsageFault_Handler                     0x080009ae   Section        0  isr_common.o(i.UsageFault_Handler)
    i.__scatterload_copy                     0x080009b2   Section       14  handlers.o(i.__scatterload_copy)
    i.__scatterload_null                     0x080009c0   Section        2  handlers.o(i.__scatterload_null)
    i.__scatterload_zeroinit                 0x080009c2   Section       14  handlers.o(i.__scatterload_zeroinit)
    i.main                                   0x080009d0   Section        0  main.o(i.main)
    .constdata                               0x08000b6c   Section       64  n32g430_rcc.o(.constdata)
    APBAHBPresTable                          0x08000b6c   Data          16  n32g430_rcc.o(.constdata)
    ADCHCLKPresTable                         0x08000b7c   Data          16  n32g430_rcc.o(.constdata)
    ADCPLLCLKPresTable                       0x08000b8c   Data          32  n32g430_rcc.o(.constdata)
    .data                                    0x20000000   Section        4  system_n32g430.o(.data)
    .data                                    0x20000004   Section       16  main.o(.data)
    .bss                                     0x20000014   Section       16  timer_common.o(.bss)
    TIM_TimeBaseStructure                    0x20000014   Data          16  timer_common.o(.bss)
    .bss                                     0x20000024   Section       34  main.o(.bss)
    TIM_OCInitStructure                      0x20000024   Data          16  main.o(.bss)
    TIM_BDTRInitStructure                    0x20000034   Data          18  main.o(.bss)
    STACK                                    0x20000048   Section     5376  startup_n32g430.o(STACK)

    Global Symbols

    Symbol Name                              Value     Ov Type        Size  Object(Section)

    BuildAttributes$$THM_ISAv4$E$P$D$K$B$S$7EM$VFPi3$EXTD16$VFPS$VFMA$PE$A:L22UL41UL21$X:L11$S22US41US21$IEEE1$IW$USESV6$~STKCKD$USESV7$~SHL$OSPACE$EBA8$MICROLIB$REQ8$PRES8$EABIv2 0x00000000   Number         0  anon$$obj.o ABSOLUTE
    __ARM_use_no_argv                        0x00000000   Number         0  main.o ABSOLUTE
    __arm_fini_                               - Undefined Weak Reference
    __cpp_initialize__aeabi_                  - Undefined Weak Reference
    __cxa_finalize                            - Undefined Weak Reference
    __decompress                              - Undefined Weak Reference
    _clock_init                               - Undefined Weak Reference
    _microlib_exit                            - Undefined Weak Reference
    __Vectors_Size                           0x00000114   Number         0  startup_n32g430.o ABSOLUTE
    __Vectors                                0x08000000   Data           4  startup_n32g430.o(RESET)
    __Vectors_End                            0x08000114   Data           0  startup_n32g430.o(RESET)
    __main                                   0x08000115   Thumb Code     0  entry.o(.ARM.Collect$$$$00000000)
    _main_stk                                0x08000115   Thumb Code     0  entry2.o(.ARM.Collect$$$$00000001)
    _main_scatterload                        0x08000119   Thumb Code     0  entry5.o(.ARM.Collect$$$$00000004)
    __main_after_scatterload                 0x0800011d   Thumb Code     0  entry5.o(.ARM.Collect$$$$00000004)
    _main_clock                              0x0800011d   Thumb Code     0  entry7b.o(.ARM.Collect$$$$00000008)
    _main_cpp_init                           0x0800011d   Thumb Code     0  entry8b.o(.ARM.Collect$$$$0000000A)
    _main_init                               0x0800011d   Thumb Code     0  entry9a.o(.ARM.Collect$$$$0000000B)
    __rt_lib_shutdown_fini                   0x08000125   Thumb Code     0  entry12b.o(.ARM.Collect$$$$0000000E)
    __rt_final_cpp                           0x08000129   Thumb Code     0  entry10a.o(.ARM.Collect$$$$0000000F)
    __rt_final_exit                          0x08000129   Thumb Code     0  entry11a.o(.ARM.Collect$$$$00000011)
    Reset_Handler                            0x0800012d   Thumb Code     8  startup_n32g430.o(.text)
    PendSV_Handler                           0x08000143   Thumb Code     2  startup_n32g430.o(.text)
    SysTick_Handler                          0x08000145   Thumb Code     2  startup_n32g430.o(.text)
    ADC_IRQHandler                           0x08000147   Thumb Code     0  startup_n32g430.o(.text)
    CAN_RX0_IRQHandler                       0x08000147   Thumb Code     0  startup_n32g430.o(.text)
    CAN_RX1_IRQHandler                       0x08000147   Thumb Code     0  startup_n32g430.o(.text)
    CAN_SCE_IRQHandler                       0x08000147   Thumb Code     0  startup_n32g430.o(.text)
    CAN_TX_IRQHandler                        0x08000147   Thumb Code     0  startup_n32g430.o(.text)
    COMP_1_2_3_IRQHandler                    0x08000147   Thumb Code     0  startup_n32g430.o(.text)
    DMA_Channel1_IRQHandler                  0x08000147   Thumb Code     0  startup_n32g430.o(.text)
    DMA_Channel2_IRQHandler                  0x08000147   Thumb Code     0  startup_n32g430.o(.text)
    DMA_Channel3_IRQHandler                  0x08000147   Thumb Code     0  startup_n32g430.o(.text)
    DMA_Channel4_IRQHandler                  0x08000147   Thumb Code     0  startup_n32g430.o(.text)
    DMA_Channel5_IRQHandler                  0x08000147   Thumb Code     0  startup_n32g430.o(.text)
    DMA_Channel6_IRQHandler                  0x08000147   Thumb Code     0  startup_n32g430.o(.text)
    DMA_Channel7_IRQHandler                  0x08000147   Thumb Code     0  startup_n32g430.o(.text)
    DMA_Channel8_IRQHandler                  0x08000147   Thumb Code     0  startup_n32g430.o(.text)
    EXTI0_IRQHandler                         0x08000147   Thumb Code     0  startup_n32g430.o(.text)
    EXTI15_10_IRQHandler                     0x08000147   Thumb Code     0  startup_n32g430.o(.text)
    EXTI1_IRQHandler                         0x08000147   Thumb Code     0  startup_n32g430.o(.text)
    EXTI2_IRQHandler                         0x08000147   Thumb Code     0  startup_n32g430.o(.text)
    EXTI3_IRQHandler                         0x08000147   Thumb Code     0  startup_n32g430.o(.text)
    EXTI4_IRQHandler                         0x08000147   Thumb Code     0  startup_n32g430.o(.text)
    EXTI9_5_IRQHandler                       0x08000147   Thumb Code     0  startup_n32g430.o(.text)
    FLASH_IRQHandler                         0x08000147   Thumb Code     0  startup_n32g430.o(.text)
    I2C1_ER_IRQHandler                       0x08000147   Thumb Code     0  startup_n32g430.o(.text)
    I2C1_EV_IRQHandler                       0x08000147   Thumb Code     0  startup_n32g430.o(.text)
    I2C2_ER_IRQHandler                       0x08000147   Thumb Code     0  startup_n32g430.o(.text)
    I2C2_EV_IRQHandler                       0x08000147   Thumb Code     0  startup_n32g430.o(.text)
    LPTIM_WKUP_IRQHandler                    0x08000147   Thumb Code     0  startup_n32g430.o(.text)
    MMU_IRQHandler                           0x08000147   Thumb Code     0  startup_n32g430.o(.text)
    PVD_IRQHandler                           0x08000147   Thumb Code     0  startup_n32g430.o(.text)
    RCC_IRQHandler                           0x08000147   Thumb Code     0  startup_n32g430.o(.text)
    RTCAlarm_IRQHandler                      0x08000147   Thumb Code     0  startup_n32g430.o(.text)
    RTC_TAMPER_STAMP_IRQHandler              0x08000147   Thumb Code     0  startup_n32g430.o(.text)
    RTC_WKUP_IRQHandler                      0x08000147   Thumb Code     0  startup_n32g430.o(.text)
    SPI1_IRQHandler                          0x08000147   Thumb Code     0  startup_n32g430.o(.text)
    SPI2_IRQHandler                          0x08000147   Thumb Code     0  startup_n32g430.o(.text)
    TIM1_BRK_IRQHandler                      0x08000147   Thumb Code     0  startup_n32g430.o(.text)
    TIM1_CC_IRQHandler                       0x08000147   Thumb Code     0  startup_n32g430.o(.text)
    TIM1_TRG_COM_IRQHandler                  0x08000147   Thumb Code     0  startup_n32g430.o(.text)
    TIM1_UP_IRQHandler                       0x08000147   Thumb Code     0  startup_n32g430.o(.text)
    TIM2_IRQHandler                          0x08000147   Thumb Code     0  startup_n32g430.o(.text)
    TIM3_IRQHandler                          0x08000147   Thumb Code     0  startup_n32g430.o(.text)
    TIM4_IRQHandler                          0x08000147   Thumb Code     0  startup_n32g430.o(.text)
    TIM5_IRQHandler                          0x08000147   Thumb Code     0  startup_n32g430.o(.text)
    TIM6_IRQHandler                          0x08000147   Thumb Code     0  startup_n32g430.o(.text)
    TIM8_BRK_IRQHandler                      0x08000147   Thumb Code     0  startup_n32g430.o(.text)
    TIM8_CC_IRQHandler                       0x08000147   Thumb Code     0  startup_n32g430.o(.text)
    TIM8_TRG_COM_IRQHandler                  0x08000147   Thumb Code     0  startup_n32g430.o(.text)
    TIM8_UP_IRQHandler                       0x08000147   Thumb Code     0  startup_n32g430.o(.text)
    UART3_IRQHandler                         0x08000147   Thumb Code     0  startup_n32g430.o(.text)
    UART4_IRQHandler                         0x08000147   Thumb Code     0  startup_n32g430.o(.text)
    USART1_IRQHandler                        0x08000147   Thumb Code     0  startup_n32g430.o(.text)
    USART2_IRQHandler                        0x08000147   Thumb Code     0  startup_n32g430.o(.text)
    WWDG_IRQHandler                          0x08000147   Thumb Code     0  startup_n32g430.o(.text)
    __aeabi_memset                           0x08000151   Thumb Code    14  memseta.o(.text)
    __aeabi_memset4                          0x08000151   Thumb Code     0  memseta.o(.text)
    __aeabi_memset8                          0x08000151   Thumb Code     0  memseta.o(.text)
    __aeabi_memclr                           0x0800015f   Thumb Code     4  memseta.o(.text)
    __aeabi_memclr4                          0x0800015f   Thumb Code     0  memseta.o(.text)
    __aeabi_memclr8                          0x0800015f   Thumb Code     0  memseta.o(.text)
    _memset$wrapper                          0x08000163   Thumb Code    18  memseta.o(.text)
    __scatterload                            0x08000175   Thumb Code    28  init.o(.text)
    __scatterload_rt2                        0x08000175   Thumb Code     0  init.o(.text)
    BusFault_Handler                         0x08000199   Thumb Code     4  isr_common.o(i.BusFault_Handler)
    Common_TIM_Base_Initialize               0x0800019d   Thumb Code    36  timer_common.o(i.Common_TIM_Base_Initialize)
    DebugMon_Handler                         0x080001c5   Thumb Code     2  isr_common.o(i.DebugMon_Handler)
    DelayUs                                  0x080001c9   Thumb Code    62  main.o(i.DelayUs)
    GPIO_Alternate_Set                       0x08000211   Thumb Code    64  n32g430_gpio.o(i.GPIO_Alternate_Set)
    GPIO_Driver_Set                          0x08000251   Thumb Code    28  n32g430_gpio.o(i.GPIO_Driver_Set)
    GPIO_Mode_Set                            0x0800026d   Thumb Code    68  n32g430_gpio.o(i.GPIO_Mode_Set)
    GPIO_Peripheral_Initialize               0x080002b1   Thumb Code    86  n32g430_gpio.o(i.GPIO_Peripheral_Initialize)
    GPIO_Pins_Reset                          0x08000307   Thumb Code     4  n32g430_gpio.o(i.GPIO_Pins_Reset)
    GPIO_Pins_Set                            0x0800030b   Thumb Code     4  n32g430_gpio.o(i.GPIO_Pins_Set)
    GPIO_Pull_Set                            0x0800030f   Thumb Code    28  n32g430_gpio.o(i.GPIO_Pull_Set)
    GPIO_SlewRate_Set                        0x0800032b   Thumb Code    24  n32g430_gpio.o(i.GPIO_SlewRate_Set)
    GPIO_Structure_Initialize                0x08000343   Thumb Code    24  n32g430_gpio.o(i.GPIO_Structure_Initialize)
    HardFault_Handler                        0x0800035b   Thumb Code     4  isr_common.o(i.HardFault_Handler)
    MemManage_Handler                        0x0800035f   Thumb Code     4  isr_common.o(i.MemManage_Handler)
    NMI_Handler                              0x08000363   Thumb Code     2  isr_common.o(i.NMI_Handler)
    RCC_AHB_Peripheral_Clock_Enable          0x08000365   Thumb Code    12  n32g430_rcc.o(i.RCC_AHB_Peripheral_Clock_Enable)
    RCC_APB2_Peripheral_Clock_Enable         0x08000375   Thumb Code    12  n32g430_rcc.o(i.RCC_APB2_Peripheral_Clock_Enable)
    RCC_Clocks_Frequencies_Value_Get         0x08000385   Thumb Code   250  n32g430_rcc.o(i.RCC_Clocks_Frequencies_Value_Get)
    RCC_Pclk2_Config                         0x0800049d   Thumb Code    20  n32g430_rcc.o(i.RCC_Pclk2_Config)
    SVC_Handler                              0x080004b5   Thumb Code     2  isr_common.o(i.SVC_Handler)
    System_Initializes                       0x080005d1   Thumb Code   144  system_n32g430.o(i.System_Initializes)
    TIM_Base_Auto_Reload_Set                 0x0800067d   Thumb Code     4  n32g430_tim.o(i.TIM_Base_Auto_Reload_Set)
    TIM_Base_Channel1                        0x08000681   Thumb Code    22  n32g430_tim.o(i.TIM_Base_Channel1)
    TIM_Base_Channel2                        0x08000697   Thumb Code    22  n32g430_tim.o(i.TIM_Base_Channel2)
    TIM_Base_Channel3                        0x080006ad   Thumb Code    22  n32g430_tim.o(i.TIM_Base_Channel3)
    TIM_Base_Channel4                        0x080006c3   Thumb Code    22  n32g430_tim.o(i.TIM_Base_Channel4)
    TIM_Base_Count_Mode_Set                  0x080006d9   Thumb Code    16  n32g430_tim.o(i.TIM_Base_Count_Mode_Set)
    TIM_Base_Initialize                      0x080006e9   Thumb Code   156  n32g430_tim.o(i.TIM_Base_Initialize)
    TIM_Base_OCrefClear                      0x08000799   Thumb Code    22  n32g430_tim.o(i.TIM_Base_OCrefClear)
    TIM_Base_Prescaler_Set                   0x080007af   Thumb Code     4  n32g430_tim.o(i.TIM_Base_Prescaler_Set)
    TIM_Base_Reload_Mode_Set                 0x080007b3   Thumb Code     4  n32g430_tim.o(i.TIM_Base_Reload_Mode_Set)
    TIM_Base_Repeat_Count_Set                0x080007b7   Thumb Code     4  n32g430_tim.o(i.TIM_Base_Repeat_Count_Set)
    TIM_Base_Struct_Initialize               0x080007bb   Thumb Code    30  n32g430_tim.o(i.TIM_Base_Struct_Initialize)
    TIM_Capture_Compare_Ch_Disable           0x080007d9   Thumb Code    12  n32g430_tim.o(i.TIM_Capture_Compare_Ch_Disable)
    TIM_Capture_Compare_Ch_Enable            0x080007e5   Thumb Code    12  n32g430_tim.o(i.TIM_Capture_Compare_Ch_Enable)
    TIM_Capture_Compare_Ch_N_Disable         0x080007f1   Thumb Code    12  n32g430_tim.o(i.TIM_Capture_Compare_Ch_N_Disable)
    TIM_Capture_Compare_Ch_N_Enable          0x080007fd   Thumb Code    12  n32g430_tim.o(i.TIM_Capture_Compare_Ch_N_Enable)
    TIM_Clock_Division_Set                   0x08000809   Thumb Code    16  n32g430_tim.o(i.TIM_Clock_Division_Set)
    TIM_On                                   0x08000819   Thumb Code    10  n32g430_tim.o(i.TIM_On)
    TIM_Output_Channel2_Initialize           0x08000825   Thumb Code   152  n32g430_tim.o(i.TIM_Output_Channel2_Initialize)
    TIM_Output_Channel3_Initialize           0x080008c5   Thumb Code   146  n32g430_tim.o(i.TIM_Output_Channel3_Initialize)
    TIM_Output_Channel_N_Polarity_Set        0x08000961   Thumb Code    22  n32g430_tim.o(i.TIM_Output_Channel_N_Polarity_Set)
    TIM_Output_Channel_Polarity_Set          0x08000977   Thumb Code    22  n32g430_tim.o(i.TIM_Output_Channel_Polarity_Set)
    TIM_Output_Channel_Struct_Initialize     0x0800098d   Thumb Code    20  n32g430_tim.o(i.TIM_Output_Channel_Struct_Initialize)
    TIM_PWM_Output_Enable                    0x080009a1   Thumb Code    14  n32g430_tim.o(i.TIM_PWM_Output_Enable)
    UsageFault_Handler                       0x080009af   Thumb Code     4  isr_common.o(i.UsageFault_Handler)
    __scatterload_copy                       0x080009b3   Thumb Code    14  handlers.o(i.__scatterload_copy)
    __scatterload_null                       0x080009c1   Thumb Code     2  handlers.o(i.__scatterload_null)
    __scatterload_zeroinit                   0x080009c3   Thumb Code    14  handlers.o(i.__scatterload_zeroinit)
    main                                     0x080009d1   Thumb Code   374  main.o(i.main)
    Region$$Table$$Base                      0x08000bac   Number         0  anon$$obj.o(Region$$Table)
    Region$$Table$$Limit                     0x08000bcc   Number         0  anon$$obj.o(Region$$Table)
    SystemClockFrequency                     0x20000000   Data           4  system_n32g430.o(.data)
    TimerPeriod                              0x20000004   Data           2  main.o(.data)
    Channel1Pulse                            0x20000006   Data           2  main.o(.data)
    Channel2Pulse                            0x20000008   Data           2  main.o(.data)
    Channel3Pulse                            0x2000000a   Data           2  main.o(.data)
    channel4Pulse                            0x2000000c   Data           2  main.o(.data)
    ADTIMClockFrequency                      0x20000010   Data           4  main.o(.data)
    __initial_sp                             0x20001548   Data           0  startup_n32g430.o(STACK)



==============================================================================

Memory Map of the image

  Image Entry point : 0x08000115

  Load Region LR_IROM1 (Base: 0x08000000, Size: 0x00000be0, Max: 0x00010000, ABSOLUTE)

    Execution Region ER_IROM1 (Exec base: 0x08000000, Load base: 0x08000000, Size: 0x00000bcc, Max: 0x00010000, ABSOLUTE)

    Exec Addr    Load Addr    Size         Type   Attr      Idx    E Section Name        Object

    0x08000000   0x08000000   0x00000114   Data   RO            3    RESET               startup_n32g430.o
    0x08000114   0x08000114   0x00000000   Code   RO         2378  * .ARM.Collect$$$$00000000  mc_w.l(entry.o)
    0x08000114   0x08000114   0x00000004   Code   RO         2383    .ARM.Collect$$$$00000001  mc_w.l(entry2.o)
    0x08000118   0x08000118   0x00000004   Code   RO         2386    .ARM.Collect$$$$00000004  mc_w.l(entry5.o)
    0x0800011c   0x0800011c   0x00000000   Code   RO         2388    .ARM.Collect$$$$00000008  mc_w.l(entry7b.o)
    0x0800011c   0x0800011c   0x00000000   Code   RO         2390    .ARM.Collect$$$$0000000A  mc_w.l(entry8b.o)
    0x0800011c   0x0800011c   0x00000008   Code   RO         2391    .ARM.Collect$$$$0000000B  mc_w.l(entry9a.o)
    0x08000124   0x08000124   0x00000004   Code   RO         2398    .ARM.Collect$$$$0000000E  mc_w.l(entry12b.o)
    0x08000128   0x08000128   0x00000000   Code   RO         2393    .ARM.Collect$$$$0000000F  mc_w.l(entry10a.o)
    0x08000128   0x08000128   0x00000000   Code   RO         2395    .ARM.Collect$$$$00000011  mc_w.l(entry11a.o)
    0x08000128   0x08000128   0x00000004   Code   RO         2384    .ARM.Collect$$$$00002712  mc_w.l(entry2.o)
    0x0800012c   0x0800012c   0x00000024   Code   RO            4    .text               startup_n32g430.o
    0x08000150   0x08000150   0x00000024   Code   RO         2381    .text               mc_w.l(memseta.o)
    0x08000174   0x08000174   0x00000024   Code   RO         2399    .text               mc_w.l(init.o)
    0x08000198   0x08000198   0x00000004   Code   RO         2160    i.BusFault_Handler  isr_common.o
    0x0800019c   0x0800019c   0x00000028   Code   RO         2300    i.Common_TIM_Base_Initialize  timer_common.o
    0x080001c4   0x080001c4   0x00000002   Code   RO         2161    i.DebugMon_Handler  isr_common.o
    0x080001c6   0x080001c6   0x00000002   PAD
    0x080001c8   0x080001c8   0x00000048   Code   RO         2347    i.DelayUs           main.o
    0x08000210   0x08000210   0x00000040   Code   RO          272    i.GPIO_Alternate_Set  n32g430_gpio.o
    0x08000250   0x08000250   0x0000001c   Code   RO          273    i.GPIO_Driver_Set   n32g430_gpio.o
    0x0800026c   0x0800026c   0x00000044   Code   RO          277    i.GPIO_Mode_Set     n32g430_gpio.o
    0x080002b0   0x080002b0   0x00000056   Code   RO          282    i.GPIO_Peripheral_Initialize  n32g430_gpio.o
    0x08000306   0x08000306   0x00000004   Code   RO          286    i.GPIO_Pins_Reset   n32g430_gpio.o
    0x0800030a   0x0800030a   0x00000004   Code   RO          287    i.GPIO_Pins_Set     n32g430_gpio.o
    0x0800030e   0x0800030e   0x0000001c   Code   RO          288    i.GPIO_Pull_Set     n32g430_gpio.o
    0x0800032a   0x0800032a   0x00000018   Code   RO          290    i.GPIO_SlewRate_Set  n32g430_gpio.o
    0x08000342   0x08000342   0x00000018   Code   RO          291    i.GPIO_Structure_Initialize  n32g430_gpio.o
    0x0800035a   0x0800035a   0x00000004   Code   RO         2162    i.HardFault_Handler  isr_common.o
    0x0800035e   0x0800035e   0x00000004   Code   RO         2163    i.MemManage_Handler  isr_common.o
    0x08000362   0x08000362   0x00000002   Code   RO         2164    i.NMI_Handler       isr_common.o
    0x08000364   0x08000364   0x00000010   Code   RO          503    i.RCC_AHB_Peripheral_Clock_Enable  n32g430_rcc.o
    0x08000374   0x08000374   0x00000010   Code   RO          509    i.RCC_APB2_Peripheral_Clock_Enable  n32g430_rcc.o
    0x08000384   0x08000384   0x00000118   Code   RO          514    i.RCC_Clocks_Frequencies_Value_Get  n32g430_rcc.o
    0x0800049c   0x0800049c   0x00000018   Code   RO          546    i.RCC_Pclk2_Config  n32g430_rcc.o
    0x080004b4   0x080004b4   0x00000002   Code   RO         2165    i.SVC_Handler       isr_common.o
    0x080004b6   0x080004b6   0x00000002   PAD
    0x080004b8   0x080004b8   0x00000118   Code   RO           14    i.System_Clock_Set  system_n32g430.o
    0x080005d0   0x080005d0   0x000000ac   Code   RO           15    i.System_Initializes  system_n32g430.o
    0x0800067c   0x0800067c   0x00000004   Code   RO          879    i.TIM_Base_Auto_Reload_Set  n32g430_tim.o
    0x08000680   0x08000680   0x00000016   Code   RO          881    i.TIM_Base_Channel1  n32g430_tim.o
    0x08000696   0x08000696   0x00000016   Code   RO          882    i.TIM_Base_Channel2  n32g430_tim.o
    0x080006ac   0x080006ac   0x00000016   Code   RO          883    i.TIM_Base_Channel3  n32g430_tim.o
    0x080006c2   0x080006c2   0x00000016   Code   RO          884    i.TIM_Base_Channel4  n32g430_tim.o
    0x080006d8   0x080006d8   0x00000010   Code   RO          886    i.TIM_Base_Count_Mode_Set  n32g430_tim.o
    0x080006e8   0x080006e8   0x000000b0   Code   RO          888    i.TIM_Base_Initialize  n32g430_tim.o
    0x08000798   0x08000798   0x00000016   Code   RO          889    i.TIM_Base_OCrefClear  n32g430_tim.o
    0x080007ae   0x080007ae   0x00000004   Code   RO          891    i.TIM_Base_Prescaler_Set  n32g430_tim.o
    0x080007b2   0x080007b2   0x00000004   Code   RO          892    i.TIM_Base_Reload_Mode_Set  n32g430_tim.o
    0x080007b6   0x080007b6   0x00000004   Code   RO          893    i.TIM_Base_Repeat_Count_Set  n32g430_tim.o
    0x080007ba   0x080007ba   0x0000001e   Code   RO          894    i.TIM_Base_Struct_Initialize  n32g430_tim.o
    0x080007d8   0x080007d8   0x0000000c   Code   RO          901    i.TIM_Capture_Compare_Ch_Disable  n32g430_tim.o
    0x080007e4   0x080007e4   0x0000000c   Code   RO          902    i.TIM_Capture_Compare_Ch_Enable  n32g430_tim.o
    0x080007f0   0x080007f0   0x0000000c   Code   RO          903    i.TIM_Capture_Compare_Ch_N_Disable  n32g430_tim.o
    0x080007fc   0x080007fc   0x0000000c   Code   RO          904    i.TIM_Capture_Compare_Ch_N_Enable  n32g430_tim.o
    0x08000808   0x08000808   0x00000010   Code   RO          919    i.TIM_Clock_Division_Set  n32g430_tim.o
    0x08000818   0x08000818   0x0000000a   Code   RO          993    i.TIM_On            n32g430_tim.o
    0x08000822   0x08000822   0x00000002   PAD
    0x08000824   0x08000824   0x000000a0   Code   RO         1000    i.TIM_Output_Channel2_Initialize  n32g430_tim.o
    0x080008c4   0x080008c4   0x0000009c   Code   RO         1004    i.TIM_Output_Channel3_Initialize  n32g430_tim.o
    0x08000960   0x08000960   0x00000016   Code   RO         1023    i.TIM_Output_Channel_N_Polarity_Set  n32g430_tim.o
    0x08000976   0x08000976   0x00000016   Code   RO         1024    i.TIM_Output_Channel_Polarity_Set  n32g430_tim.o
    0x0800098c   0x0800098c   0x00000014   Code   RO         1025    i.TIM_Output_Channel_Struct_Initialize  n32g430_tim.o
    0x080009a0   0x080009a0   0x0000000e   Code   RO         1029    i.TIM_PWM_Output_Enable  n32g430_tim.o
    0x080009ae   0x080009ae   0x00000004   Code   RO         2166    i.UsageFault_Handler  isr_common.o
    0x080009b2   0x080009b2   0x0000000e   Code   RO         2403    i.__scatterload_copy  mc_w.l(handlers.o)
    0x080009c0   0x080009c0   0x00000002   Code   RO         2404    i.__scatterload_null  mc_w.l(handlers.o)
    0x080009c2   0x080009c2   0x0000000e   Code   RO         2405    i.__scatterload_zeroinit  mc_w.l(handlers.o)
    0x080009d0   0x080009d0   0x0000019c   Code   RO         2348    i.main              main.o
    0x08000b6c   0x08000b6c   0x00000040   Data   RO          555    .constdata          n32g430_rcc.o
    0x08000bac   0x08000bac   0x00000020   Data   RO         2401    Region$$Table       anon$$obj.o


    Execution Region RW_IRAM1 (Exec base: 0x20000000, Load base: 0x08000bcc, Size: 0x00001548, Max: 0x00004000, ABSOLUTE)

    Exec Addr    Load Addr    Size         Type   Attr      Idx    E Section Name        Object

    0x20000000   0x08000bcc   0x00000004   Data   RW           17    .data               system_n32g430.o
    0x20000004   0x08000bd0   0x00000010   Data   RW         2350    .data               main.o
    0x20000014        -       0x00000010   Zero   RW         2304    .bss                timer_common.o
    0x20000024        -       0x00000022   Zero   RW         2349    .bss                main.o
    0x20000046   0x08000be0   0x00000002   PAD
    0x20000048        -       0x00001500   Zero   RW            1    STACK               startup_n32g430.o


==============================================================================

Image component sizes


      Code (inc. data)   RO Data    RW Data    ZI Data      Debug   Object Name

        22          0          0          0          0       3875   isr_common.o
       484         48          0         16         34       1959   main.o
       330          0          0          0          0       7830   n32g430_gpio.o
       336         42         64          0          0       4123   n32g430_rcc.o
       816         38          0          0          0      19137   n32g430_tim.o
        36          8        276          0       5376       1012   startup_n32g430.o
       452         54          0          4          0     289006   system_n32g430.o
        40          4          0          0         16       1441   timer_common.o

    ----------------------------------------------------------------------
      2522        194        372         20       5428     328383   Object Totals
         0          0         32          0          0          0   (incl. Generated)
         6          0          0          0          2          0   (incl. Padding)

    ----------------------------------------------------------------------

      Code (inc. data)   RO Data    RW Data    ZI Data      Debug   Library Member Name

         0          0          0          0          0          0   entry.o
         0          0          0          0          0          0   entry10a.o
         0          0          0          0          0          0   entry11a.o
         4          0          0          0          0          0   entry12b.o
         8          4          0          0          0          0   entry2.o
         4          0          0          0          0          0   entry5.o
         0          0          0          0          0          0   entry7b.o
         0          0          0          0          0          0   entry8b.o
         8          4          0          0          0          0   entry9a.o
        30          0          0          0          0          0   handlers.o
        36          8          0          0          0         68   init.o
        36          0          0          0          0        108   memseta.o

    ----------------------------------------------------------------------
       126         16          0          0          0        176   Library Totals
         0          0          0          0          0          0   (incl. Padding)

    ----------------------------------------------------------------------

      Code (inc. data)   RO Data    RW Data    ZI Data      Debug   Library Name

       126         16          0          0          0        176   mc_w.l

    ----------------------------------------------------------------------
       126         16          0          0          0        176   Library Totals

    ----------------------------------------------------------------------

==============================================================================


      Code (inc. data)   RO Data    RW Data    ZI Data      Debug   

      2648        210        372         20       5428     324363   Grand Totals
      2648        210        372         20       5428     324363   ELF Image Totals
      2648        210        372         20          0          0   ROM Totals

==============================================================================

    Total RO  Size (Code + RO Data)                 3020 (   2.95kB)
    Total RW  Size (RW Data + ZI Data)              5448 (   5.32kB)
    Total ROM Size (Code + RO Data + RW Data)       3040 (   2.97kB)

==============================================================================

