<!doctype html public "-//w3c//dtd html 4.0 transitional//en">
<html><head>
<title>Static Call Graph - [.\Objects\ADC_DMA.axf]</title></head>
<body><HR>
<H1>Static Call Graph for image .\Objects\ADC_DMA.axf</H1><HR>
<BR><P>#&#060CALLGRAPH&#062# ARM Linker, 5060960: Last Updated: Fri Jun 17 11:22:03 2022
<BR><P>
<H3>Maximum Stack Usage =         72 bytes + Unknown(Cycles, Untraceable Function Pointers)</H3><H3>
Call chain for Maximum Stack Depth:</H3>
main &rArr; DMAInit &rArr; NVIC_Initializes
<P>
<H3>
Mutually Recursive functions
</H3> <LI><a href="#[8]">PendSV_Handler</a>&nbsp;&nbsp;&nbsp;&rArr;&nbsp;&nbsp;&nbsp;<a href="#[8]">PendSV_Handler</a><BR>
 <LI><a href="#[1d]">ADC_IRQHandler</a>&nbsp;&nbsp;&nbsp;&rArr;&nbsp;&nbsp;&nbsp;<a href="#[1d]">ADC_IRQHandler</a><BR>
</UL>
<P>
<H3>
Function Pointers
</H3><UL>
 <LI><a href="#[1d]">ADC_IRQHandler</a> from startup_n32g430.o(.text) referenced from startup_n32g430.o(RESET)
 <LI><a href="#[4]">BusFault_Handler</a> from n32g430_it.o(.text) referenced from startup_n32g430.o(RESET)
 <LI><a href="#[3c]">CAN_RX0_IRQHandler</a> from startup_n32g430.o(.text) referenced from startup_n32g430.o(RESET)
 <LI><a href="#[3d]">CAN_RX1_IRQHandler</a> from startup_n32g430.o(.text) referenced from startup_n32g430.o(RESET)
 <LI><a href="#[3e]">CAN_SCE_IRQHandler</a> from startup_n32g430.o(.text) referenced from startup_n32g430.o(RESET)
 <LI><a href="#[3b]">CAN_TX_IRQHandler</a> from startup_n32g430.o(.text) referenced from startup_n32g430.o(RESET)
 <LI><a href="#[1f]">COMP_1_2_3_IRQHandler</a> from startup_n32g430.o(.text) referenced from startup_n32g430.o(RESET)
 <LI><a href="#[15]">DMA_Channel1_IRQHandler</a> from adc.o(.text) referenced from startup_n32g430.o(RESET)
 <LI><a href="#[16]">DMA_Channel2_IRQHandler</a> from startup_n32g430.o(.text) referenced from startup_n32g430.o(RESET)
 <LI><a href="#[17]">DMA_Channel3_IRQHandler</a> from startup_n32g430.o(.text) referenced from startup_n32g430.o(RESET)
 <LI><a href="#[18]">DMA_Channel4_IRQHandler</a> from startup_n32g430.o(.text) referenced from startup_n32g430.o(RESET)
 <LI><a href="#[19]">DMA_Channel5_IRQHandler</a> from startup_n32g430.o(.text) referenced from startup_n32g430.o(RESET)
 <LI><a href="#[1a]">DMA_Channel6_IRQHandler</a> from startup_n32g430.o(.text) referenced from startup_n32g430.o(RESET)
 <LI><a href="#[1b]">DMA_Channel7_IRQHandler</a> from startup_n32g430.o(.text) referenced from startup_n32g430.o(RESET)
 <LI><a href="#[1c]">DMA_Channel8_IRQHandler</a> from startup_n32g430.o(.text) referenced from startup_n32g430.o(RESET)
 <LI><a href="#[7]">DebugMon_Handler</a> from n32g430_it.o(.text) referenced from startup_n32g430.o(RESET)
 <LI><a href="#[10]">EXTI0_IRQHandler</a> from startup_n32g430.o(.text) referenced from startup_n32g430.o(RESET)
 <LI><a href="#[31]">EXTI15_10_IRQHandler</a> from startup_n32g430.o(.text) referenced from startup_n32g430.o(RESET)
 <LI><a href="#[11]">EXTI1_IRQHandler</a> from startup_n32g430.o(.text) referenced from startup_n32g430.o(RESET)
 <LI><a href="#[12]">EXTI2_IRQHandler</a> from startup_n32g430.o(.text) referenced from startup_n32g430.o(RESET)
 <LI><a href="#[13]">EXTI3_IRQHandler</a> from startup_n32g430.o(.text) referenced from startup_n32g430.o(RESET)
 <LI><a href="#[14]">EXTI4_IRQHandler</a> from startup_n32g430.o(.text) referenced from startup_n32g430.o(RESET)
 <LI><a href="#[20]">EXTI9_5_IRQHandler</a> from startup_n32g430.o(.text) referenced from startup_n32g430.o(RESET)
 <LI><a href="#[e]">FLASH_IRQHandler</a> from startup_n32g430.o(.text) referenced from startup_n32g430.o(RESET)
 <LI><a href="#[2]">HardFault_Handler</a> from n32g430_it.o(.text) referenced from startup_n32g430.o(RESET)
 <LI><a href="#[29]">I2C1_ER_IRQHandler</a> from startup_n32g430.o(.text) referenced from startup_n32g430.o(RESET)
 <LI><a href="#[28]">I2C1_EV_IRQHandler</a> from startup_n32g430.o(.text) referenced from startup_n32g430.o(RESET)
 <LI><a href="#[2b]">I2C2_ER_IRQHandler</a> from startup_n32g430.o(.text) referenced from startup_n32g430.o(RESET)
 <LI><a href="#[2a]">I2C2_EV_IRQHandler</a> from startup_n32g430.o(.text) referenced from startup_n32g430.o(RESET)
 <LI><a href="#[33]">LPTIM_WKUP_IRQHandler</a> from startup_n32g430.o(.text) referenced from startup_n32g430.o(RESET)
 <LI><a href="#[1e]">MMU_IRQHandler</a> from startup_n32g430.o(.text) referenced from startup_n32g430.o(RESET)
 <LI><a href="#[3]">MemManage_Handler</a> from n32g430_it.o(.text) referenced from startup_n32g430.o(RESET)
 <LI><a href="#[1]">NMI_Handler</a> from n32g430_it.o(.text) referenced from startup_n32g430.o(RESET)
 <LI><a href="#[b]">PVD_IRQHandler</a> from startup_n32g430.o(.text) referenced from startup_n32g430.o(RESET)
 <LI><a href="#[8]">PendSV_Handler</a> from startup_n32g430.o(.text) referenced from startup_n32g430.o(RESET)
 <LI><a href="#[f]">RCC_IRQHandler</a> from startup_n32g430.o(.text) referenced from startup_n32g430.o(RESET)
 <LI><a href="#[32]">RTCAlarm_IRQHandler</a> from startup_n32g430.o(.text) referenced from startup_n32g430.o(RESET)
 <LI><a href="#[c]">RTC_TAMPER_STAMP_IRQHandler</a> from startup_n32g430.o(.text) referenced from startup_n32g430.o(RESET)
 <LI><a href="#[d]">RTC_WKUP_IRQHandler</a> from startup_n32g430.o(.text) referenced from startup_n32g430.o(RESET)
 <LI><a href="#[0]">Reset_Handler</a> from startup_n32g430.o(.text) referenced from startup_n32g430.o(RESET)
 <LI><a href="#[2c]">SPI1_IRQHandler</a> from startup_n32g430.o(.text) referenced from startup_n32g430.o(RESET)
 <LI><a href="#[2d]">SPI2_IRQHandler</a> from startup_n32g430.o(.text) referenced from startup_n32g430.o(RESET)
 <LI><a href="#[6]">SVC_Handler</a> from n32g430_it.o(.text) referenced from startup_n32g430.o(RESET)
 <LI><a href="#[9]">SysTick_Handler</a> from n32g430_it.o(.text) referenced from startup_n32g430.o(RESET)
 <LI><a href="#[40]">System_Initializes</a> from system_n32g430.o(.text) referenced from startup_n32g430.o(.text)
 <LI><a href="#[21]">TIM1_BRK_IRQHandler</a> from startup_n32g430.o(.text) referenced from startup_n32g430.o(RESET)
 <LI><a href="#[24]">TIM1_CC_IRQHandler</a> from startup_n32g430.o(.text) referenced from startup_n32g430.o(RESET)
 <LI><a href="#[23]">TIM1_TRG_COM_IRQHandler</a> from startup_n32g430.o(.text) referenced from startup_n32g430.o(RESET)
 <LI><a href="#[22]">TIM1_UP_IRQHandler</a> from startup_n32g430.o(.text) referenced from startup_n32g430.o(RESET)
 <LI><a href="#[25]">TIM2_IRQHandler</a> from startup_n32g430.o(.text) referenced from startup_n32g430.o(RESET)
 <LI><a href="#[26]">TIM3_IRQHandler</a> from startup_n32g430.o(.text) referenced from startup_n32g430.o(RESET)
 <LI><a href="#[27]">TIM4_IRQHandler</a> from startup_n32g430.o(.text) referenced from startup_n32g430.o(RESET)
 <LI><a href="#[39]">TIM5_IRQHandler</a> from startup_n32g430.o(.text) referenced from startup_n32g430.o(RESET)
 <LI><a href="#[3a]">TIM6_IRQHandler</a> from startup_n32g430.o(.text) referenced from startup_n32g430.o(RESET)
 <LI><a href="#[34]">TIM8_BRK_IRQHandler</a> from startup_n32g430.o(.text) referenced from startup_n32g430.o(RESET)
 <LI><a href="#[37]">TIM8_CC_IRQHandler</a> from startup_n32g430.o(.text) referenced from startup_n32g430.o(RESET)
 <LI><a href="#[36]">TIM8_TRG_COM_IRQHandler</a> from startup_n32g430.o(.text) referenced from startup_n32g430.o(RESET)
 <LI><a href="#[35]">TIM8_UP_IRQHandler</a> from startup_n32g430.o(.text) referenced from startup_n32g430.o(RESET)
 <LI><a href="#[30]">UART3_IRQHandler</a> from startup_n32g430.o(.text) referenced from startup_n32g430.o(RESET)
 <LI><a href="#[38]">UART4_IRQHandler</a> from startup_n32g430.o(.text) referenced from startup_n32g430.o(RESET)
 <LI><a href="#[2e]">USART1_IRQHandler</a> from startup_n32g430.o(.text) referenced from startup_n32g430.o(RESET)
 <LI><a href="#[2f]">USART2_IRQHandler</a> from startup_n32g430.o(.text) referenced from startup_n32g430.o(RESET)
 <LI><a href="#[5]">UsageFault_Handler</a> from n32g430_it.o(.text) referenced from startup_n32g430.o(RESET)
 <LI><a href="#[a]">WWDG_IRQHandler</a> from startup_n32g430.o(.text) referenced from startup_n32g430.o(RESET)
 <LI><a href="#[41]">__main</a> from entry.o(.ARM.Collect$$$$00000000) referenced from startup_n32g430.o(.text)
 <LI><a href="#[3f]">main</a> from main.o(.text) referenced from entry9a.o(.ARM.Collect$$$$0000000B)
</UL>
<P>
<H3>
Global Symbols
</H3>
<P><STRONG><a name="[41]"></a>__main</STRONG> (Thumb, 0 bytes, Stack size unknown bytes, entry.o(.ARM.Collect$$$$00000000))
<BR>[Address Reference Count : 1]<UL><LI> startup_n32g430.o(.text)
</UL>
<P><STRONG><a name="[d5]"></a>_main_stk</STRONG> (Thumb, 0 bytes, Stack size unknown bytes, entry2.o(.ARM.Collect$$$$00000001))

<P><STRONG><a name="[42]"></a>_main_scatterload</STRONG> (Thumb, 0 bytes, Stack size unknown bytes, entry5.o(.ARM.Collect$$$$00000004))
<BR><BR>[Calls]<UL><LI><a href="#[43]">&gt;&gt;</a>&nbsp;&nbsp;&nbsp;__scatterload
</UL>

<P><STRONG><a name="[d4]"></a>__main_after_scatterload</STRONG> (Thumb, 0 bytes, Stack size unknown bytes, entry5.o(.ARM.Collect$$$$00000004))
<BR><BR>[Called By]<UL><LI><a href="#[43]">&gt;&gt;</a>&nbsp;&nbsp;&nbsp;__scatterload
</UL>

<P><STRONG><a name="[d6]"></a>_main_clock</STRONG> (Thumb, 0 bytes, Stack size unknown bytes, entry7b.o(.ARM.Collect$$$$00000008))

<P><STRONG><a name="[d7]"></a>_main_cpp_init</STRONG> (Thumb, 0 bytes, Stack size unknown bytes, entry8b.o(.ARM.Collect$$$$0000000A))

<P><STRONG><a name="[d8]"></a>_main_init</STRONG> (Thumb, 0 bytes, Stack size unknown bytes, entry9a.o(.ARM.Collect$$$$0000000B))

<P><STRONG><a name="[d9]"></a>__rt_lib_shutdown_fini</STRONG> (Thumb, 0 bytes, Stack size unknown bytes, entry12b.o(.ARM.Collect$$$$0000000E))

<P><STRONG><a name="[da]"></a>__rt_final_cpp</STRONG> (Thumb, 0 bytes, Stack size unknown bytes, entry10a.o(.ARM.Collect$$$$0000000F))

<P><STRONG><a name="[db]"></a>__rt_final_exit</STRONG> (Thumb, 0 bytes, Stack size unknown bytes, entry11a.o(.ARM.Collect$$$$00000011))

<P><STRONG><a name="[0]"></a>Reset_Handler</STRONG> (Thumb, 8 bytes, Stack size 0 bytes, startup_n32g430.o(.text))
<BR>[Address Reference Count : 1]<UL><LI> startup_n32g430.o(RESET)
</UL>
<P><STRONG><a name="[8]"></a>PendSV_Handler</STRONG> (Thumb, 2 bytes, Stack size 0 bytes, startup_n32g430.o(.text))
<BR><BR>[Calls]<UL><LI><a href="#[8]">&gt;&gt;</a>&nbsp;&nbsp;&nbsp;PendSV_Handler
</UL>
<BR>[Called By]<UL><LI><a href="#[8]">&gt;&gt;</a>&nbsp;&nbsp;&nbsp;PendSV_Handler
</UL>
<BR>[Address Reference Count : 1]<UL><LI> startup_n32g430.o(RESET)
</UL>
<P><STRONG><a name="[1d]"></a>ADC_IRQHandler</STRONG> (Thumb, 0 bytes, Stack size 0 bytes, startup_n32g430.o(.text))
<BR><BR>[Calls]<UL><LI><a href="#[1d]">&gt;&gt;</a>&nbsp;&nbsp;&nbsp;ADC_IRQHandler
</UL>
<BR>[Called By]<UL><LI><a href="#[1d]">&gt;&gt;</a>&nbsp;&nbsp;&nbsp;ADC_IRQHandler
</UL>
<BR>[Address Reference Count : 1]<UL><LI> startup_n32g430.o(RESET)
</UL>
<P><STRONG><a name="[3c]"></a>CAN_RX0_IRQHandler</STRONG> (Thumb, 0 bytes, Stack size 0 bytes, startup_n32g430.o(.text))
<BR>[Address Reference Count : 1]<UL><LI> startup_n32g430.o(RESET)
</UL>
<P><STRONG><a name="[3d]"></a>CAN_RX1_IRQHandler</STRONG> (Thumb, 0 bytes, Stack size 0 bytes, startup_n32g430.o(.text))
<BR>[Address Reference Count : 1]<UL><LI> startup_n32g430.o(RESET)
</UL>
<P><STRONG><a name="[3e]"></a>CAN_SCE_IRQHandler</STRONG> (Thumb, 0 bytes, Stack size 0 bytes, startup_n32g430.o(.text))
<BR>[Address Reference Count : 1]<UL><LI> startup_n32g430.o(RESET)
</UL>
<P><STRONG><a name="[3b]"></a>CAN_TX_IRQHandler</STRONG> (Thumb, 0 bytes, Stack size 0 bytes, startup_n32g430.o(.text))
<BR>[Address Reference Count : 1]<UL><LI> startup_n32g430.o(RESET)
</UL>
<P><STRONG><a name="[1f]"></a>COMP_1_2_3_IRQHandler</STRONG> (Thumb, 0 bytes, Stack size 0 bytes, startup_n32g430.o(.text))
<BR>[Address Reference Count : 1]<UL><LI> startup_n32g430.o(RESET)
</UL>
<P><STRONG><a name="[16]"></a>DMA_Channel2_IRQHandler</STRONG> (Thumb, 0 bytes, Stack size 0 bytes, startup_n32g430.o(.text))
<BR>[Address Reference Count : 1]<UL><LI> startup_n32g430.o(RESET)
</UL>
<P><STRONG><a name="[17]"></a>DMA_Channel3_IRQHandler</STRONG> (Thumb, 0 bytes, Stack size 0 bytes, startup_n32g430.o(.text))
<BR>[Address Reference Count : 1]<UL><LI> startup_n32g430.o(RESET)
</UL>
<P><STRONG><a name="[18]"></a>DMA_Channel4_IRQHandler</STRONG> (Thumb, 0 bytes, Stack size 0 bytes, startup_n32g430.o(.text))
<BR>[Address Reference Count : 1]<UL><LI> startup_n32g430.o(RESET)
</UL>
<P><STRONG><a name="[19]"></a>DMA_Channel5_IRQHandler</STRONG> (Thumb, 0 bytes, Stack size 0 bytes, startup_n32g430.o(.text))
<BR>[Address Reference Count : 1]<UL><LI> startup_n32g430.o(RESET)
</UL>
<P><STRONG><a name="[1a]"></a>DMA_Channel6_IRQHandler</STRONG> (Thumb, 0 bytes, Stack size 0 bytes, startup_n32g430.o(.text))
<BR>[Address Reference Count : 1]<UL><LI> startup_n32g430.o(RESET)
</UL>
<P><STRONG><a name="[1b]"></a>DMA_Channel7_IRQHandler</STRONG> (Thumb, 0 bytes, Stack size 0 bytes, startup_n32g430.o(.text))
<BR>[Address Reference Count : 1]<UL><LI> startup_n32g430.o(RESET)
</UL>
<P><STRONG><a name="[1c]"></a>DMA_Channel8_IRQHandler</STRONG> (Thumb, 0 bytes, Stack size 0 bytes, startup_n32g430.o(.text))
<BR>[Address Reference Count : 1]<UL><LI> startup_n32g430.o(RESET)
</UL>
<P><STRONG><a name="[10]"></a>EXTI0_IRQHandler</STRONG> (Thumb, 0 bytes, Stack size 0 bytes, startup_n32g430.o(.text))
<BR>[Address Reference Count : 1]<UL><LI> startup_n32g430.o(RESET)
</UL>
<P><STRONG><a name="[31]"></a>EXTI15_10_IRQHandler</STRONG> (Thumb, 0 bytes, Stack size 0 bytes, startup_n32g430.o(.text))
<BR>[Address Reference Count : 1]<UL><LI> startup_n32g430.o(RESET)
</UL>
<P><STRONG><a name="[11]"></a>EXTI1_IRQHandler</STRONG> (Thumb, 0 bytes, Stack size 0 bytes, startup_n32g430.o(.text))
<BR>[Address Reference Count : 1]<UL><LI> startup_n32g430.o(RESET)
</UL>
<P><STRONG><a name="[12]"></a>EXTI2_IRQHandler</STRONG> (Thumb, 0 bytes, Stack size 0 bytes, startup_n32g430.o(.text))
<BR>[Address Reference Count : 1]<UL><LI> startup_n32g430.o(RESET)
</UL>
<P><STRONG><a name="[13]"></a>EXTI3_IRQHandler</STRONG> (Thumb, 0 bytes, Stack size 0 bytes, startup_n32g430.o(.text))
<BR>[Address Reference Count : 1]<UL><LI> startup_n32g430.o(RESET)
</UL>
<P><STRONG><a name="[14]"></a>EXTI4_IRQHandler</STRONG> (Thumb, 0 bytes, Stack size 0 bytes, startup_n32g430.o(.text))
<BR>[Address Reference Count : 1]<UL><LI> startup_n32g430.o(RESET)
</UL>
<P><STRONG><a name="[20]"></a>EXTI9_5_IRQHandler</STRONG> (Thumb, 0 bytes, Stack size 0 bytes, startup_n32g430.o(.text))
<BR>[Address Reference Count : 1]<UL><LI> startup_n32g430.o(RESET)
</UL>
<P><STRONG><a name="[e]"></a>FLASH_IRQHandler</STRONG> (Thumb, 0 bytes, Stack size 0 bytes, startup_n32g430.o(.text))
<BR>[Address Reference Count : 1]<UL><LI> startup_n32g430.o(RESET)
</UL>
<P><STRONG><a name="[29]"></a>I2C1_ER_IRQHandler</STRONG> (Thumb, 0 bytes, Stack size 0 bytes, startup_n32g430.o(.text))
<BR>[Address Reference Count : 1]<UL><LI> startup_n32g430.o(RESET)
</UL>
<P><STRONG><a name="[28]"></a>I2C1_EV_IRQHandler</STRONG> (Thumb, 0 bytes, Stack size 0 bytes, startup_n32g430.o(.text))
<BR>[Address Reference Count : 1]<UL><LI> startup_n32g430.o(RESET)
</UL>
<P><STRONG><a name="[2b]"></a>I2C2_ER_IRQHandler</STRONG> (Thumb, 0 bytes, Stack size 0 bytes, startup_n32g430.o(.text))
<BR>[Address Reference Count : 1]<UL><LI> startup_n32g430.o(RESET)
</UL>
<P><STRONG><a name="[2a]"></a>I2C2_EV_IRQHandler</STRONG> (Thumb, 0 bytes, Stack size 0 bytes, startup_n32g430.o(.text))
<BR>[Address Reference Count : 1]<UL><LI> startup_n32g430.o(RESET)
</UL>
<P><STRONG><a name="[33]"></a>LPTIM_WKUP_IRQHandler</STRONG> (Thumb, 0 bytes, Stack size 0 bytes, startup_n32g430.o(.text))
<BR>[Address Reference Count : 1]<UL><LI> startup_n32g430.o(RESET)
</UL>
<P><STRONG><a name="[1e]"></a>MMU_IRQHandler</STRONG> (Thumb, 0 bytes, Stack size 0 bytes, startup_n32g430.o(.text))
<BR>[Address Reference Count : 1]<UL><LI> startup_n32g430.o(RESET)
</UL>
<P><STRONG><a name="[b]"></a>PVD_IRQHandler</STRONG> (Thumb, 0 bytes, Stack size 0 bytes, startup_n32g430.o(.text))
<BR>[Address Reference Count : 1]<UL><LI> startup_n32g430.o(RESET)
</UL>
<P><STRONG><a name="[f]"></a>RCC_IRQHandler</STRONG> (Thumb, 0 bytes, Stack size 0 bytes, startup_n32g430.o(.text))
<BR>[Address Reference Count : 1]<UL><LI> startup_n32g430.o(RESET)
</UL>
<P><STRONG><a name="[32]"></a>RTCAlarm_IRQHandler</STRONG> (Thumb, 0 bytes, Stack size 0 bytes, startup_n32g430.o(.text))
<BR>[Address Reference Count : 1]<UL><LI> startup_n32g430.o(RESET)
</UL>
<P><STRONG><a name="[c]"></a>RTC_TAMPER_STAMP_IRQHandler</STRONG> (Thumb, 0 bytes, Stack size 0 bytes, startup_n32g430.o(.text))
<BR>[Address Reference Count : 1]<UL><LI> startup_n32g430.o(RESET)
</UL>
<P><STRONG><a name="[d]"></a>RTC_WKUP_IRQHandler</STRONG> (Thumb, 0 bytes, Stack size 0 bytes, startup_n32g430.o(.text))
<BR>[Address Reference Count : 1]<UL><LI> startup_n32g430.o(RESET)
</UL>
<P><STRONG><a name="[2c]"></a>SPI1_IRQHandler</STRONG> (Thumb, 0 bytes, Stack size 0 bytes, startup_n32g430.o(.text))
<BR>[Address Reference Count : 1]<UL><LI> startup_n32g430.o(RESET)
</UL>
<P><STRONG><a name="[2d]"></a>SPI2_IRQHandler</STRONG> (Thumb, 0 bytes, Stack size 0 bytes, startup_n32g430.o(.text))
<BR>[Address Reference Count : 1]<UL><LI> startup_n32g430.o(RESET)
</UL>
<P><STRONG><a name="[21]"></a>TIM1_BRK_IRQHandler</STRONG> (Thumb, 0 bytes, Stack size 0 bytes, startup_n32g430.o(.text))
<BR>[Address Reference Count : 1]<UL><LI> startup_n32g430.o(RESET)
</UL>
<P><STRONG><a name="[24]"></a>TIM1_CC_IRQHandler</STRONG> (Thumb, 0 bytes, Stack size 0 bytes, startup_n32g430.o(.text))
<BR>[Address Reference Count : 1]<UL><LI> startup_n32g430.o(RESET)
</UL>
<P><STRONG><a name="[23]"></a>TIM1_TRG_COM_IRQHandler</STRONG> (Thumb, 0 bytes, Stack size 0 bytes, startup_n32g430.o(.text))
<BR>[Address Reference Count : 1]<UL><LI> startup_n32g430.o(RESET)
</UL>
<P><STRONG><a name="[22]"></a>TIM1_UP_IRQHandler</STRONG> (Thumb, 0 bytes, Stack size 0 bytes, startup_n32g430.o(.text))
<BR>[Address Reference Count : 1]<UL><LI> startup_n32g430.o(RESET)
</UL>
<P><STRONG><a name="[25]"></a>TIM2_IRQHandler</STRONG> (Thumb, 0 bytes, Stack size 0 bytes, startup_n32g430.o(.text))
<BR>[Address Reference Count : 1]<UL><LI> startup_n32g430.o(RESET)
</UL>
<P><STRONG><a name="[26]"></a>TIM3_IRQHandler</STRONG> (Thumb, 0 bytes, Stack size 0 bytes, startup_n32g430.o(.text))
<BR>[Address Reference Count : 1]<UL><LI> startup_n32g430.o(RESET)
</UL>
<P><STRONG><a name="[27]"></a>TIM4_IRQHandler</STRONG> (Thumb, 0 bytes, Stack size 0 bytes, startup_n32g430.o(.text))
<BR>[Address Reference Count : 1]<UL><LI> startup_n32g430.o(RESET)
</UL>
<P><STRONG><a name="[39]"></a>TIM5_IRQHandler</STRONG> (Thumb, 0 bytes, Stack size 0 bytes, startup_n32g430.o(.text))
<BR>[Address Reference Count : 1]<UL><LI> startup_n32g430.o(RESET)
</UL>
<P><STRONG><a name="[3a]"></a>TIM6_IRQHandler</STRONG> (Thumb, 0 bytes, Stack size 0 bytes, startup_n32g430.o(.text))
<BR>[Address Reference Count : 1]<UL><LI> startup_n32g430.o(RESET)
</UL>
<P><STRONG><a name="[34]"></a>TIM8_BRK_IRQHandler</STRONG> (Thumb, 0 bytes, Stack size 0 bytes, startup_n32g430.o(.text))
<BR>[Address Reference Count : 1]<UL><LI> startup_n32g430.o(RESET)
</UL>
<P><STRONG><a name="[37]"></a>TIM8_CC_IRQHandler</STRONG> (Thumb, 0 bytes, Stack size 0 bytes, startup_n32g430.o(.text))
<BR>[Address Reference Count : 1]<UL><LI> startup_n32g430.o(RESET)
</UL>
<P><STRONG><a name="[36]"></a>TIM8_TRG_COM_IRQHandler</STRONG> (Thumb, 0 bytes, Stack size 0 bytes, startup_n32g430.o(.text))
<BR>[Address Reference Count : 1]<UL><LI> startup_n32g430.o(RESET)
</UL>
<P><STRONG><a name="[35]"></a>TIM8_UP_IRQHandler</STRONG> (Thumb, 0 bytes, Stack size 0 bytes, startup_n32g430.o(.text))
<BR>[Address Reference Count : 1]<UL><LI> startup_n32g430.o(RESET)
</UL>
<P><STRONG><a name="[30]"></a>UART3_IRQHandler</STRONG> (Thumb, 0 bytes, Stack size 0 bytes, startup_n32g430.o(.text))
<BR>[Address Reference Count : 1]<UL><LI> startup_n32g430.o(RESET)
</UL>
<P><STRONG><a name="[38]"></a>UART4_IRQHandler</STRONG> (Thumb, 0 bytes, Stack size 0 bytes, startup_n32g430.o(.text))
<BR>[Address Reference Count : 1]<UL><LI> startup_n32g430.o(RESET)
</UL>
<P><STRONG><a name="[2e]"></a>USART1_IRQHandler</STRONG> (Thumb, 0 bytes, Stack size 0 bytes, startup_n32g430.o(.text))
<BR>[Address Reference Count : 1]<UL><LI> startup_n32g430.o(RESET)
</UL>
<P><STRONG><a name="[2f]"></a>USART2_IRQHandler</STRONG> (Thumb, 0 bytes, Stack size 0 bytes, startup_n32g430.o(.text))
<BR>[Address Reference Count : 1]<UL><LI> startup_n32g430.o(RESET)
</UL>
<P><STRONG><a name="[a]"></a>WWDG_IRQHandler</STRONG> (Thumb, 0 bytes, Stack size 0 bytes, startup_n32g430.o(.text))
<BR>[Address Reference Count : 1]<UL><LI> startup_n32g430.o(RESET)
</UL>
<P><STRONG><a name="[40]"></a>System_Initializes</STRONG> (Thumb, 144 bytes, Stack size 8 bytes, system_n32g430.o(.text))
<BR><BR>[Stack]<UL><LI>Max Depth = 28<LI>Call Chain = System_Initializes &rArr; System_Clock_Set
</UL>
<BR>[Calls]<UL><LI><a href="#[44]">&gt;&gt;</a>&nbsp;&nbsp;&nbsp;System_Clock_Set
</UL>
<BR>[Address Reference Count : 1]<UL><LI> startup_n32g430.o(.text)
</UL>
<P><STRONG><a name="[dc]"></a>System_Clock_Frequency_Update</STRONG> (Thumb, 182 bytes, Stack size 8 bytes, system_n32g430.o(.text), UNUSED)

<P><STRONG><a name="[dd]"></a>NVIC_Priority_Group_Set</STRONG> (Thumb, 10 bytes, Stack size 0 bytes, misc.o(.text), UNUSED)

<P><STRONG><a name="[d2]"></a>NVIC_Initializes</STRONG> (Thumb, 100 bytes, Stack size 16 bytes, misc.o(.text))
<BR><BR>[Stack]<UL><LI>Max Depth = 16<LI>Call Chain = NVIC_Initializes
</UL>
<BR>[Called By]<UL><LI><a href="#[c2]">&gt;&gt;</a>&nbsp;&nbsp;&nbsp;DMAInit
</UL>

<P><STRONG><a name="[de]"></a>NVIC_Vector_Table_Set</STRONG> (Thumb, 14 bytes, Stack size 0 bytes, misc.o(.text), UNUSED)

<P><STRONG><a name="[df]"></a>NVIC_System_LowPower_Enable</STRONG> (Thumb, 16 bytes, Stack size 0 bytes, misc.o(.text), UNUSED)

<P><STRONG><a name="[e0]"></a>NVIC_System_Low_Power_Disable</STRONG> (Thumb, 16 bytes, Stack size 0 bytes, misc.o(.text), UNUSED)

<P><STRONG><a name="[e1]"></a>SysTick_Clock_Source_Set</STRONG> (Thumb, 40 bytes, Stack size 0 bytes, misc.o(.text), UNUSED)

<P><STRONG><a name="[e2]"></a>ADC_Vrefint_Get</STRONG> (Thumb, 18 bytes, Stack size 8 bytes, n32g430_adc.o(.text), UNUSED)

<P><STRONG><a name="[45]"></a>ADC_Reset</STRONG> (Thumb, 12 bytes, Stack size 8 bytes, n32g430_adc.o(.text), UNUSED)
<BR><BR>[Calls]<UL><LI><a href="#[46]">&gt;&gt;</a>&nbsp;&nbsp;&nbsp;RCC_AHB_Peripheral_Reset
</UL>

<P><STRONG><a name="[48]"></a>ADC_Multichannels_Enable</STRONG> (Thumb, 14 bytes, Stack size 0 bytes, n32g430_adc.o(.text))
<BR><BR>[Called By]<UL><LI><a href="#[47]">&gt;&gt;</a>&nbsp;&nbsp;&nbsp;ADC_Initializes
</UL>

<P><STRONG><a name="[49]"></a>ADC_Multichannels_Disable</STRONG> (Thumb, 14 bytes, Stack size 0 bytes, n32g430_adc.o(.text))
<BR><BR>[Called By]<UL><LI><a href="#[47]">&gt;&gt;</a>&nbsp;&nbsp;&nbsp;ADC_Initializes
</UL>

<P><STRONG><a name="[4a]"></a>ADC_Continue_Conversion_Enable</STRONG> (Thumb, 18 bytes, Stack size 0 bytes, n32g430_adc.o(.text))
<BR><BR>[Called By]<UL><LI><a href="#[47]">&gt;&gt;</a>&nbsp;&nbsp;&nbsp;ADC_Initializes
</UL>

<P><STRONG><a name="[4b]"></a>ADC_Continue_Conversion_Disable</STRONG> (Thumb, 18 bytes, Stack size 0 bytes, n32g430_adc.o(.text))
<BR><BR>[Called By]<UL><LI><a href="#[47]">&gt;&gt;</a>&nbsp;&nbsp;&nbsp;ADC_Initializes
</UL>

<P><STRONG><a name="[4c]"></a>ADC_Regular_Group_External_Trigger_Source_Config</STRONG> (Thumb, 26 bytes, Stack size 0 bytes, n32g430_adc.o(.text))
<BR><BR>[Called By]<UL><LI><a href="#[47]">&gt;&gt;</a>&nbsp;&nbsp;&nbsp;ADC_Initializes
</UL>

<P><STRONG><a name="[4d]"></a>ADC_Data_Alignment_Config</STRONG> (Thumb, 26 bytes, Stack size 0 bytes, n32g430_adc.o(.text))
<BR><BR>[Called By]<UL><LI><a href="#[47]">&gt;&gt;</a>&nbsp;&nbsp;&nbsp;ADC_Initializes
</UL>

<P><STRONG><a name="[4e]"></a>ADC_Regular_Channels_Number_Config</STRONG> (Thumb, 26 bytes, Stack size 0 bytes, n32g430_adc.o(.text))
<BR><BR>[Called By]<UL><LI><a href="#[47]">&gt;&gt;</a>&nbsp;&nbsp;&nbsp;ADC_Initializes
</UL>

<P><STRONG><a name="[47]"></a>ADC_Initializes</STRONG> (Thumb, 52 bytes, Stack size 4 bytes, n32g430_adc.o(.text))
<BR><BR>[Stack]<UL><LI>Max Depth = 4<LI>Call Chain = ADC_Initializes
</UL>
<BR>[Calls]<UL><LI><a href="#[4e]">&gt;&gt;</a>&nbsp;&nbsp;&nbsp;ADC_Regular_Channels_Number_Config
<LI><a href="#[4d]">&gt;&gt;</a>&nbsp;&nbsp;&nbsp;ADC_Data_Alignment_Config
<LI><a href="#[4c]">&gt;&gt;</a>&nbsp;&nbsp;&nbsp;ADC_Regular_Group_External_Trigger_Source_Config
<LI><a href="#[4b]">&gt;&gt;</a>&nbsp;&nbsp;&nbsp;ADC_Continue_Conversion_Disable
<LI><a href="#[4a]">&gt;&gt;</a>&nbsp;&nbsp;&nbsp;ADC_Continue_Conversion_Enable
<LI><a href="#[49]">&gt;&gt;</a>&nbsp;&nbsp;&nbsp;ADC_Multichannels_Disable
<LI><a href="#[48]">&gt;&gt;</a>&nbsp;&nbsp;&nbsp;ADC_Multichannels_Enable
</UL>
<BR>[Called By]<UL><LI><a href="#[c1]">&gt;&gt;</a>&nbsp;&nbsp;&nbsp;Adc_Init
</UL>

<P><STRONG><a name="[c4]"></a>ADC_Initializes_Structure</STRONG> (Thumb, 14 bytes, Stack size 0 bytes, n32g430_adc.o(.text))
<BR><BR>[Called By]<UL><LI><a href="#[c1]">&gt;&gt;</a>&nbsp;&nbsp;&nbsp;Adc_Init
</UL>

<P><STRONG><a name="[c9]"></a>ADC_ON</STRONG> (Thumb, 18 bytes, Stack size 0 bytes, n32g430_adc.o(.text))
<BR><BR>[Called By]<UL><LI><a href="#[c1]">&gt;&gt;</a>&nbsp;&nbsp;&nbsp;Adc_Init
</UL>

<P><STRONG><a name="[e3]"></a>ADC_OFF</STRONG> (Thumb, 18 bytes, Stack size 0 bytes, n32g430_adc.o(.text), UNUSED)

<P><STRONG><a name="[c8]"></a>ADC_DMA_Transfer_Enable</STRONG> (Thumb, 18 bytes, Stack size 0 bytes, n32g430_adc.o(.text))
<BR><BR>[Called By]<UL><LI><a href="#[c1]">&gt;&gt;</a>&nbsp;&nbsp;&nbsp;Adc_Init
</UL>

<P><STRONG><a name="[e4]"></a>ADC_DMA_Transfer_Disable</STRONG> (Thumb, 18 bytes, Stack size 0 bytes, n32g430_adc.o(.text), UNUSED)

<P><STRONG><a name="[54]"></a>ADC_Interrupts_Enable</STRONG> (Thumb, 32 bytes, Stack size 0 bytes, n32g430_adc.o(.text), UNUSED)
<BR><BR>[Called By]<UL><LI><a href="#[4f]">&gt;&gt;</a>&nbsp;&nbsp;&nbsp;ADC_Initializes_Ex
</UL>

<P><STRONG><a name="[55]"></a>ADC_Interrupts_Disable</STRONG> (Thumb, 32 bytes, Stack size 0 bytes, n32g430_adc.o(.text), UNUSED)
<BR><BR>[Called By]<UL><LI><a href="#[4f]">&gt;&gt;</a>&nbsp;&nbsp;&nbsp;ADC_Initializes_Ex
</UL>

<P><STRONG><a name="[cb]"></a>ADC_Calibration_Operation</STRONG> (Thumb, 72 bytes, Stack size 0 bytes, n32g430_adc.o(.text))
<BR><BR>[Called By]<UL><LI><a href="#[c1]">&gt;&gt;</a>&nbsp;&nbsp;&nbsp;Adc_Init
</UL>

<P><STRONG><a name="[e5]"></a>ADC_Regular_Channels_Software_Conversion_Operation</STRONG> (Thumb, 76 bytes, Stack size 0 bytes, n32g430_adc.o(.text), UNUSED)

<P><STRONG><a name="[e6]"></a>ADC_Discontinuous_Mode_Channel_Count_Config</STRONG> (Thumb, 22 bytes, Stack size 0 bytes, n32g430_adc.o(.text), UNUSED)

<P><STRONG><a name="[e7]"></a>ADC_Discontinuous_Mode_Config</STRONG> (Thumb, 76 bytes, Stack size 0 bytes, n32g430_adc.o(.text), UNUSED)

<P><STRONG><a name="[c5]"></a>ADC_Channel_Sample_Time_Config</STRONG> (Thumb, 140 bytes, Stack size 12 bytes, n32g430_adc.o(.text))
<BR><BR>[Stack]<UL><LI>Max Depth = 12<LI>Call Chain = ADC_Channel_Sample_Time_Config
</UL>
<BR>[Called By]<UL><LI><a href="#[c1]">&gt;&gt;</a>&nbsp;&nbsp;&nbsp;Adc_Init
</UL>

<P><STRONG><a name="[c6]"></a>ADC_Regular_Sequence_Conversion_Number_Config</STRONG> (Thumb, 154 bytes, Stack size 8 bytes, n32g430_adc.o(.text))
<BR><BR>[Stack]<UL><LI>Max Depth = 8<LI>Call Chain = ADC_Regular_Sequence_Conversion_Number_Config
</UL>
<BR>[Called By]<UL><LI><a href="#[c1]">&gt;&gt;</a>&nbsp;&nbsp;&nbsp;Adc_Init
</UL>

<P><STRONG><a name="[c7]"></a>ADC_External_Trigger_Conversion_Config</STRONG> (Thumb, 110 bytes, Stack size 0 bytes, n32g430_adc.o(.text))
<BR><BR>[Called By]<UL><LI><a href="#[c1]">&gt;&gt;</a>&nbsp;&nbsp;&nbsp;Adc_Init
<LI><a href="#[15]">&gt;&gt;</a>&nbsp;&nbsp;&nbsp;DMA_Channel1_IRQHandler
</UL>

<P><STRONG><a name="[e8]"></a>ADC_Regular_Group_Conversion_Data_Get</STRONG> (Thumb, 8 bytes, Stack size 0 bytes, n32g430_adc.o(.text), UNUSED)

<P><STRONG><a name="[e9]"></a>ADC_Injected_Group_Autoconversion_Enable</STRONG> (Thumb, 18 bytes, Stack size 0 bytes, n32g430_adc.o(.text), UNUSED)

<P><STRONG><a name="[ea]"></a>ADC_Injected_Group_Autoconversion_Disable</STRONG> (Thumb, 18 bytes, Stack size 0 bytes, n32g430_adc.o(.text), UNUSED)

<P><STRONG><a name="[eb]"></a>ADC_Injected_Group_External_Trigger_Source_Config</STRONG> (Thumb, 26 bytes, Stack size 0 bytes, n32g430_adc.o(.text), UNUSED)

<P><STRONG><a name="[ec]"></a>ADC_Injected_Channels_Software_Conversion_Operation</STRONG> (Thumb, 76 bytes, Stack size 0 bytes, n32g430_adc.o(.text), UNUSED)

<P><STRONG><a name="[ed]"></a>ADC_Injected_Sequence_Conversion_Number_Config</STRONG> (Thumb, 46 bytes, Stack size 8 bytes, n32g430_adc.o(.text), UNUSED)

<P><STRONG><a name="[ee]"></a>ADC_Injected_Channels_Number_Config</STRONG> (Thumb, 26 bytes, Stack size 0 bytes, n32g430_adc.o(.text), UNUSED)

<P><STRONG><a name="[ef]"></a>ADC_Injected_Channels_Offset_Config</STRONG> (Thumb, 24 bytes, Stack size 8 bytes, n32g430_adc.o(.text), UNUSED)

<P><STRONG><a name="[f0]"></a>ADC_Injected_Group_Conversion_Data_Get</STRONG> (Thumb, 32 bytes, Stack size 8 bytes, n32g430_adc.o(.text), UNUSED)

<P><STRONG><a name="[f1]"></a>ADC_Analog_Watchdog_Mode_Channel_Config</STRONG> (Thumb, 58 bytes, Stack size 0 bytes, n32g430_adc.o(.text), UNUSED)

<P><STRONG><a name="[f2]"></a>ADC_Analog_Watchdog_Enable</STRONG> (Thumb, 16 bytes, Stack size 0 bytes, n32g430_adc.o(.text), UNUSED)

<P><STRONG><a name="[f3]"></a>ADC_Analog_Watchdog_Disable</STRONG> (Thumb, 16 bytes, Stack size 0 bytes, n32g430_adc.o(.text), UNUSED)

<P><STRONG><a name="[f4]"></a>ADC_Analog_Watchdog_HighThresholds_Config</STRONG> (Thumb, 8 bytes, Stack size 0 bytes, n32g430_adc.o(.text), UNUSED)

<P><STRONG><a name="[f5]"></a>ADC_Analog_Watchdog_LowThresholds_Config</STRONG> (Thumb, 8 bytes, Stack size 0 bytes, n32g430_adc.o(.text), UNUSED)

<P><STRONG><a name="[f6]"></a>ADC_Temperature_Sensor_And_Vrefint_Channel_Enable</STRONG> (Thumb, 34 bytes, Stack size 0 bytes, n32g430_adc.o(.text), UNUSED)

<P><STRONG><a name="[f7]"></a>ADC_Temperature_Sensor_And_Vrefint_Channel_Disable</STRONG> (Thumb, 34 bytes, Stack size 0 bytes, n32g430_adc.o(.text), UNUSED)

<P><STRONG><a name="[f8]"></a>ADC_INTFlag_Status_Get</STRONG> (Thumb, 20 bytes, Stack size 0 bytes, n32g430_adc.o(.text), UNUSED)

<P><STRONG><a name="[ca]"></a>ADC_Flag_Status_Get</STRONG> (Thumb, 42 bytes, Stack size 0 bytes, n32g430_adc.o(.text))
<BR><BR>[Called By]<UL><LI><a href="#[c1]">&gt;&gt;</a>&nbsp;&nbsp;&nbsp;Adc_Init
</UL>

<P><STRONG><a name="[f9]"></a>ADC_INTFlag_Status_Clear</STRONG> (Thumb, 16 bytes, Stack size 0 bytes, n32g430_adc.o(.text), UNUSED)

<P><STRONG><a name="[fa]"></a>ADC_Flag_Status_Clear</STRONG> (Thumb, 16 bytes, Stack size 0 bytes, n32g430_adc.o(.text), UNUSED)

<P><STRONG><a name="[50]"></a>ADC_Vbat_Monitor_Enable</STRONG> (Thumb, 34 bytes, Stack size 0 bytes, n32g430_adc.o(.text), UNUSED)
<BR><BR>[Called By]<UL><LI><a href="#[4f]">&gt;&gt;</a>&nbsp;&nbsp;&nbsp;ADC_Initializes_Ex
</UL>

<P><STRONG><a name="[51]"></a>ADC_Vbat_Monitor_Disable</STRONG> (Thumb, 34 bytes, Stack size 0 bytes, n32g430_adc.o(.text), UNUSED)
<BR><BR>[Called By]<UL><LI><a href="#[4f]">&gt;&gt;</a>&nbsp;&nbsp;&nbsp;ADC_Initializes_Ex
</UL>

<P><STRONG><a name="[52]"></a>ADC_Deep_Power_Mode_Enable</STRONG> (Thumb, 18 bytes, Stack size 0 bytes, n32g430_adc.o(.text), UNUSED)
<BR><BR>[Called By]<UL><LI><a href="#[4f]">&gt;&gt;</a>&nbsp;&nbsp;&nbsp;ADC_Initializes_Ex
</UL>

<P><STRONG><a name="[53]"></a>ADC_Deep_Power_Mode_Disable</STRONG> (Thumb, 18 bytes, Stack size 0 bytes, n32g430_adc.o(.text), UNUSED)
<BR><BR>[Called By]<UL><LI><a href="#[4f]">&gt;&gt;</a>&nbsp;&nbsp;&nbsp;ADC_Initializes_Ex
</UL>

<P><STRONG><a name="[57]"></a>ADC_AHB_Clock_Mode_Config</STRONG> (Thumb, 18 bytes, Stack size 0 bytes, n32g430_adc.o(.text))
<BR><BR>[Called By]<UL><LI><a href="#[5e]">&gt;&gt;</a>&nbsp;&nbsp;&nbsp;ADC_Clock_Mode_Config
<LI><a href="#[4f]">&gt;&gt;</a>&nbsp;&nbsp;&nbsp;ADC_Initializes_Ex
</UL>

<P><STRONG><a name="[56]"></a>ADC_PLL_Clock_Mode_Config</STRONG> (Thumb, 18 bytes, Stack size 0 bytes, n32g430_adc.o(.text))
<BR><BR>[Called By]<UL><LI><a href="#[5e]">&gt;&gt;</a>&nbsp;&nbsp;&nbsp;ADC_Clock_Mode_Config
<LI><a href="#[4f]">&gt;&gt;</a>&nbsp;&nbsp;&nbsp;ADC_Initializes_Ex
</UL>

<P><STRONG><a name="[58]"></a>ADC_Calibration_Auto_Load_Enable</STRONG> (Thumb, 18 bytes, Stack size 0 bytes, n32g430_adc.o(.text), UNUSED)
<BR><BR>[Called By]<UL><LI><a href="#[4f]">&gt;&gt;</a>&nbsp;&nbsp;&nbsp;ADC_Initializes_Ex
</UL>

<P><STRONG><a name="[59]"></a>ADC_Calibration_Auto_Load_Disable</STRONG> (Thumb, 18 bytes, Stack size 0 bytes, n32g430_adc.o(.text), UNUSED)
<BR><BR>[Called By]<UL><LI><a href="#[4f]">&gt;&gt;</a>&nbsp;&nbsp;&nbsp;ADC_Initializes_Ex
</UL>

<P><STRONG><a name="[5a]"></a>ADC_Differential_Mode_Enable</STRONG> (Thumb, 18 bytes, Stack size 0 bytes, n32g430_adc.o(.text), UNUSED)
<BR><BR>[Called By]<UL><LI><a href="#[4f]">&gt;&gt;</a>&nbsp;&nbsp;&nbsp;ADC_Initializes_Ex
</UL>

<P><STRONG><a name="[5b]"></a>ADC_Differential_Mode_Disable</STRONG> (Thumb, 18 bytes, Stack size 0 bytes, n32g430_adc.o(.text), UNUSED)
<BR><BR>[Called By]<UL><LI><a href="#[4f]">&gt;&gt;</a>&nbsp;&nbsp;&nbsp;ADC_Initializes_Ex
</UL>

<P><STRONG><a name="[5c]"></a>ADC_Data_Resolution_Config</STRONG> (Thumb, 26 bytes, Stack size 0 bytes, n32g430_adc.o(.text), UNUSED)
<BR><BR>[Called By]<UL><LI><a href="#[4f]">&gt;&gt;</a>&nbsp;&nbsp;&nbsp;ADC_Initializes_Ex
</UL>

<P><STRONG><a name="[5d]"></a>ADC_Sample_Time_Level_Config</STRONG> (Thumb, 26 bytes, Stack size 0 bytes, n32g430_adc.o(.text), UNUSED)
<BR><BR>[Called By]<UL><LI><a href="#[4f]">&gt;&gt;</a>&nbsp;&nbsp;&nbsp;ADC_Initializes_Ex
</UL>

<P><STRONG><a name="[4f]"></a>ADC_Initializes_Ex</STRONG> (Thumb, 134 bytes, Stack size 4 bytes, n32g430_adc.o(.text), UNUSED)
<BR><BR>[Calls]<UL><LI><a href="#[5d]">&gt;&gt;</a>&nbsp;&nbsp;&nbsp;ADC_Sample_Time_Level_Config
<LI><a href="#[5c]">&gt;&gt;</a>&nbsp;&nbsp;&nbsp;ADC_Data_Resolution_Config
<LI><a href="#[5b]">&gt;&gt;</a>&nbsp;&nbsp;&nbsp;ADC_Differential_Mode_Disable
<LI><a href="#[5a]">&gt;&gt;</a>&nbsp;&nbsp;&nbsp;ADC_Differential_Mode_Enable
<LI><a href="#[59]">&gt;&gt;</a>&nbsp;&nbsp;&nbsp;ADC_Calibration_Auto_Load_Disable
<LI><a href="#[58]">&gt;&gt;</a>&nbsp;&nbsp;&nbsp;ADC_Calibration_Auto_Load_Enable
<LI><a href="#[56]">&gt;&gt;</a>&nbsp;&nbsp;&nbsp;ADC_PLL_Clock_Mode_Config
<LI><a href="#[57]">&gt;&gt;</a>&nbsp;&nbsp;&nbsp;ADC_AHB_Clock_Mode_Config
<LI><a href="#[53]">&gt;&gt;</a>&nbsp;&nbsp;&nbsp;ADC_Deep_Power_Mode_Disable
<LI><a href="#[52]">&gt;&gt;</a>&nbsp;&nbsp;&nbsp;ADC_Deep_Power_Mode_Enable
<LI><a href="#[51]">&gt;&gt;</a>&nbsp;&nbsp;&nbsp;ADC_Vbat_Monitor_Disable
<LI><a href="#[50]">&gt;&gt;</a>&nbsp;&nbsp;&nbsp;ADC_Vbat_Monitor_Enable
<LI><a href="#[55]">&gt;&gt;</a>&nbsp;&nbsp;&nbsp;ADC_Interrupts_Disable
<LI><a href="#[54]">&gt;&gt;</a>&nbsp;&nbsp;&nbsp;ADC_Interrupts_Enable
</UL>

<P><STRONG><a name="[fb]"></a>ADC_Initializes_StructureEx</STRONG> (Thumb, 26 bytes, Stack size 0 bytes, n32g430_adc.o(.text), UNUSED)

<P><STRONG><a name="[fc]"></a>ADC_Bypass_Calibration_Enable</STRONG> (Thumb, 18 bytes, Stack size 0 bytes, n32g430_adc.o(.text), UNUSED)

<P><STRONG><a name="[fd]"></a>ADC_Bypass_Calibration_Disable</STRONG> (Thumb, 28 bytes, Stack size 0 bytes, n32g430_adc.o(.text), UNUSED)

<P><STRONG><a name="[fe]"></a>ADC_Differential_Channels_Config</STRONG> (Thumb, 22 bytes, Stack size 0 bytes, n32g430_adc.o(.text), UNUSED)

<P><STRONG><a name="[5e]"></a>ADC_Clock_Mode_Config</STRONG> (Thumb, 40 bytes, Stack size 16 bytes, n32g430_adc.o(.text))
<BR><BR>[Stack]<UL><LI>Max Depth = 16<LI>Call Chain = ADC_Clock_Mode_Config
</UL>
<BR>[Calls]<UL><LI><a href="#[62]">&gt;&gt;</a>&nbsp;&nbsp;&nbsp;RCC_ADC_PLL_Clock_Prescaler_Enable
<LI><a href="#[60]">&gt;&gt;</a>&nbsp;&nbsp;&nbsp;RCC_ADC_PLL_Clock_Disable
<LI><a href="#[5f]">&gt;&gt;</a>&nbsp;&nbsp;&nbsp;RCC_ADC_Hclk_Enable
<LI><a href="#[61]">&gt;&gt;</a>&nbsp;&nbsp;&nbsp;RCC_ADC_Hclk_Config
<LI><a href="#[56]">&gt;&gt;</a>&nbsp;&nbsp;&nbsp;ADC_PLL_Clock_Mode_Config
<LI><a href="#[57]">&gt;&gt;</a>&nbsp;&nbsp;&nbsp;ADC_AHB_Clock_Mode_Config
</UL>
<BR>[Called By]<UL><LI><a href="#[c1]">&gt;&gt;</a>&nbsp;&nbsp;&nbsp;Adc_Init
</UL>

<P><STRONG><a name="[cc]"></a>DMA_Reset</STRONG> (Thumb, 224 bytes, Stack size 0 bytes, n32g430_dma.o(.text))
<BR><BR>[Called By]<UL><LI><a href="#[c2]">&gt;&gt;</a>&nbsp;&nbsp;&nbsp;DMAInit
</UL>

<P><STRONG><a name="[6e]"></a>DMA_Memory_2_Memory_Config</STRONG> (Thumb, 16 bytes, Stack size 0 bytes, n32g430_dma.o(.text))
<BR><BR>[Called By]<UL><LI><a href="#[63]">&gt;&gt;</a>&nbsp;&nbsp;&nbsp;DMA_Initializes
</UL>

<P><STRONG><a name="[6d]"></a>DMA_Priority_Config</STRONG> (Thumb, 16 bytes, Stack size 0 bytes, n32g430_dma.o(.text))
<BR><BR>[Called By]<UL><LI><a href="#[63]">&gt;&gt;</a>&nbsp;&nbsp;&nbsp;DMA_Initializes
</UL>

<P><STRONG><a name="[6c]"></a>DMA_Circular_Mode_Config</STRONG> (Thumb, 16 bytes, Stack size 0 bytes, n32g430_dma.o(.text))
<BR><BR>[Called By]<UL><LI><a href="#[63]">&gt;&gt;</a>&nbsp;&nbsp;&nbsp;DMA_Initializes
</UL>

<P><STRONG><a name="[6b]"></a>DMA_Memory_Data_Width_Config</STRONG> (Thumb, 16 bytes, Stack size 0 bytes, n32g430_dma.o(.text))
<BR><BR>[Called By]<UL><LI><a href="#[63]">&gt;&gt;</a>&nbsp;&nbsp;&nbsp;DMA_Initializes
</UL>

<P><STRONG><a name="[6a]"></a>DMA_Peripheral_Data_Width_Config</STRONG> (Thumb, 16 bytes, Stack size 0 bytes, n32g430_dma.o(.text))
<BR><BR>[Called By]<UL><LI><a href="#[63]">&gt;&gt;</a>&nbsp;&nbsp;&nbsp;DMA_Initializes
</UL>

<P><STRONG><a name="[69]"></a>DMA_Memory_Addr_Increment_Config</STRONG> (Thumb, 16 bytes, Stack size 0 bytes, n32g430_dma.o(.text))
<BR><BR>[Called By]<UL><LI><a href="#[63]">&gt;&gt;</a>&nbsp;&nbsp;&nbsp;DMA_Initializes
</UL>

<P><STRONG><a name="[68]"></a>DMA_Peripheral_Addr_Increment_Config</STRONG> (Thumb, 16 bytes, Stack size 0 bytes, n32g430_dma.o(.text))
<BR><BR>[Called By]<UL><LI><a href="#[63]">&gt;&gt;</a>&nbsp;&nbsp;&nbsp;DMA_Initializes
</UL>

<P><STRONG><a name="[67]"></a>DMA_Buffer_Size_Config</STRONG> (Thumb, 4 bytes, Stack size 0 bytes, n32g430_dma.o(.text))
<BR><BR>[Called By]<UL><LI><a href="#[63]">&gt;&gt;</a>&nbsp;&nbsp;&nbsp;DMA_Initializes
</UL>

<P><STRONG><a name="[66]"></a>DMA_Destination_Config</STRONG> (Thumb, 16 bytes, Stack size 0 bytes, n32g430_dma.o(.text))
<BR><BR>[Called By]<UL><LI><a href="#[63]">&gt;&gt;</a>&nbsp;&nbsp;&nbsp;DMA_Initializes
</UL>

<P><STRONG><a name="[65]"></a>DMA_Memory_Address_Config</STRONG> (Thumb, 4 bytes, Stack size 0 bytes, n32g430_dma.o(.text))
<BR><BR>[Called By]<UL><LI><a href="#[63]">&gt;&gt;</a>&nbsp;&nbsp;&nbsp;DMA_Initializes
</UL>

<P><STRONG><a name="[64]"></a>DMA_Peripheral_Address_Config</STRONG> (Thumb, 4 bytes, Stack size 0 bytes, n32g430_dma.o(.text))
<BR><BR>[Called By]<UL><LI><a href="#[63]">&gt;&gt;</a>&nbsp;&nbsp;&nbsp;DMA_Initializes
</UL>

<P><STRONG><a name="[63]"></a>DMA_Initializes</STRONG> (Thumb, 96 bytes, Stack size 8 bytes, n32g430_dma.o(.text))
<BR><BR>[Stack]<UL><LI>Max Depth = 8<LI>Call Chain = DMA_Initializes
</UL>
<BR>[Calls]<UL><LI><a href="#[64]">&gt;&gt;</a>&nbsp;&nbsp;&nbsp;DMA_Peripheral_Address_Config
<LI><a href="#[65]">&gt;&gt;</a>&nbsp;&nbsp;&nbsp;DMA_Memory_Address_Config
<LI><a href="#[66]">&gt;&gt;</a>&nbsp;&nbsp;&nbsp;DMA_Destination_Config
<LI><a href="#[67]">&gt;&gt;</a>&nbsp;&nbsp;&nbsp;DMA_Buffer_Size_Config
<LI><a href="#[68]">&gt;&gt;</a>&nbsp;&nbsp;&nbsp;DMA_Peripheral_Addr_Increment_Config
<LI><a href="#[69]">&gt;&gt;</a>&nbsp;&nbsp;&nbsp;DMA_Memory_Addr_Increment_Config
<LI><a href="#[6a]">&gt;&gt;</a>&nbsp;&nbsp;&nbsp;DMA_Peripheral_Data_Width_Config
<LI><a href="#[6b]">&gt;&gt;</a>&nbsp;&nbsp;&nbsp;DMA_Memory_Data_Width_Config
<LI><a href="#[6c]">&gt;&gt;</a>&nbsp;&nbsp;&nbsp;DMA_Circular_Mode_Config
<LI><a href="#[6d]">&gt;&gt;</a>&nbsp;&nbsp;&nbsp;DMA_Priority_Config
<LI><a href="#[6e]">&gt;&gt;</a>&nbsp;&nbsp;&nbsp;DMA_Memory_2_Memory_Config
</UL>
<BR>[Called By]<UL><LI><a href="#[c2]">&gt;&gt;</a>&nbsp;&nbsp;&nbsp;DMAInit
</UL>

<P><STRONG><a name="[ff]"></a>DMA_Structure_Initializes</STRONG> (Thumb, 26 bytes, Stack size 0 bytes, n32g430_dma.o(.text), UNUSED)

<P><STRONG><a name="[d1]"></a>DMA_Channel_Enable</STRONG> (Thumb, 10 bytes, Stack size 0 bytes, n32g430_dma.o(.text))
<BR><BR>[Called By]<UL><LI><a href="#[c2]">&gt;&gt;</a>&nbsp;&nbsp;&nbsp;DMAInit
</UL>

<P><STRONG><a name="[100]"></a>DMA_Channel_Disable</STRONG> (Thumb, 10 bytes, Stack size 0 bytes, n32g430_dma.o(.text), UNUSED)

<P><STRONG><a name="[d0]"></a>DMA_Interrupts_Enable</STRONG> (Thumb, 8 bytes, Stack size 0 bytes, n32g430_dma.o(.text))
<BR><BR>[Called By]<UL><LI><a href="#[c2]">&gt;&gt;</a>&nbsp;&nbsp;&nbsp;DMAInit
</UL>

<P><STRONG><a name="[101]"></a>DMA_Interrupts_Disable</STRONG> (Thumb, 8 bytes, Stack size 0 bytes, n32g430_dma.o(.text), UNUSED)

<P><STRONG><a name="[102]"></a>DMA_Current_Data_Transfer_Number_Set</STRONG> (Thumb, 4 bytes, Stack size 0 bytes, n32g430_dma.o(.text), UNUSED)

<P><STRONG><a name="[103]"></a>DMA_Current_Data_Transfer_Number_Get</STRONG> (Thumb, 8 bytes, Stack size 0 bytes, n32g430_dma.o(.text), UNUSED)

<P><STRONG><a name="[104]"></a>DMA_Flag_Status_Get</STRONG> (Thumb, 16 bytes, Stack size 0 bytes, n32g430_dma.o(.text), UNUSED)

<P><STRONG><a name="[ce]"></a>DMA_Flag_Status_Clear</STRONG> (Thumb, 4 bytes, Stack size 0 bytes, n32g430_dma.o(.text))
<BR><BR>[Called By]<UL><LI><a href="#[c2]">&gt;&gt;</a>&nbsp;&nbsp;&nbsp;DMAInit
<LI><a href="#[15]">&gt;&gt;</a>&nbsp;&nbsp;&nbsp;DMA_Channel1_IRQHandler
</UL>

<P><STRONG><a name="[d3]"></a>DMA_Interrupt_Status_Get</STRONG> (Thumb, 16 bytes, Stack size 0 bytes, n32g430_dma.o(.text))
<BR><BR>[Called By]<UL><LI><a href="#[15]">&gt;&gt;</a>&nbsp;&nbsp;&nbsp;DMA_Channel1_IRQHandler
</UL>

<P><STRONG><a name="[cf]"></a>DMA_Interrupt_Status_Clear</STRONG> (Thumb, 4 bytes, Stack size 0 bytes, n32g430_dma.o(.text))
<BR><BR>[Called By]<UL><LI><a href="#[c2]">&gt;&gt;</a>&nbsp;&nbsp;&nbsp;DMAInit
</UL>

<P><STRONG><a name="[cd]"></a>DMA_Channel_Request_Remap</STRONG> (Thumb, 4 bytes, Stack size 0 bytes, n32g430_dma.o(.text))
<BR><BR>[Called By]<UL><LI><a href="#[c2]">&gt;&gt;</a>&nbsp;&nbsp;&nbsp;DMAInit
</UL>

<P><STRONG><a name="[6f]"></a>GPIO_Reset</STRONG> (Thumb, 66 bytes, Stack size 8 bytes, n32g430_gpio.o(.text), UNUSED)
<BR><BR>[Calls]<UL><LI><a href="#[46]">&gt;&gt;</a>&nbsp;&nbsp;&nbsp;RCC_AHB_Peripheral_Reset
</UL>

<P><STRONG><a name="[71]"></a>GPIOA_Pin_Reset</STRONG> (Thumb, 256 bytes, Stack size 12 bytes, n32g430_gpio.o(.text), UNUSED)
<BR><BR>[Called By]<UL><LI><a href="#[70]">&gt;&gt;</a>&nbsp;&nbsp;&nbsp;GPIO_ALLPin_Reset
</UL>

<P><STRONG><a name="[72]"></a>GPIOB_Pin_Reset</STRONG> (Thumb, 230 bytes, Stack size 12 bytes, n32g430_gpio.o(.text), UNUSED)
<BR><BR>[Called By]<UL><LI><a href="#[70]">&gt;&gt;</a>&nbsp;&nbsp;&nbsp;GPIO_ALLPin_Reset
</UL>

<P><STRONG><a name="[73]"></a>GPIOC_Pin_Reset</STRONG> (Thumb, 144 bytes, Stack size 12 bytes, n32g430_gpio.o(.text), UNUSED)
<BR><BR>[Called By]<UL><LI><a href="#[70]">&gt;&gt;</a>&nbsp;&nbsp;&nbsp;GPIO_ALLPin_Reset
</UL>

<P><STRONG><a name="[74]"></a>GPIOD_Pin_Reset</STRONG> (Thumb, 194 bytes, Stack size 12 bytes, n32g430_gpio.o(.text), UNUSED)
<BR><BR>[Called By]<UL><LI><a href="#[70]">&gt;&gt;</a>&nbsp;&nbsp;&nbsp;GPIO_ALLPin_Reset
</UL>

<P><STRONG><a name="[105]"></a>AFIO_EXTI_Reset</STRONG> (Thumb, 62 bytes, Stack size 16 bytes, n32g430_gpio.o(.text), UNUSED)

<P><STRONG><a name="[70]"></a>GPIO_ALLPin_Reset</STRONG> (Thumb, 36 bytes, Stack size 4 bytes, n32g430_gpio.o(.text), UNUSED)
<BR><BR>[Calls]<UL><LI><a href="#[74]">&gt;&gt;</a>&nbsp;&nbsp;&nbsp;GPIOD_Pin_Reset
<LI><a href="#[73]">&gt;&gt;</a>&nbsp;&nbsp;&nbsp;GPIOC_Pin_Reset
<LI><a href="#[72]">&gt;&gt;</a>&nbsp;&nbsp;&nbsp;GPIOB_Pin_Reset
<LI><a href="#[71]">&gt;&gt;</a>&nbsp;&nbsp;&nbsp;GPIOA_Pin_Reset
</UL>

<P><STRONG><a name="[76]"></a>GPIO_Alternate_Set</STRONG> (Thumb, 86 bytes, Stack size 12 bytes, n32g430_gpio.o(.text))
<BR><BR>[Stack]<UL><LI>Max Depth = 12<LI>Call Chain = GPIO_Alternate_Set
</UL>
<BR>[Called By]<UL><LI><a href="#[75]">&gt;&gt;</a>&nbsp;&nbsp;&nbsp;GPIO_Peripheral_Initialize
</UL>

<P><STRONG><a name="[77]"></a>GPIO_Mode_Set</STRONG> (Thumb, 68 bytes, Stack size 16 bytes, n32g430_gpio.o(.text))
<BR><BR>[Stack]<UL><LI>Max Depth = 16<LI>Call Chain = GPIO_Mode_Set
</UL>
<BR>[Called By]<UL><LI><a href="#[75]">&gt;&gt;</a>&nbsp;&nbsp;&nbsp;GPIO_Peripheral_Initialize
</UL>

<P><STRONG><a name="[78]"></a>GPIO_Pull_Set</STRONG> (Thumb, 28 bytes, Stack size 12 bytes, n32g430_gpio.o(.text))
<BR><BR>[Stack]<UL><LI>Max Depth = 12<LI>Call Chain = GPIO_Pull_Set
</UL>
<BR>[Called By]<UL><LI><a href="#[75]">&gt;&gt;</a>&nbsp;&nbsp;&nbsp;GPIO_Peripheral_Initialize
</UL>

<P><STRONG><a name="[79]"></a>GPIO_SlewRate_Set</STRONG> (Thumb, 24 bytes, Stack size 8 bytes, n32g430_gpio.o(.text))
<BR><BR>[Stack]<UL><LI>Max Depth = 8<LI>Call Chain = GPIO_SlewRate_Set
</UL>
<BR>[Called By]<UL><LI><a href="#[75]">&gt;&gt;</a>&nbsp;&nbsp;&nbsp;GPIO_Peripheral_Initialize
</UL>

<P><STRONG><a name="[7a]"></a>GPIO_Driver_Set</STRONG> (Thumb, 28 bytes, Stack size 12 bytes, n32g430_gpio.o(.text))
<BR><BR>[Stack]<UL><LI>Max Depth = 12<LI>Call Chain = GPIO_Driver_Set
</UL>
<BR>[Called By]<UL><LI><a href="#[75]">&gt;&gt;</a>&nbsp;&nbsp;&nbsp;GPIO_Peripheral_Initialize
</UL>

<P><STRONG><a name="[75]"></a>GPIO_Peripheral_Initialize</STRONG> (Thumb, 86 bytes, Stack size 20 bytes, n32g430_gpio.o(.text))
<BR><BR>[Stack]<UL><LI>Max Depth = 36<LI>Call Chain = GPIO_Peripheral_Initialize &rArr; GPIO_Mode_Set
</UL>
<BR>[Calls]<UL><LI><a href="#[7a]">&gt;&gt;</a>&nbsp;&nbsp;&nbsp;GPIO_Driver_Set
<LI><a href="#[79]">&gt;&gt;</a>&nbsp;&nbsp;&nbsp;GPIO_SlewRate_Set
<LI><a href="#[78]">&gt;&gt;</a>&nbsp;&nbsp;&nbsp;GPIO_Pull_Set
<LI><a href="#[77]">&gt;&gt;</a>&nbsp;&nbsp;&nbsp;GPIO_Mode_Set
<LI><a href="#[76]">&gt;&gt;</a>&nbsp;&nbsp;&nbsp;GPIO_Alternate_Set
</UL>
<BR>[Called By]<UL><LI><a href="#[bc]">&gt;&gt;</a>&nbsp;&nbsp;&nbsp;GPIO_Configuration
</UL>

<P><STRONG><a name="[7b]"></a>GPIO_Alternate_Function_Reset</STRONG> (Thumb, 10 bytes, Stack size 8 bytes, n32g430_gpio.o(.text), UNUSED)
<BR><BR>[Calls]<UL><LI><a href="#[7c]">&gt;&gt;</a>&nbsp;&nbsp;&nbsp;RCC_APB2_Peripheral_Reset
</UL>

<P><STRONG><a name="[bd]"></a>GPIO_Structure_Initialize</STRONG> (Thumb, 24 bytes, Stack size 0 bytes, n32g430_gpio.o(.text))
<BR><BR>[Called By]<UL><LI><a href="#[bc]">&gt;&gt;</a>&nbsp;&nbsp;&nbsp;GPIO_Configuration
</UL>

<P><STRONG><a name="[106]"></a>GPIO_Input_Pin_Data_Get</STRONG> (Thumb, 16 bytes, Stack size 0 bytes, n32g430_gpio.o(.text), UNUSED)

<P><STRONG><a name="[107]"></a>GPIO_Input_Data_Get</STRONG> (Thumb, 8 bytes, Stack size 0 bytes, n32g430_gpio.o(.text), UNUSED)

<P><STRONG><a name="[108]"></a>GPIO_Output_Pin_Data_Get</STRONG> (Thumb, 16 bytes, Stack size 0 bytes, n32g430_gpio.o(.text), UNUSED)

<P><STRONG><a name="[109]"></a>GPIO_Output_Data_Get</STRONG> (Thumb, 8 bytes, Stack size 0 bytes, n32g430_gpio.o(.text), UNUSED)

<P><STRONG><a name="[10a]"></a>GPIO_Pins_Set</STRONG> (Thumb, 4 bytes, Stack size 0 bytes, n32g430_gpio.o(.text), UNUSED)

<P><STRONG><a name="[10b]"></a>GPIO_Pins_Reset</STRONG> (Thumb, 4 bytes, Stack size 0 bytes, n32g430_gpio.o(.text), UNUSED)

<P><STRONG><a name="[10c]"></a>GPIO_PBSC_Pins_Reset</STRONG> (Thumb, 8 bytes, Stack size 0 bytes, n32g430_gpio.o(.text), UNUSED)

<P><STRONG><a name="[10d]"></a>GPIO_PBC_Pins_Reset</STRONG> (Thumb, 4 bytes, Stack size 0 bytes, n32g430_gpio.o(.text), UNUSED)

<P><STRONG><a name="[10e]"></a>GPIO_Write</STRONG> (Thumb, 4 bytes, Stack size 0 bytes, n32g430_gpio.o(.text), UNUSED)

<P><STRONG><a name="[10f]"></a>GPIO_Pin_Toggle</STRONG> (Thumb, 8 bytes, Stack size 0 bytes, n32g430_gpio.o(.text), UNUSED)

<P><STRONG><a name="[110]"></a>GPIO_Pin_Lock_Set</STRONG> (Thumb, 18 bytes, Stack size 0 bytes, n32g430_gpio.o(.text), UNUSED)

<P><STRONG><a name="[111]"></a>GPIO_Pin_Remap_Set</STRONG> (Thumb, 94 bytes, Stack size 20 bytes, n32g430_gpio.o(.text), UNUSED)

<P><STRONG><a name="[112]"></a>GPIO_EXTI_Line_Set</STRONG> (Thumb, 56 bytes, Stack size 8 bytes, n32g430_gpio.o(.text), UNUSED)

<P><STRONG><a name="[113]"></a>AFIO_SPI_NSS_Mode_Set</STRONG> (Thumb, 30 bytes, Stack size 0 bytes, n32g430_gpio.o(.text), UNUSED)

<P><STRONG><a name="[114]"></a>AFIO_ADC_External_Trigger_Remap_Set</STRONG> (Thumb, 82 bytes, Stack size 0 bytes, n32g430_gpio.o(.text), UNUSED)

<P><STRONG><a name="[115]"></a>AFIO_5V_Tolerance_Enable</STRONG> (Thumb, 16 bytes, Stack size 0 bytes, n32g430_gpio.o(.text), UNUSED)

<P><STRONG><a name="[116]"></a>AFIO_5V_Tolerance_Disable</STRONG> (Thumb, 16 bytes, Stack size 0 bytes, n32g430_gpio.o(.text), UNUSED)

<P><STRONG><a name="[117]"></a>AFIO_Filter_Stage_Ctrl</STRONG> (Thumb, 8 bytes, Stack size 0 bytes, n32g430_gpio.o(.text), UNUSED)

<P><STRONG><a name="[118]"></a>AFIO_EFT_Enable</STRONG> (Thumb, 130 bytes, Stack size 8 bytes, n32g430_gpio.o(.text), UNUSED)

<P><STRONG><a name="[119]"></a>AFIO_EFT_Disable</STRONG> (Thumb, 130 bytes, Stack size 8 bytes, n32g430_gpio.o(.text), UNUSED)

<P><STRONG><a name="[11a]"></a>AFIO_Digital_EFT_Enable</STRONG> (Thumb, 130 bytes, Stack size 8 bytes, n32g430_gpio.o(.text), UNUSED)

<P><STRONG><a name="[11b]"></a>AFIO_Digital_EFT_Disable</STRONG> (Thumb, 130 bytes, Stack size 8 bytes, n32g430_gpio.o(.text), UNUSED)

<P><STRONG><a name="[11c]"></a>RCC_Reset</STRONG> (Thumb, 74 bytes, Stack size 0 bytes, n32g430_rcc.o(.text), UNUSED)

<P><STRONG><a name="[11d]"></a>RCC_HSE_Config</STRONG> (Thumb, 60 bytes, Stack size 0 bytes, n32g430_rcc.o(.text), UNUSED)

<P><STRONG><a name="[7f]"></a>RCC_Flag_Status_Get</STRONG> (Thumb, 58 bytes, Stack size 0 bytes, n32g430_rcc.o(.text), UNUSED)
<BR><BR>[Called By]<UL><LI><a href="#[85]">&gt;&gt;</a>&nbsp;&nbsp;&nbsp;RCC_LSI_Stable_Wait
<LI><a href="#[84]">&gt;&gt;</a>&nbsp;&nbsp;&nbsp;RCC_LSE_Stable_Wait
<LI><a href="#[80]">&gt;&gt;</a>&nbsp;&nbsp;&nbsp;RCC_HSI_Stable_Wait
<LI><a href="#[7d]">&gt;&gt;</a>&nbsp;&nbsp;&nbsp;RCC_HSE_Stable_Wait
</UL>

<P><STRONG><a name="[7e]"></a>RCC_Clocks_Frequencies_Value_Get</STRONG> (Thumb, 250 bytes, Stack size 20 bytes, n32g430_rcc.o(.text), UNUSED)
<BR><BR>[Called By]<UL><LI><a href="#[85]">&gt;&gt;</a>&nbsp;&nbsp;&nbsp;RCC_LSI_Stable_Wait
<LI><a href="#[84]">&gt;&gt;</a>&nbsp;&nbsp;&nbsp;RCC_LSE_Stable_Wait
<LI><a href="#[80]">&gt;&gt;</a>&nbsp;&nbsp;&nbsp;RCC_HSI_Stable_Wait
<LI><a href="#[7d]">&gt;&gt;</a>&nbsp;&nbsp;&nbsp;RCC_HSE_Stable_Wait
</UL>

<P><STRONG><a name="[7d]"></a>RCC_HSE_Stable_Wait</STRONG> (Thumb, 78 bytes, Stack size 40 bytes, n32g430_rcc.o(.text), UNUSED)
<BR><BR>[Calls]<UL><LI><a href="#[7e]">&gt;&gt;</a>&nbsp;&nbsp;&nbsp;RCC_Clocks_Frequencies_Value_Get
<LI><a href="#[7f]">&gt;&gt;</a>&nbsp;&nbsp;&nbsp;RCC_Flag_Status_Get
</UL>

<P><STRONG><a name="[11e]"></a>RCC_Clock_Security_System_Enable</STRONG> (Thumb, 8 bytes, Stack size 0 bytes, n32g430_rcc.o(.text), UNUSED)

<P><STRONG><a name="[11f]"></a>RCC_Clock_Security_System_Disable</STRONG> (Thumb, 8 bytes, Stack size 0 bytes, n32g430_rcc.o(.text), UNUSED)

<P><STRONG><a name="[120]"></a>RCC_HSI_Calibration_Value_Set</STRONG> (Thumb, 20 bytes, Stack size 0 bytes, n32g430_rcc.o(.text), UNUSED)

<P><STRONG><a name="[121]"></a>RCC_HSI_Enable</STRONG> (Thumb, 8 bytes, Stack size 0 bytes, n32g430_rcc.o(.text), UNUSED)

<P><STRONG><a name="[122]"></a>RCC_HSI_Disable</STRONG> (Thumb, 8 bytes, Stack size 0 bytes, n32g430_rcc.o(.text), UNUSED)

<P><STRONG><a name="[80]"></a>RCC_HSI_Stable_Wait</STRONG> (Thumb, 78 bytes, Stack size 40 bytes, n32g430_rcc.o(.text), UNUSED)
<BR><BR>[Calls]<UL><LI><a href="#[7e]">&gt;&gt;</a>&nbsp;&nbsp;&nbsp;RCC_Clocks_Frequencies_Value_Get
<LI><a href="#[7f]">&gt;&gt;</a>&nbsp;&nbsp;&nbsp;RCC_Flag_Status_Get
</UL>

<P><STRONG><a name="[123]"></a>RCC_PLL_Config</STRONG> (Thumb, 46 bytes, Stack size 8 bytes, n32g430_rcc.o(.text), UNUSED)

<P><STRONG><a name="[124]"></a>RCC_PLL_Enable</STRONG> (Thumb, 8 bytes, Stack size 0 bytes, n32g430_rcc.o(.text), UNUSED)

<P><STRONG><a name="[125]"></a>RCC_PLL_Disable</STRONG> (Thumb, 8 bytes, Stack size 0 bytes, n32g430_rcc.o(.text), UNUSED)

<P><STRONG><a name="[126]"></a>RCC_Sysclk_Config</STRONG> (Thumb, 18 bytes, Stack size 0 bytes, n32g430_rcc.o(.text), UNUSED)

<P><STRONG><a name="[127]"></a>RCC_Sysclk_Source_Get</STRONG> (Thumb, 10 bytes, Stack size 0 bytes, n32g430_rcc.o(.text), UNUSED)

<P><STRONG><a name="[128]"></a>RCC_Hclk_Config</STRONG> (Thumb, 18 bytes, Stack size 0 bytes, n32g430_rcc.o(.text), UNUSED)

<P><STRONG><a name="[129]"></a>RCC_Pclk1_Config</STRONG> (Thumb, 18 bytes, Stack size 0 bytes, n32g430_rcc.o(.text), UNUSED)

<P><STRONG><a name="[12a]"></a>RCC_Pclk2_Config</STRONG> (Thumb, 20 bytes, Stack size 0 bytes, n32g430_rcc.o(.text), UNUSED)

<P><STRONG><a name="[12b]"></a>RCC_Interrupt_Enable</STRONG> (Thumb, 12 bytes, Stack size 0 bytes, n32g430_rcc.o(.text), UNUSED)

<P><STRONG><a name="[12c]"></a>RCC_Interrupt_Disable</STRONG> (Thumb, 12 bytes, Stack size 0 bytes, n32g430_rcc.o(.text), UNUSED)

<P><STRONG><a name="[12d]"></a>RCC_TIM1_8_Clock_Config</STRONG> (Thumb, 18 bytes, Stack size 0 bytes, n32g430_rcc.o(.text), UNUSED)

<P><STRONG><a name="[c3]"></a>RCC_ADC_1M_Clock_Config</STRONG> (Thumb, 24 bytes, Stack size 0 bytes, n32g430_rcc.o(.text))
<BR><BR>[Called By]<UL><LI><a href="#[c1]">&gt;&gt;</a>&nbsp;&nbsp;&nbsp;Adc_Init
</UL>

<P><STRONG><a name="[62]"></a>RCC_ADC_PLL_Clock_Prescaler_Enable</STRONG> (Thumb, 18 bytes, Stack size 0 bytes, n32g430_rcc.o(.text))
<BR><BR>[Called By]<UL><LI><a href="#[5e]">&gt;&gt;</a>&nbsp;&nbsp;&nbsp;ADC_Clock_Mode_Config
</UL>

<P><STRONG><a name="[60]"></a>RCC_ADC_PLL_Clock_Disable</STRONG> (Thumb, 14 bytes, Stack size 0 bytes, n32g430_rcc.o(.text))
<BR><BR>[Called By]<UL><LI><a href="#[5e]">&gt;&gt;</a>&nbsp;&nbsp;&nbsp;ADC_Clock_Mode_Config
</UL>

<P><STRONG><a name="[61]"></a>RCC_ADC_Hclk_Config</STRONG> (Thumb, 18 bytes, Stack size 0 bytes, n32g430_rcc.o(.text))
<BR><BR>[Called By]<UL><LI><a href="#[5e]">&gt;&gt;</a>&nbsp;&nbsp;&nbsp;ADC_Clock_Mode_Config
</UL>

<P><STRONG><a name="[5f]"></a>RCC_ADC_Hclk_Enable</STRONG> (Thumb, 18 bytes, Stack size 0 bytes, n32g430_rcc.o(.text))
<BR><BR>[Called By]<UL><LI><a href="#[5e]">&gt;&gt;</a>&nbsp;&nbsp;&nbsp;ADC_Clock_Mode_Config
</UL>

<P><STRONG><a name="[12e]"></a>RCC_ADC_Hclk_Disable</STRONG> (Thumb, 18 bytes, Stack size 0 bytes, n32g430_rcc.o(.text), UNUSED)

<P><STRONG><a name="[83]"></a>RCC_LSE_Trim_Config</STRONG> (Thumb, 38 bytes, Stack size 0 bytes, n32g430_rcc.o(.text), UNUSED)
<BR><BR>[Called By]<UL><LI><a href="#[81]">&gt;&gt;</a>&nbsp;&nbsp;&nbsp;RCC_LSE_Config
</UL>

<P><STRONG><a name="[82]"></a>RCC_APB1_Peripheral_Clock_Enable</STRONG> (Thumb, 70 bytes, Stack size 0 bytes, n32g430_rcc.o(.text), UNUSED)
<BR><BR>[Called By]<UL><LI><a href="#[86]">&gt;&gt;</a>&nbsp;&nbsp;&nbsp;RCC_LPTIM_Clock_Config
<LI><a href="#[81]">&gt;&gt;</a>&nbsp;&nbsp;&nbsp;RCC_LSE_Config
</UL>

<P><STRONG><a name="[81]"></a>RCC_LSE_Config</STRONG> (Thumb, 88 bytes, Stack size 8 bytes, n32g430_rcc.o(.text), UNUSED)
<BR><BR>[Calls]<UL><LI><a href="#[82]">&gt;&gt;</a>&nbsp;&nbsp;&nbsp;RCC_APB1_Peripheral_Clock_Enable
<LI><a href="#[83]">&gt;&gt;</a>&nbsp;&nbsp;&nbsp;RCC_LSE_Trim_Config
</UL>

<P><STRONG><a name="[12f]"></a>RCC_LSE_Clock_Security_System_Enable</STRONG> (Thumb, 8 bytes, Stack size 0 bytes, n32g430_rcc.o(.text), UNUSED)

<P><STRONG><a name="[130]"></a>RCC_LSE_Clock_Security_System_Disable</STRONG> (Thumb, 8 bytes, Stack size 0 bytes, n32g430_rcc.o(.text), UNUSED)

<P><STRONG><a name="[131]"></a>RCC_LSE_Clock_Security_System_Status_Get</STRONG> (Thumb, 18 bytes, Stack size 0 bytes, n32g430_rcc.o(.text), UNUSED)

<P><STRONG><a name="[84]"></a>RCC_LSE_Stable_Wait</STRONG> (Thumb, 78 bytes, Stack size 40 bytes, n32g430_rcc.o(.text), UNUSED)
<BR><BR>[Calls]<UL><LI><a href="#[7e]">&gt;&gt;</a>&nbsp;&nbsp;&nbsp;RCC_Clocks_Frequencies_Value_Get
<LI><a href="#[7f]">&gt;&gt;</a>&nbsp;&nbsp;&nbsp;RCC_Flag_Status_Get
</UL>

<P><STRONG><a name="[132]"></a>RCC_LSI_Enable</STRONG> (Thumb, 10 bytes, Stack size 0 bytes, n32g430_rcc.o(.text), UNUSED)

<P><STRONG><a name="[133]"></a>RCC_LSI_Disable</STRONG> (Thumb, 10 bytes, Stack size 0 bytes, n32g430_rcc.o(.text), UNUSED)

<P><STRONG><a name="[85]"></a>RCC_LSI_Stable_Wait</STRONG> (Thumb, 78 bytes, Stack size 40 bytes, n32g430_rcc.o(.text), UNUSED)
<BR><BR>[Calls]<UL><LI><a href="#[7e]">&gt;&gt;</a>&nbsp;&nbsp;&nbsp;RCC_Clocks_Frequencies_Value_Get
<LI><a href="#[7f]">&gt;&gt;</a>&nbsp;&nbsp;&nbsp;RCC_Flag_Status_Get
</UL>

<P><STRONG><a name="[134]"></a>RCC_RTC_Clock_Config</STRONG> (Thumb, 22 bytes, Stack size 0 bytes, n32g430_rcc.o(.text), UNUSED)

<P><STRONG><a name="[135]"></a>RCC_RTC_Clock_Enable</STRONG> (Thumb, 10 bytes, Stack size 0 bytes, n32g430_rcc.o(.text), UNUSED)

<P><STRONG><a name="[136]"></a>RCC_RTC_Clock_Disable</STRONG> (Thumb, 10 bytes, Stack size 0 bytes, n32g430_rcc.o(.text), UNUSED)

<P><STRONG><a name="[86]"></a>RCC_LPTIM_Clock_Config</STRONG> (Thumb, 46 bytes, Stack size 4 bytes, n32g430_rcc.o(.text), UNUSED)
<BR><BR>[Calls]<UL><LI><a href="#[82]">&gt;&gt;</a>&nbsp;&nbsp;&nbsp;RCC_APB1_Peripheral_Clock_Enable
</UL>

<P><STRONG><a name="[137]"></a>RCC_LPTIM_Reset</STRONG> (Thumb, 24 bytes, Stack size 0 bytes, n32g430_rcc.o(.text), UNUSED)

<P><STRONG><a name="[138]"></a>RCC_LPTIM_Enable</STRONG> (Thumb, 14 bytes, Stack size 0 bytes, n32g430_rcc.o(.text), UNUSED)

<P><STRONG><a name="[139]"></a>RCC_LPTIM_Disable</STRONG> (Thumb, 14 bytes, Stack size 0 bytes, n32g430_rcc.o(.text), UNUSED)

<P><STRONG><a name="[c0]"></a>RCC_AHB_Peripheral_Clock_Enable</STRONG> (Thumb, 12 bytes, Stack size 0 bytes, n32g430_rcc.o(.text))
<BR><BR>[Called By]<UL><LI><a href="#[c2]">&gt;&gt;</a>&nbsp;&nbsp;&nbsp;DMAInit
<LI><a href="#[c1]">&gt;&gt;</a>&nbsp;&nbsp;&nbsp;Adc_Init
<LI><a href="#[be]">&gt;&gt;</a>&nbsp;&nbsp;&nbsp;RCC_Configuration
</UL>

<P><STRONG><a name="[13a]"></a>RCC_AHB_Peripheral_Clock_Disable</STRONG> (Thumb, 12 bytes, Stack size 0 bytes, n32g430_rcc.o(.text), UNUSED)

<P><STRONG><a name="[bf]"></a>RCC_APB2_Peripheral_Clock_Enable</STRONG> (Thumb, 12 bytes, Stack size 0 bytes, n32g430_rcc.o(.text))
<BR><BR>[Called By]<UL><LI><a href="#[be]">&gt;&gt;</a>&nbsp;&nbsp;&nbsp;RCC_Configuration
</UL>

<P><STRONG><a name="[13b]"></a>RCC_APB2_Peripheral_Clock_Disable</STRONG> (Thumb, 12 bytes, Stack size 0 bytes, n32g430_rcc.o(.text), UNUSED)

<P><STRONG><a name="[13c]"></a>RCC_APB1_Peripheral_Clock_Disable</STRONG> (Thumb, 12 bytes, Stack size 0 bytes, n32g430_rcc.o(.text), UNUSED)

<P><STRONG><a name="[46]"></a>RCC_AHB_Peripheral_Reset</STRONG> (Thumb, 20 bytes, Stack size 0 bytes, n32g430_rcc.o(.text), UNUSED)
<BR><BR>[Called By]<UL><LI><a href="#[6f]">&gt;&gt;</a>&nbsp;&nbsp;&nbsp;GPIO_Reset
<LI><a href="#[45]">&gt;&gt;</a>&nbsp;&nbsp;&nbsp;ADC_Reset
</UL>

<P><STRONG><a name="[7c]"></a>RCC_APB2_Peripheral_Reset</STRONG> (Thumb, 20 bytes, Stack size 0 bytes, n32g430_rcc.o(.text), UNUSED)
<BR><BR>[Called By]<UL><LI><a href="#[87]">&gt;&gt;</a>&nbsp;&nbsp;&nbsp;TIM_Reset
<LI><a href="#[7b]">&gt;&gt;</a>&nbsp;&nbsp;&nbsp;GPIO_Alternate_Function_Reset
</UL>

<P><STRONG><a name="[88]"></a>RCC_APB1_Peripheral_Reset</STRONG> (Thumb, 20 bytes, Stack size 0 bytes, n32g430_rcc.o(.text), UNUSED)
<BR><BR>[Called By]<UL><LI><a href="#[87]">&gt;&gt;</a>&nbsp;&nbsp;&nbsp;TIM_Reset
</UL>

<P><STRONG><a name="[13d]"></a>RCC_Backup_Reset</STRONG> (Thumb, 14 bytes, Stack size 0 bytes, n32g430_rcc.o(.text), UNUSED)

<P><STRONG><a name="[13e]"></a>RCC_MCO_PLL_Prescaler_Config</STRONG> (Thumb, 18 bytes, Stack size 0 bytes, n32g430_rcc.o(.text), UNUSED)

<P><STRONG><a name="[13f]"></a>RCC_MCO_Source_Config</STRONG> (Thumb, 18 bytes, Stack size 0 bytes, n32g430_rcc.o(.text), UNUSED)

<P><STRONG><a name="[140]"></a>RCC_Reset_Flag_Clear</STRONG> (Thumb, 24 bytes, Stack size 0 bytes, n32g430_rcc.o(.text), UNUSED)

<P><STRONG><a name="[141]"></a>RCC_Interrupt_Status_Get</STRONG> (Thumb, 18 bytes, Stack size 0 bytes, n32g430_rcc.o(.text), UNUSED)

<P><STRONG><a name="[142]"></a>RCC_Interrupt_Status_Clear</STRONG> (Thumb, 12 bytes, Stack size 0 bytes, n32g430_rcc.o(.text), UNUSED)

<P><STRONG><a name="[87]"></a>TIM_Reset</STRONG> (Thumb, 102 bytes, Stack size 8 bytes, n32g430_tim.o(.text), UNUSED)
<BR><BR>[Calls]<UL><LI><a href="#[88]">&gt;&gt;</a>&nbsp;&nbsp;&nbsp;RCC_APB1_Peripheral_Reset
<LI><a href="#[7c]">&gt;&gt;</a>&nbsp;&nbsp;&nbsp;RCC_APB2_Peripheral_Reset
</UL>

<P><STRONG><a name="[8a]"></a>TIM_Base_Count_Mode_Set</STRONG> (Thumb, 16 bytes, Stack size 0 bytes, n32g430_tim.o(.text))
<BR><BR>[Called By]<UL><LI><a href="#[89]">&gt;&gt;</a>&nbsp;&nbsp;&nbsp;TIM_Base_Initialize
</UL>

<P><STRONG><a name="[143]"></a>TIM_Base_Center_Aligned_Mode_OC4_7_8_9_Trigger_Set</STRONG> (Thumb, 16 bytes, Stack size 0 bytes, n32g430_tim.o(.text), UNUSED)

<P><STRONG><a name="[144]"></a>TIM_Asymmetric_Enable</STRONG> (Thumb, 10 bytes, Stack size 0 bytes, n32g430_tim.o(.text), UNUSED)

<P><STRONG><a name="[145]"></a>TIM_Asymmetric_Disable</STRONG> (Thumb, 10 bytes, Stack size 0 bytes, n32g430_tim.o(.text), UNUSED)

<P><STRONG><a name="[8c]"></a>TIM_Base_Auto_Reload_Set</STRONG> (Thumb, 4 bytes, Stack size 0 bytes, n32g430_tim.o(.text))
<BR><BR>[Called By]<UL><LI><a href="#[89]">&gt;&gt;</a>&nbsp;&nbsp;&nbsp;TIM_Base_Initialize
</UL>

<P><STRONG><a name="[8d]"></a>TIM_Base_Prescaler_Set</STRONG> (Thumb, 4 bytes, Stack size 0 bytes, n32g430_tim.o(.text))
<BR><BR>[Called By]<UL><LI><a href="#[89]">&gt;&gt;</a>&nbsp;&nbsp;&nbsp;TIM_Base_Initialize
</UL>

<P><STRONG><a name="[8f]"></a>TIM_Base_Reload_Mode_Set</STRONG> (Thumb, 4 bytes, Stack size 0 bytes, n32g430_tim.o(.text))
<BR><BR>[Called By]<UL><LI><a href="#[89]">&gt;&gt;</a>&nbsp;&nbsp;&nbsp;TIM_Base_Initialize
</UL>

<P><STRONG><a name="[8e]"></a>TIM_Base_Repeat_Count_Set</STRONG> (Thumb, 4 bytes, Stack size 0 bytes, n32g430_tim.o(.text))
<BR><BR>[Called By]<UL><LI><a href="#[89]">&gt;&gt;</a>&nbsp;&nbsp;&nbsp;TIM_Base_Initialize
</UL>

<P><STRONG><a name="[90]"></a>TIM_Base_Channel1</STRONG> (Thumb, 22 bytes, Stack size 0 bytes, n32g430_tim.o(.text))
<BR><BR>[Called By]<UL><LI><a href="#[89]">&gt;&gt;</a>&nbsp;&nbsp;&nbsp;TIM_Base_Initialize
</UL>

<P><STRONG><a name="[92]"></a>TIM_Base_Channel2</STRONG> (Thumb, 22 bytes, Stack size 0 bytes, n32g430_tim.o(.text))
<BR><BR>[Called By]<UL><LI><a href="#[89]">&gt;&gt;</a>&nbsp;&nbsp;&nbsp;TIM_Base_Initialize
</UL>

<P><STRONG><a name="[93]"></a>TIM_Base_Channel3</STRONG> (Thumb, 22 bytes, Stack size 0 bytes, n32g430_tim.o(.text))
<BR><BR>[Called By]<UL><LI><a href="#[89]">&gt;&gt;</a>&nbsp;&nbsp;&nbsp;TIM_Base_Initialize
</UL>

<P><STRONG><a name="[94]"></a>TIM_Base_Channel4</STRONG> (Thumb, 22 bytes, Stack size 0 bytes, n32g430_tim.o(.text))
<BR><BR>[Called By]<UL><LI><a href="#[89]">&gt;&gt;</a>&nbsp;&nbsp;&nbsp;TIM_Base_Initialize
</UL>

<P><STRONG><a name="[91]"></a>TIM_Base_OCrefClear</STRONG> (Thumb, 22 bytes, Stack size 0 bytes, n32g430_tim.o(.text))
<BR><BR>[Called By]<UL><LI><a href="#[89]">&gt;&gt;</a>&nbsp;&nbsp;&nbsp;TIM_Base_Initialize
</UL>

<P><STRONG><a name="[8b]"></a>TIM_Clock_Division_Set</STRONG> (Thumb, 16 bytes, Stack size 0 bytes, n32g430_tim.o(.text))
<BR><BR>[Called By]<UL><LI><a href="#[89]">&gt;&gt;</a>&nbsp;&nbsp;&nbsp;TIM_Base_Initialize
</UL>

<P><STRONG><a name="[89]"></a>TIM_Base_Initialize</STRONG> (Thumb, 156 bytes, Stack size 12 bytes, n32g430_tim.o(.text))
<BR><BR>[Stack]<UL><LI>Max Depth = 12<LI>Call Chain = TIM_Base_Initialize
</UL>
<BR>[Calls]<UL><LI><a href="#[8b]">&gt;&gt;</a>&nbsp;&nbsp;&nbsp;TIM_Clock_Division_Set
<LI><a href="#[91]">&gt;&gt;</a>&nbsp;&nbsp;&nbsp;TIM_Base_OCrefClear
<LI><a href="#[94]">&gt;&gt;</a>&nbsp;&nbsp;&nbsp;TIM_Base_Channel4
<LI><a href="#[93]">&gt;&gt;</a>&nbsp;&nbsp;&nbsp;TIM_Base_Channel3
<LI><a href="#[92]">&gt;&gt;</a>&nbsp;&nbsp;&nbsp;TIM_Base_Channel2
<LI><a href="#[90]">&gt;&gt;</a>&nbsp;&nbsp;&nbsp;TIM_Base_Channel1
<LI><a href="#[8e]">&gt;&gt;</a>&nbsp;&nbsp;&nbsp;TIM_Base_Repeat_Count_Set
<LI><a href="#[8f]">&gt;&gt;</a>&nbsp;&nbsp;&nbsp;TIM_Base_Reload_Mode_Set
<LI><a href="#[8d]">&gt;&gt;</a>&nbsp;&nbsp;&nbsp;TIM_Base_Prescaler_Set
<LI><a href="#[8c]">&gt;&gt;</a>&nbsp;&nbsp;&nbsp;TIM_Base_Auto_Reload_Set
<LI><a href="#[8a]">&gt;&gt;</a>&nbsp;&nbsp;&nbsp;TIM_Base_Count_Mode_Set
</UL>
<BR>[Called By]<UL><LI><a href="#[b9]">&gt;&gt;</a>&nbsp;&nbsp;&nbsp;Tim_Init
</UL>

<P><STRONG><a name="[146]"></a>TIM_Base_Struct_Initialize</STRONG> (Thumb, 30 bytes, Stack size 0 bytes, n32g430_tim.o(.text), UNUSED)

<P><STRONG><a name="[147]"></a>TIM_Base_Count_Set</STRONG> (Thumb, 4 bytes, Stack size 0 bytes, n32g430_tim.o(.text), UNUSED)

<P><STRONG><a name="[148]"></a>TIM_Base_Count_Get</STRONG> (Thumb, 6 bytes, Stack size 0 bytes, n32g430_tim.o(.text), UNUSED)

<P><STRONG><a name="[149]"></a>TIM_Auto_Reload_Get</STRONG> (Thumb, 6 bytes, Stack size 0 bytes, n32g430_tim.o(.text), UNUSED)

<P><STRONG><a name="[14a]"></a>TIM_Base_Prescaler_Get</STRONG> (Thumb, 6 bytes, Stack size 0 bytes, n32g430_tim.o(.text), UNUSED)

<P><STRONG><a name="[ba]"></a>TIM_On</STRONG> (Thumb, 10 bytes, Stack size 0 bytes, n32g430_tim.o(.text))
<BR><BR>[Called By]<UL><LI><a href="#[b9]">&gt;&gt;</a>&nbsp;&nbsp;&nbsp;Tim_Init
</UL>

<P><STRONG><a name="[14b]"></a>TIM_Off</STRONG> (Thumb, 10 bytes, Stack size 0 bytes, n32g430_tim.o(.text), UNUSED)

<P><STRONG><a name="[14c]"></a>TIM_Output_Channel1_Preload_Set</STRONG> (Thumb, 18 bytes, Stack size 0 bytes, n32g430_tim.o(.text), UNUSED)

<P><STRONG><a name="[14d]"></a>TIM_Output_Channel2_Preload_Set</STRONG> (Thumb, 26 bytes, Stack size 0 bytes, n32g430_tim.o(.text), UNUSED)

<P><STRONG><a name="[14e]"></a>TIM_Output_Channel3_Preload_Set</STRONG> (Thumb, 20 bytes, Stack size 0 bytes, n32g430_tim.o(.text), UNUSED)

<P><STRONG><a name="[14f]"></a>TIM_Output_Channel4_Preload_Set</STRONG> (Thumb, 28 bytes, Stack size 0 bytes, n32g430_tim.o(.text), UNUSED)

<P><STRONG><a name="[150]"></a>TIM_Output_Channel5_Preload_Set</STRONG> (Thumb, 22 bytes, Stack size 0 bytes, n32g430_tim.o(.text), UNUSED)

<P><STRONG><a name="[151]"></a>TIM_Output_Channel6_Preload_Set</STRONG> (Thumb, 30 bytes, Stack size 0 bytes, n32g430_tim.o(.text), UNUSED)

<P><STRONG><a name="[152]"></a>TIM_Output_Channel7_Preload_Set</STRONG> (Thumb, 26 bytes, Stack size 0 bytes, n32g430_tim.o(.text), UNUSED)

<P><STRONG><a name="[153]"></a>TIM_Output_Channel8_Preload_Set</STRONG> (Thumb, 26 bytes, Stack size 0 bytes, n32g430_tim.o(.text), UNUSED)

<P><STRONG><a name="[154]"></a>TIM_Output_Channel9_Preload_Set</STRONG> (Thumb, 26 bytes, Stack size 0 bytes, n32g430_tim.o(.text), UNUSED)

<P><STRONG><a name="[155]"></a>TIM_Auto_Reload_Preload_Enable</STRONG> (Thumb, 10 bytes, Stack size 0 bytes, n32g430_tim.o(.text), UNUSED)

<P><STRONG><a name="[156]"></a>TIM_Auto_Reload_Preload_Disable</STRONG> (Thumb, 10 bytes, Stack size 0 bytes, n32g430_tim.o(.text), UNUSED)

<P><STRONG><a name="[157]"></a>TIM_Update_Event_Enable</STRONG> (Thumb, 10 bytes, Stack size 0 bytes, n32g430_tim.o(.text), UNUSED)

<P><STRONG><a name="[158]"></a>TIM_Update_Event_Disable</STRONG> (Thumb, 10 bytes, Stack size 0 bytes, n32g430_tim.o(.text), UNUSED)

<P><STRONG><a name="[159]"></a>TIM_Update_Request_Source_Set</STRONG> (Thumb, 22 bytes, Stack size 0 bytes, n32g430_tim.o(.text), UNUSED)

<P><STRONG><a name="[15a]"></a>TIM_Event_Generate</STRONG> (Thumb, 4 bytes, Stack size 0 bytes, n32g430_tim.o(.text), UNUSED)

<P><STRONG><a name="[15b]"></a>TIM_Commutation_Event_Enable</STRONG> (Thumb, 10 bytes, Stack size 0 bytes, n32g430_tim.o(.text), UNUSED)

<P><STRONG><a name="[15c]"></a>TIM_Commutation_Event_Disable</STRONG> (Thumb, 10 bytes, Stack size 0 bytes, n32g430_tim.o(.text), UNUSED)

<P><STRONG><a name="[15d]"></a>TIM_Capture_Compare_Control_Preload_Enable</STRONG> (Thumb, 10 bytes, Stack size 0 bytes, n32g430_tim.o(.text), UNUSED)

<P><STRONG><a name="[15e]"></a>TIM_Capture_Compare_Control_Preload_Disable</STRONG> (Thumb, 10 bytes, Stack size 0 bytes, n32g430_tim.o(.text), UNUSED)

<P><STRONG><a name="[15f]"></a>TIM_Compare1_Set</STRONG> (Thumb, 14 bytes, Stack size 0 bytes, n32g430_tim.o(.text), UNUSED)

<P><STRONG><a name="[160]"></a>TIM_Compare2_Set</STRONG> (Thumb, 14 bytes, Stack size 0 bytes, n32g430_tim.o(.text), UNUSED)

<P><STRONG><a name="[161]"></a>TIM_Compare3_Set</STRONG> (Thumb, 14 bytes, Stack size 0 bytes, n32g430_tim.o(.text), UNUSED)

<P><STRONG><a name="[162]"></a>TIM_Compare4_Set</STRONG> (Thumb, 14 bytes, Stack size 0 bytes, n32g430_tim.o(.text), UNUSED)

<P><STRONG><a name="[163]"></a>TIM_Compare5_Set</STRONG> (Thumb, 6 bytes, Stack size 0 bytes, n32g430_tim.o(.text), UNUSED)

<P><STRONG><a name="[164]"></a>TIM_Compare6_Set</STRONG> (Thumb, 6 bytes, Stack size 0 bytes, n32g430_tim.o(.text), UNUSED)

<P><STRONG><a name="[165]"></a>TIM_Compare7_Set</STRONG> (Thumb, 6 bytes, Stack size 0 bytes, n32g430_tim.o(.text), UNUSED)

<P><STRONG><a name="[166]"></a>TIM_Compare8_Set</STRONG> (Thumb, 6 bytes, Stack size 0 bytes, n32g430_tim.o(.text), UNUSED)

<P><STRONG><a name="[167]"></a>TIM_Compare9_Set</STRONG> (Thumb, 6 bytes, Stack size 0 bytes, n32g430_tim.o(.text), UNUSED)

<P><STRONG><a name="[168]"></a>TIM_Compare1_D_Set</STRONG> (Thumb, 14 bytes, Stack size 0 bytes, n32g430_tim.o(.text), UNUSED)

<P><STRONG><a name="[169]"></a>TIM_Compare2_D_Set</STRONG> (Thumb, 14 bytes, Stack size 0 bytes, n32g430_tim.o(.text), UNUSED)

<P><STRONG><a name="[16a]"></a>TIM_Compare3_D_Set</STRONG> (Thumb, 14 bytes, Stack size 0 bytes, n32g430_tim.o(.text), UNUSED)

<P><STRONG><a name="[16b]"></a>TIM_Compare4_D_Set</STRONG> (Thumb, 40 bytes, Stack size 0 bytes, n32g430_tim.o(.text), UNUSED)

<P><STRONG><a name="[16c]"></a>TIM_Compare_Capture1_Get</STRONG> (Thumb, 8 bytes, Stack size 0 bytes, n32g430_tim.o(.text), UNUSED)

<P><STRONG><a name="[16d]"></a>TIM_Compare_Capture2_Get</STRONG> (Thumb, 8 bytes, Stack size 0 bytes, n32g430_tim.o(.text), UNUSED)

<P><STRONG><a name="[16e]"></a>TIM_Compare_Capture3_Get</STRONG> (Thumb, 8 bytes, Stack size 0 bytes, n32g430_tim.o(.text), UNUSED)

<P><STRONG><a name="[16f]"></a>TIM_Compare_Capture4_Get</STRONG> (Thumb, 8 bytes, Stack size 0 bytes, n32g430_tim.o(.text), UNUSED)

<P><STRONG><a name="[170]"></a>TIM_Compare_Capture5_Get</STRONG> (Thumb, 8 bytes, Stack size 0 bytes, n32g430_tim.o(.text), UNUSED)

<P><STRONG><a name="[171]"></a>TIM_Compare_Capture6_Get</STRONG> (Thumb, 8 bytes, Stack size 0 bytes, n32g430_tim.o(.text), UNUSED)

<P><STRONG><a name="[172]"></a>TIM_Compare_Capture7_Get</STRONG> (Thumb, 8 bytes, Stack size 0 bytes, n32g430_tim.o(.text), UNUSED)

<P><STRONG><a name="[173]"></a>TIM_Compare_Capture8_Get</STRONG> (Thumb, 8 bytes, Stack size 0 bytes, n32g430_tim.o(.text), UNUSED)

<P><STRONG><a name="[174]"></a>TIM_Compare_Capture9_Get</STRONG> (Thumb, 8 bytes, Stack size 0 bytes, n32g430_tim.o(.text), UNUSED)

<P><STRONG><a name="[175]"></a>TIM_Compare_Capture1_D_Get</STRONG> (Thumb, 8 bytes, Stack size 0 bytes, n32g430_tim.o(.text), UNUSED)

<P><STRONG><a name="[176]"></a>TIM_Compare_Capture2_D_Get</STRONG> (Thumb, 8 bytes, Stack size 0 bytes, n32g430_tim.o(.text), UNUSED)

<P><STRONG><a name="[177]"></a>TIM_Compare_Capture3_D_Get</STRONG> (Thumb, 8 bytes, Stack size 0 bytes, n32g430_tim.o(.text), UNUSED)

<P><STRONG><a name="[178]"></a>TIM_Compare_Capture4_D_Get</STRONG> (Thumb, 8 bytes, Stack size 0 bytes, n32g430_tim.o(.text), UNUSED)

<P><STRONG><a name="[96]"></a>TIM_Trigger_Source_Select</STRONG> (Thumb, 18 bytes, Stack size 0 bytes, n32g430_tim.o(.text), UNUSED)
<BR><BR>[Called By]<UL><LI><a href="#[97]">&gt;&gt;</a>&nbsp;&nbsp;&nbsp;TIM_Trigger_As_External_Clock
<LI><a href="#[95]">&gt;&gt;</a>&nbsp;&nbsp;&nbsp;TIM_Internal_Trig_To_Ext_Set
</UL>

<P><STRONG><a name="[99]"></a>Input_Channel1_Config</STRONG> (Thumb, 104 bytes, Stack size 16 bytes, n32g430_tim.o(.text), UNUSED)
<BR><BR>[Called By]<UL><LI><a href="#[a6]">&gt;&gt;</a>&nbsp;&nbsp;&nbsp;TIM_PWM_Input_Channel_Config
<LI><a href="#[9f]">&gt;&gt;</a>&nbsp;&nbsp;&nbsp;TIM_Input_Channel_Initialize
<LI><a href="#[97]">&gt;&gt;</a>&nbsp;&nbsp;&nbsp;TIM_Trigger_As_External_Clock
</UL>

<P><STRONG><a name="[98]"></a>Input_Channel2_Config</STRONG> (Thumb, 116 bytes, Stack size 20 bytes, n32g430_tim.o(.text), UNUSED)
<BR><BR>[Called By]<UL><LI><a href="#[a6]">&gt;&gt;</a>&nbsp;&nbsp;&nbsp;TIM_PWM_Input_Channel_Config
<LI><a href="#[9f]">&gt;&gt;</a>&nbsp;&nbsp;&nbsp;TIM_Input_Channel_Initialize
<LI><a href="#[97]">&gt;&gt;</a>&nbsp;&nbsp;&nbsp;TIM_Trigger_As_External_Clock
</UL>

<P><STRONG><a name="[a2]"></a>Input_Channel3_Config</STRONG> (Thumb, 110 bytes, Stack size 20 bytes, n32g430_tim.o(.text), UNUSED)
<BR><BR>[Called By]<UL><LI><a href="#[9f]">&gt;&gt;</a>&nbsp;&nbsp;&nbsp;TIM_Input_Channel_Initialize
</UL>

<P><STRONG><a name="[a4]"></a>Input_Channel4_Config</STRONG> (Thumb, 118 bytes, Stack size 20 bytes, n32g430_tim.o(.text), UNUSED)
<BR><BR>[Called By]<UL><LI><a href="#[9f]">&gt;&gt;</a>&nbsp;&nbsp;&nbsp;TIM_Input_Channel_Initialize
</UL>

<P><STRONG><a name="[9b]"></a>TIM_External_Trigger_Filter_Set</STRONG> (Thumb, 24 bytes, Stack size 0 bytes, n32g430_tim.o(.text), UNUSED)
<BR><BR>[Called By]<UL><LI><a href="#[9e]">&gt;&gt;</a>&nbsp;&nbsp;&nbsp;TIM_External_Clock_Mode2_Set
<LI><a href="#[9a]">&gt;&gt;</a>&nbsp;&nbsp;&nbsp;TIM_External_Clock_Mode1_Set
</UL>

<P><STRONG><a name="[9d]"></a>TIM_External_Trigger_Prescaler_Set</STRONG> (Thumb, 16 bytes, Stack size 0 bytes, n32g430_tim.o(.text), UNUSED)
<BR><BR>[Called By]<UL><LI><a href="#[9e]">&gt;&gt;</a>&nbsp;&nbsp;&nbsp;TIM_External_Clock_Mode2_Set
<LI><a href="#[9a]">&gt;&gt;</a>&nbsp;&nbsp;&nbsp;TIM_External_Clock_Mode1_Set
</UL>

<P><STRONG><a name="[9c]"></a>TIM_External_Trigger_Polarity_Set</STRONG> (Thumb, 26 bytes, Stack size 0 bytes, n32g430_tim.o(.text), UNUSED)
<BR><BR>[Called By]<UL><LI><a href="#[9e]">&gt;&gt;</a>&nbsp;&nbsp;&nbsp;TIM_External_Clock_Mode2_Set
<LI><a href="#[9a]">&gt;&gt;</a>&nbsp;&nbsp;&nbsp;TIM_External_Clock_Mode1_Set
</UL>

<P><STRONG><a name="[179]"></a>TIM_Internal_Clock_Set</STRONG> (Thumb, 12 bytes, Stack size 0 bytes, n32g430_tim.o(.text), UNUSED)

<P><STRONG><a name="[a0]"></a>TIM_Input_Capture1_Prescaler_Set</STRONG> (Thumb, 18 bytes, Stack size 0 bytes, n32g430_tim.o(.text), UNUSED)
<BR><BR>[Called By]<UL><LI><a href="#[a6]">&gt;&gt;</a>&nbsp;&nbsp;&nbsp;TIM_PWM_Input_Channel_Config
<LI><a href="#[9f]">&gt;&gt;</a>&nbsp;&nbsp;&nbsp;TIM_Input_Channel_Initialize
</UL>

<P><STRONG><a name="[a1]"></a>TIM_Input_Capture2_Prescaler_Set</STRONG> (Thumb, 26 bytes, Stack size 0 bytes, n32g430_tim.o(.text), UNUSED)
<BR><BR>[Called By]<UL><LI><a href="#[a6]">&gt;&gt;</a>&nbsp;&nbsp;&nbsp;TIM_PWM_Input_Channel_Config
<LI><a href="#[9f]">&gt;&gt;</a>&nbsp;&nbsp;&nbsp;TIM_Input_Channel_Initialize
</UL>

<P><STRONG><a name="[a3]"></a>TIM_Input_Capture3_Prescaler_Set</STRONG> (Thumb, 18 bytes, Stack size 0 bytes, n32g430_tim.o(.text), UNUSED)
<BR><BR>[Called By]<UL><LI><a href="#[9f]">&gt;&gt;</a>&nbsp;&nbsp;&nbsp;TIM_Input_Channel_Initialize
</UL>

<P><STRONG><a name="[a5]"></a>TIM_Input_Capture4_Prescaler_Set</STRONG> (Thumb, 20 bytes, Stack size 0 bytes, n32g430_tim.o(.text), UNUSED)
<BR><BR>[Called By]<UL><LI><a href="#[9f]">&gt;&gt;</a>&nbsp;&nbsp;&nbsp;TIM_Input_Channel_Initialize
</UL>

<P><STRONG><a name="[95]"></a>TIM_Internal_Trig_To_Ext_Set</STRONG> (Thumb, 24 bytes, Stack size 12 bytes, n32g430_tim.o(.text), UNUSED)
<BR><BR>[Calls]<UL><LI><a href="#[96]">&gt;&gt;</a>&nbsp;&nbsp;&nbsp;TIM_Trigger_Source_Select
</UL>

<P><STRONG><a name="[97]"></a>TIM_Trigger_As_External_Clock</STRONG> (Thumb, 58 bytes, Stack size 20 bytes, n32g430_tim.o(.text), UNUSED)
<BR><BR>[Calls]<UL><LI><a href="#[98]">&gt;&gt;</a>&nbsp;&nbsp;&nbsp;Input_Channel2_Config
<LI><a href="#[99]">&gt;&gt;</a>&nbsp;&nbsp;&nbsp;Input_Channel1_Config
<LI><a href="#[96]">&gt;&gt;</a>&nbsp;&nbsp;&nbsp;TIM_Trigger_Source_Select
</UL>

<P><STRONG><a name="[9a]"></a>TIM_External_Clock_Mode1_Set</STRONG> (Thumb, 66 bytes, Stack size 24 bytes, n32g430_tim.o(.text), UNUSED)
<BR><BR>[Calls]<UL><LI><a href="#[9c]">&gt;&gt;</a>&nbsp;&nbsp;&nbsp;TIM_External_Trigger_Polarity_Set
<LI><a href="#[9d]">&gt;&gt;</a>&nbsp;&nbsp;&nbsp;TIM_External_Trigger_Prescaler_Set
<LI><a href="#[9b]">&gt;&gt;</a>&nbsp;&nbsp;&nbsp;TIM_External_Trigger_Filter_Set
</UL>

<P><STRONG><a name="[9e]"></a>TIM_External_Clock_Mode2_Set</STRONG> (Thumb, 44 bytes, Stack size 20 bytes, n32g430_tim.o(.text), UNUSED)
<BR><BR>[Calls]<UL><LI><a href="#[9c]">&gt;&gt;</a>&nbsp;&nbsp;&nbsp;TIM_External_Trigger_Polarity_Set
<LI><a href="#[9d]">&gt;&gt;</a>&nbsp;&nbsp;&nbsp;TIM_External_Trigger_Prescaler_Set
<LI><a href="#[9b]">&gt;&gt;</a>&nbsp;&nbsp;&nbsp;TIM_External_Trigger_Filter_Set
</UL>

<P><STRONG><a name="[17a]"></a>TIM_Slave_Mode_Select</STRONG> (Thumb, 18 bytes, Stack size 0 bytes, n32g430_tim.o(.text), UNUSED)

<P><STRONG><a name="[17b]"></a>TIM_Master_Slave_Mode_Set</STRONG> (Thumb, 18 bytes, Stack size 0 bytes, n32g430_tim.o(.text), UNUSED)

<P><STRONG><a name="[17c]"></a>TIM_Output_Trigger_Select</STRONG> (Thumb, 16 bytes, Stack size 0 bytes, n32g430_tim.o(.text), UNUSED)

<P><STRONG><a name="[17d]"></a>TIM_OC4REF_Trigger_To_ADC_Enable</STRONG> (Thumb, 10 bytes, Stack size 0 bytes, n32g430_tim.o(.text), UNUSED)

<P><STRONG><a name="[17e]"></a>TIM_OC4REF_Trigger_To_ADC_Disable</STRONG> (Thumb, 10 bytes, Stack size 0 bytes, n32g430_tim.o(.text), UNUSED)

<P><STRONG><a name="[17f]"></a>TIM_OC7REF_Trigger_To_ADC_Enable</STRONG> (Thumb, 10 bytes, Stack size 0 bytes, n32g430_tim.o(.text), UNUSED)

<P><STRONG><a name="[180]"></a>TIM_OC7REF_Trigger_To_ADC_Disable</STRONG> (Thumb, 10 bytes, Stack size 0 bytes, n32g430_tim.o(.text), UNUSED)

<P><STRONG><a name="[181]"></a>TIM_OC8REF_Trigger_To_ADC_Enable</STRONG> (Thumb, 10 bytes, Stack size 0 bytes, n32g430_tim.o(.text), UNUSED)

<P><STRONG><a name="[182]"></a>TIM_OC8REF_Trigger_To_ADC_Disable</STRONG> (Thumb, 10 bytes, Stack size 0 bytes, n32g430_tim.o(.text), UNUSED)

<P><STRONG><a name="[183]"></a>TIM_OC9REF_Trigger_To_ADC_Enable</STRONG> (Thumb, 10 bytes, Stack size 0 bytes, n32g430_tim.o(.text), UNUSED)

<P><STRONG><a name="[184]"></a>TIM_OC9REF_Trigger_To_ADC_Disable</STRONG> (Thumb, 10 bytes, Stack size 0 bytes, n32g430_tim.o(.text), UNUSED)

<P><STRONG><a name="[185]"></a>TIM_One_Pulse_Mode_Select</STRONG> (Thumb, 16 bytes, Stack size 0 bytes, n32g430_tim.o(.text), UNUSED)

<P><STRONG><a name="[186]"></a>TIM_Input_Struct_Initialize</STRONG> (Thumb, 16 bytes, Stack size 0 bytes, n32g430_tim.o(.text), UNUSED)

<P><STRONG><a name="[9f]"></a>TIM_Input_Channel_Initialize</STRONG> (Thumb, 136 bytes, Stack size 12 bytes, n32g430_tim.o(.text), UNUSED)
<BR><BR>[Calls]<UL><LI><a href="#[a5]">&gt;&gt;</a>&nbsp;&nbsp;&nbsp;TIM_Input_Capture4_Prescaler_Set
<LI><a href="#[a3]">&gt;&gt;</a>&nbsp;&nbsp;&nbsp;TIM_Input_Capture3_Prescaler_Set
<LI><a href="#[a1]">&gt;&gt;</a>&nbsp;&nbsp;&nbsp;TIM_Input_Capture2_Prescaler_Set
<LI><a href="#[a0]">&gt;&gt;</a>&nbsp;&nbsp;&nbsp;TIM_Input_Capture1_Prescaler_Set
<LI><a href="#[a4]">&gt;&gt;</a>&nbsp;&nbsp;&nbsp;Input_Channel4_Config
<LI><a href="#[a2]">&gt;&gt;</a>&nbsp;&nbsp;&nbsp;Input_Channel3_Config
<LI><a href="#[98]">&gt;&gt;</a>&nbsp;&nbsp;&nbsp;Input_Channel2_Config
<LI><a href="#[99]">&gt;&gt;</a>&nbsp;&nbsp;&nbsp;Input_Channel1_Config
</UL>

<P><STRONG><a name="[a6]"></a>TIM_PWM_Input_Channel_Config</STRONG> (Thumb, 120 bytes, Stack size 20 bytes, n32g430_tim.o(.text), UNUSED)
<BR><BR>[Calls]<UL><LI><a href="#[a1]">&gt;&gt;</a>&nbsp;&nbsp;&nbsp;TIM_Input_Capture2_Prescaler_Set
<LI><a href="#[a0]">&gt;&gt;</a>&nbsp;&nbsp;&nbsp;TIM_Input_Capture1_Prescaler_Set
<LI><a href="#[98]">&gt;&gt;</a>&nbsp;&nbsp;&nbsp;Input_Channel2_Config
<LI><a href="#[99]">&gt;&gt;</a>&nbsp;&nbsp;&nbsp;Input_Channel1_Config
</UL>

[...]

<P><STRONG><a name="[188]"></a>TIM_Output_Channel_Mode_Set</STRONG> (Thumb, 86 bytes, Stack size 16 bytes, n32g430_tim.o(.text), UNUSED)

<P><STRONG><a name="[189]"></a>TIM_Forced_Output_Channel1_Set</STRONG> (Thumb, 18 bytes, Stack size 0 bytes, n32g430_tim.o(.text), UNUSED)

<P><STRONG><a name="[18a]"></a>TIM_Forced_Output_Channel2_Set</STRONG> (Thumb, 26 bytes, Stack size 0 bytes, n32g430_tim.o(.text), UNUSED)

<P><STRONG><a name="[18b]"></a>TIM_Forced_Output_Channel3_Set</STRONG> (Thumb, 20 bytes, Stack size 0 bytes, n32g430_tim.o(.text), UNUSED)

<P><STRONG><a name="[18c]"></a>TIM_Forced_Output_Channel4_Set</STRONG> (Thumb, 28 bytes, Stack size 0 bytes, n32g430_tim.o(.text), UNUSED)

<P><STRONG><a name="[18d]"></a>TIM_Forced_Output_Channel5_Set</STRONG> (Thumb, 22 bytes, Stack size 0 bytes, n32g430_tim.o(.text), UNUSED)

<P><STRONG><a name="[18e]"></a>TIM_Forced_Output_Channel6_Set</STRONG> (Thumb, 30 bytes, Stack size 0 bytes, n32g430_tim.o(.text), UNUSED)

<P><STRONG><a name="[18f]"></a>TIM_Output_Channel1_Fast_Set</STRONG> (Thumb, 18 bytes, Stack size 0 bytes, n32g430_tim.o(.text), UNUSED)

<P><STRONG><a name="[190]"></a>TIM_Output_Channel2_Fast_Set</STRONG> (Thumb, 26 bytes, Stack size 0 bytes, n32g430_tim.o(.text), UNUSED)

<P><STRONG><a name="[191]"></a>TIM_Output_Channel3_Fast_Set</STRONG> (Thumb, 20 bytes, Stack size 0 bytes, n32g430_tim.o(.text), UNUSED)

<P><STRONG><a name="[192]"></a>TIM_Output_Channel4_Fast_Set</STRONG> (Thumb, 28 bytes, Stack size 0 bytes, n32g430_tim.o(.text), UNUSED)

<P><STRONG><a name="[193]"></a>TIM_Output_Channel5_Fast_Set</STRONG> (Thumb, 22 bytes, Stack size 0 bytes, n32g430_tim.o(.text), UNUSED)

<P><STRONG><a name="[194]"></a>TIM_Output_Channel6_Fast_Set</STRONG> (Thumb, 30 bytes, Stack size 0 bytes, n32g430_tim.o(.text), UNUSED)

<P><STRONG><a name="[195]"></a>TIM_Output_Channel1_Reference_Clear</STRONG> (Thumb, 18 bytes, Stack size 0 bytes, n32g430_tim.o(.text), UNUSED)

<P><STRONG><a name="[196]"></a>TIM_Output_Channel2_Reference_Clear</STRONG> (Thumb, 24 bytes, Stack size 0 bytes, n32g430_tim.o(.text), UNUSED)

<P><STRONG><a name="[197]"></a>TIM_Output_Channel3_Reference_Clear</STRONG> (Thumb, 20 bytes, Stack size 0 bytes, n32g430_tim.o(.text), UNUSED)

<P><STRONG><a name="[198]"></a>TIM_Output_Channel4_Reference_Clear</STRONG> (Thumb, 26 bytes, Stack size 0 bytes, n32g430_tim.o(.text), UNUSED)

<P><STRONG><a name="[199]"></a>TIM_Output_Channel5_Reference_Clear</STRONG> (Thumb, 22 bytes, Stack size 0 bytes, n32g430_tim.o(.text), UNUSED)

<P><STRONG><a name="[19a]"></a>TIM_Output_Channel6_Reference_Clear</STRONG> (Thumb, 28 bytes, Stack size 0 bytes, n32g430_tim.o(.text), UNUSED)

<P><STRONG><a name="[a7]"></a>TIM_Output_Channel1_Initialize</STRONG> (Thumb, 140 bytes, Stack size 20 bytes, n32g430_tim.o(.text), UNUSED)
<BR><BR>[Calls]<UL><LI><a href="#[ad]">&gt;&gt;</a>&nbsp;&nbsp;&nbsp;TIM_Capture_Compare_Ch_N_Disable
<LI><a href="#[ac]">&gt;&gt;</a>&nbsp;&nbsp;&nbsp;TIM_Capture_Compare_Ch_N_Enable
<LI><a href="#[a8]">&gt;&gt;</a>&nbsp;&nbsp;&nbsp;TIM_Capture_Compare_Ch_Disable
<LI><a href="#[aa]">&gt;&gt;</a>&nbsp;&nbsp;&nbsp;TIM_Capture_Compare_Ch_Enable
<LI><a href="#[ab]">&gt;&gt;</a>&nbsp;&nbsp;&nbsp;TIM_Output_Channel_N_Polarity_Set
<LI><a href="#[a9]">&gt;&gt;</a>&nbsp;&nbsp;&nbsp;TIM_Output_Channel_Polarity_Set
</UL>

<P><STRONG><a name="[ae]"></a>TIM_Output_Channel2_Initialize</STRONG> (Thumb, 152 bytes, Stack size 20 bytes, n32g430_tim.o(.text))
<BR><BR>[Stack]<UL><LI>Max Depth = 28<LI>Call Chain = TIM_Output_Channel2_Initialize &rArr; TIM_Output_Channel_N_Polarity_Set
</UL>
<BR>[Calls]<UL><LI><a href="#[ad]">&gt;&gt;</a>&nbsp;&nbsp;&nbsp;TIM_Capture_Compare_Ch_N_Disable
<LI><a href="#[ac]">&gt;&gt;</a>&nbsp;&nbsp;&nbsp;TIM_Capture_Compare_Ch_N_Enable
<LI><a href="#[a8]">&gt;&gt;</a>&nbsp;&nbsp;&nbsp;TIM_Capture_Compare_Ch_Disable
<LI><a href="#[aa]">&gt;&gt;</a>&nbsp;&nbsp;&nbsp;TIM_Capture_Compare_Ch_Enable
<LI><a href="#[ab]">&gt;&gt;</a>&nbsp;&nbsp;&nbsp;TIM_Output_Channel_N_Polarity_Set
<LI><a href="#[a9]">&gt;&gt;</a>&nbsp;&nbsp;&nbsp;TIM_Output_Channel_Polarity_Set
</UL>
<BR>[Called By]<UL><LI><a href="#[b9]">&gt;&gt;</a>&nbsp;&nbsp;&nbsp;Tim_Init
</UL>

<P><STRONG><a name="[af]"></a>TIM_Output_Channel3_Initialize</STRONG> (Thumb, 146 bytes, Stack size 20 bytes, n32g430_tim.o(.text), UNUSED)
<BR><BR>[Calls]<UL><LI><a href="#[ad]">&gt;&gt;</a>&nbsp;&nbsp;&nbsp;TIM_Capture_Compare_Ch_N_Disable
<LI><a href="#[ac]">&gt;&gt;</a>&nbsp;&nbsp;&nbsp;TIM_Capture_Compare_Ch_N_Enable
<LI><a href="#[a8]">&gt;&gt;</a>&nbsp;&nbsp;&nbsp;TIM_Capture_Compare_Ch_Disable
<LI><a href="#[aa]">&gt;&gt;</a>&nbsp;&nbsp;&nbsp;TIM_Capture_Compare_Ch_Enable
<LI><a href="#[ab]">&gt;&gt;</a>&nbsp;&nbsp;&nbsp;TIM_Output_Channel_N_Polarity_Set
<LI><a href="#[a9]">&gt;&gt;</a>&nbsp;&nbsp;&nbsp;TIM_Output_Channel_Polarity_Set
</UL>

<P><STRONG><a name="[b0]"></a>TIM_Output_Channel4_Initialize</STRONG> (Thumb, 166 bytes, Stack size 20 bytes, n32g430_tim.o(.text), UNUSED)
<BR><BR>[Calls]<UL><LI><a href="#[ad]">&gt;&gt;</a>&nbsp;&nbsp;&nbsp;TIM_Capture_Compare_Ch_N_Disable
<LI><a href="#[ac]">&gt;&gt;</a>&nbsp;&nbsp;&nbsp;TIM_Capture_Compare_Ch_N_Enable
<LI><a href="#[a8]">&gt;&gt;</a>&nbsp;&nbsp;&nbsp;TIM_Capture_Compare_Ch_Disable
<LI><a href="#[aa]">&gt;&gt;</a>&nbsp;&nbsp;&nbsp;TIM_Capture_Compare_Ch_Enable
<LI><a href="#[ab]">&gt;&gt;</a>&nbsp;&nbsp;&nbsp;TIM_Output_Channel_N_Polarity_Set
<LI><a href="#[a9]">&gt;&gt;</a>&nbsp;&nbsp;&nbsp;TIM_Output_Channel_Polarity_Set
</UL>

<P><STRONG><a name="[b1]"></a>TIM_Output_Channel5_Initialize</STRONG> (Thumb, 102 bytes, Stack size 20 bytes, n32g430_tim.o(.text), UNUSED)
<BR><BR>[Calls]<UL><LI><a href="#[a8]">&gt;&gt;</a>&nbsp;&nbsp;&nbsp;TIM_Capture_Compare_Ch_Disable
<LI><a href="#[aa]">&gt;&gt;</a>&nbsp;&nbsp;&nbsp;TIM_Capture_Compare_Ch_Enable
<LI><a href="#[a9]">&gt;&gt;</a>&nbsp;&nbsp;&nbsp;TIM_Output_Channel_Polarity_Set
</UL>

<P><STRONG><a name="[b2]"></a>TIM_Output_Channel6_Initialize</STRONG> (Thumb, 110 bytes, Stack size 20 bytes, n32g430_tim.o(.text), UNUSED)
<BR><BR>[Calls]<UL><LI><a href="#[a8]">&gt;&gt;</a>&nbsp;&nbsp;&nbsp;TIM_Capture_Compare_Ch_Disable
<LI><a href="#[aa]">&gt;&gt;</a>&nbsp;&nbsp;&nbsp;TIM_Capture_Compare_Ch_Enable
<LI><a href="#[a9]">&gt;&gt;</a>&nbsp;&nbsp;&nbsp;TIM_Output_Channel_Polarity_Set
</UL>

<P><STRONG><a name="[bb]"></a>TIM_PWM_Output_Enable</STRONG> (Thumb, 14 bytes, Stack size 0 bytes, n32g430_tim.o(.text))
<BR><BR>[Called By]<UL><LI><a href="#[b9]">&gt;&gt;</a>&nbsp;&nbsp;&nbsp;Tim_Init
</UL>

<P><STRONG><a name="[19b]"></a>TIM_PWM_Output_Disable</STRONG> (Thumb, 14 bytes, Stack size 0 bytes, n32g430_tim.o(.text), UNUSED)

<P><STRONG><a name="[19c]"></a>TIM_Output_Channel_Struct_Initialize</STRONG> (Thumb, 20 bytes, Stack size 0 bytes, n32g430_tim.o(.text), UNUSED)

<P><STRONG><a name="[b5]"></a>TIM_Lock_Up_Break_Enable</STRONG> (Thumb, 10 bytes, Stack size 0 bytes, n32g430_tim.o(.text), UNUSED)
<BR><BR>[Called By]<UL><LI><a href="#[b3]">&gt;&gt;</a>&nbsp;&nbsp;&nbsp;TIM_Break_And_Dead_Time_Set
</UL>

<P><STRONG><a name="[b6]"></a>TIM_Lock_Up_Break_Disable</STRONG> (Thumb, 10 bytes, Stack size 0 bytes, n32g430_tim.o(.text), UNUSED)
<BR><BR>[Called By]<UL><LI><a href="#[b3]">&gt;&gt;</a>&nbsp;&nbsp;&nbsp;TIM_Break_And_Dead_Time_Set
</UL>

<P><STRONG><a name="[b7]"></a>TIM_Pvd_Break_Enable</STRONG> (Thumb, 10 bytes, Stack size 0 bytes, n32g430_tim.o(.text), UNUSED)
<BR><BR>[Called By]<UL><LI><a href="#[b3]">&gt;&gt;</a>&nbsp;&nbsp;&nbsp;TIM_Break_And_Dead_Time_Set
</UL>

<P><STRONG><a name="[b8]"></a>TIM_Pvd_Break_Disable</STRONG> (Thumb, 10 bytes, Stack size 0 bytes, n32g430_tim.o(.text), UNUSED)
<BR><BR>[Called By]<UL><LI><a href="#[b3]">&gt;&gt;</a>&nbsp;&nbsp;&nbsp;TIM_Break_And_Dead_Time_Set
</UL>

<P><STRONG><a name="[b4]"></a>TIM_IOM_Comp_Break</STRONG> (Thumb, 22 bytes, Stack size 0 bytes, n32g430_tim.o(.text), UNUSED)
<BR><BR>[Called By]<UL><LI><a href="#[b3]">&gt;&gt;</a>&nbsp;&nbsp;&nbsp;TIM_Break_And_Dead_Time_Set
</UL>

<P><STRONG><a name="[b3]"></a>TIM_Break_And_Dead_Time_Set</STRONG> (Thumb, 96 bytes, Stack size 8 bytes, n32g430_tim.o(.text), UNUSED)
<BR><BR>[Calls]<UL><LI><a href="#[b4]">&gt;&gt;</a>&nbsp;&nbsp;&nbsp;TIM_IOM_Comp_Break
<LI><a href="#[b8]">&gt;&gt;</a>&nbsp;&nbsp;&nbsp;TIM_Pvd_Break_Disable
<LI><a href="#[b7]">&gt;&gt;</a>&nbsp;&nbsp;&nbsp;TIM_Pvd_Break_Enable
<LI><a href="#[b6]">&gt;&gt;</a>&nbsp;&nbsp;&nbsp;TIM_Lock_Up_Break_Disable
<LI><a href="#[b5]">&gt;&gt;</a>&nbsp;&nbsp;&nbsp;TIM_Lock_Up_Break_Enable
</UL>

<P><STRONG><a name="[19d]"></a>TIM_Break_And_Dead_Time_Struct_Initialize</STRONG> (Thumb, 24 bytes, Stack size 0 bytes, n32g430_tim.o(.text), UNUSED)

<P><STRONG><a name="[19e]"></a>TIM_Interrupt_Enable</STRONG> (Thumb, 8 bytes, Stack size 0 bytes, n32g430_tim.o(.text), UNUSED)

<P><STRONG><a name="[19f]"></a>TIM_Interrupt_Disable</STRONG> (Thumb, 16 bytes, Stack size 0 bytes, n32g430_tim.o(.text), UNUSED)

<P><STRONG><a name="[1a0]"></a>TIM_Interrupt_Status_Get</STRONG> (Thumb, 32 bytes, Stack size 8 bytes, n32g430_tim.o(.text), UNUSED)

<P><STRONG><a name="[1a1]"></a>TIM_Interrupt_Status_Clear</STRONG> (Thumb, 6 bytes, Stack size 0 bytes, n32g430_tim.o(.text), UNUSED)

<P><STRONG><a name="[1a2]"></a>TIM_Flag_Status_Get</STRONG> (Thumb, 16 bytes, Stack size 0 bytes, n32g430_tim.o(.text), UNUSED)

<P><STRONG><a name="[1a3]"></a>TIM_Flag_Clear</STRONG> (Thumb, 6 bytes, Stack size 0 bytes, n32g430_tim.o(.text), UNUSED)

<P><STRONG><a name="[1a4]"></a>TIM_Dma_Config</STRONG> (Thumb, 10 bytes, Stack size 0 bytes, n32g430_tim.o(.text), UNUSED)

<P><STRONG><a name="[1a5]"></a>TIM_Dma_Enable</STRONG> (Thumb, 8 bytes, Stack size 0 bytes, n32g430_tim.o(.text), UNUSED)

<P><STRONG><a name="[1a6]"></a>TIM_Dma_Disable</STRONG> (Thumb, 8 bytes, Stack size 0 bytes, n32g430_tim.o(.text), UNUSED)

<P><STRONG><a name="[1a7]"></a>TIM_Hall_Sensor_Enable</STRONG> (Thumb, 10 bytes, Stack size 0 bytes, n32g430_tim.o(.text), UNUSED)

<P><STRONG><a name="[1a8]"></a>TIM_Hall_Sensor_Disable</STRONG> (Thumb, 10 bytes, Stack size 0 bytes, n32g430_tim.o(.text), UNUSED)

<P><STRONG><a name="[1a9]"></a>TIM_Encoder_Interface_Set</STRONG> (Thumb, 64 bytes, Stack size 20 bytes, n32g430_tim.o(.text), UNUSED)

<P><STRONG><a name="[1aa]"></a>TIM_Channel1_Filter_Config</STRONG> (Thumb, 52 bytes, Stack size 8 bytes, n32g430_tim.o(.text), UNUSED)

<P><STRONG><a name="[1ab]"></a>TIM_Channel2_Filter_Config</STRONG> (Thumb, 52 bytes, Stack size 8 bytes, n32g430_tim.o(.text), UNUSED)

<P><STRONG><a name="[1ac]"></a>TIM_Channel3_Filter_Config</STRONG> (Thumb, 52 bytes, Stack size 8 bytes, n32g430_tim.o(.text), UNUSED)

<P><STRONG><a name="[1ad]"></a>TIM_Channel4_Filter_Config</STRONG> (Thumb, 52 bytes, Stack size 8 bytes, n32g430_tim.o(.text), UNUSED)

<P><STRONG><a name="[1ae]"></a>TIM_Break_Filter_Config</STRONG> (Thumb, 40 bytes, Stack size 8 bytes, n32g430_tim.o(.text), UNUSED)

<P><STRONG><a name="[1af]"></a>TIM_Channel1_Filter_Enable</STRONG> (Thumb, 10 bytes, Stack size 0 bytes, n32g430_tim.o(.text), UNUSED)

<P><STRONG><a name="[1b0]"></a>TIM_Channel1_Filter_Disable</STRONG> (Thumb, 10 bytes, Stack size 0 bytes, n32g430_tim.o(.text), UNUSED)

<P><STRONG><a name="[1b1]"></a>TIM_Channel2_Filter_Enable</STRONG> (Thumb, 10 bytes, Stack size 0 bytes, n32g430_tim.o(.text), UNUSED)

<P><STRONG><a name="[1b2]"></a>TIM_Channel2_Filter_Disable</STRONG> (Thumb, 10 bytes, Stack size 0 bytes, n32g430_tim.o(.text), UNUSED)

<P><STRONG><a name="[1b3]"></a>TIM_Channel3_Filter_Enable</STRONG> (Thumb, 10 bytes, Stack size 0 bytes, n32g430_tim.o(.text), UNUSED)

<P><STRONG><a name="[1b4]"></a>TIM_Channel3_Filter_Disable</STRONG> (Thumb, 10 bytes, Stack size 0 bytes, n32g430_tim.o(.text), UNUSED)

<P><STRONG><a name="[1b5]"></a>TIM_Channel4_Filter_Enable</STRONG> (Thumb, 10 bytes, Stack size 0 bytes, n32g430_tim.o(.text), UNUSED)

<P><STRONG><a name="[1b6]"></a>TIM_Channel4_Filter_Disable</STRONG> (Thumb, 10 bytes, Stack size 0 bytes, n32g430_tim.o(.text), UNUSED)

<P><STRONG><a name="[1b7]"></a>TIM_Break_Filter_Enable</STRONG> (Thumb, 10 bytes, Stack size 0 bytes, n32g430_tim.o(.text), UNUSED)

<P><STRONG><a name="[1b8]"></a>TIM_Break_Filter_Disable</STRONG> (Thumb, 10 bytes, Stack size 0 bytes, n32g430_tim.o(.text), UNUSED)

<P><STRONG><a name="[b9]"></a>Tim_Init</STRONG> (Thumb, 110 bytes, Stack size 40 bytes, main.o(.text))
<BR><BR>[Stack]<UL><LI>Max Depth = 68<LI>Call Chain = Tim_Init &rArr; TIM_Output_Channel2_Initialize &rArr; TIM_Output_Channel_N_Polarity_Set
</UL>
<BR>[Calls]<UL><LI><a href="#[bb]">&gt;&gt;</a>&nbsp;&nbsp;&nbsp;TIM_PWM_Output_Enable
<LI><a href="#[ae]">&gt;&gt;</a>&nbsp;&nbsp;&nbsp;TIM_Output_Channel2_Initialize
<LI><a href="#[ba]">&gt;&gt;</a>&nbsp;&nbsp;&nbsp;TIM_On
<LI><a href="#[89]">&gt;&gt;</a>&nbsp;&nbsp;&nbsp;TIM_Base_Initialize
</UL>
<BR>[Called By]<UL><LI><a href="#[3f]">&gt;&gt;</a>&nbsp;&nbsp;&nbsp;main
</UL>

<P><STRONG><a name="[bc]"></a>GPIO_Configuration</STRONG> (Thumb, 48 bytes, Stack size 32 bytes, main.o(.text))
<BR><BR>[Stack]<UL><LI>Max Depth = 68<LI>Call Chain = GPIO_Configuration &rArr; GPIO_Peripheral_Initialize &rArr; GPIO_Mode_Set
</UL>
<BR>[Calls]<UL><LI><a href="#[bd]">&gt;&gt;</a>&nbsp;&nbsp;&nbsp;GPIO_Structure_Initialize
<LI><a href="#[75]">&gt;&gt;</a>&nbsp;&nbsp;&nbsp;GPIO_Peripheral_Initialize
</UL>
<BR>[Called By]<UL><LI><a href="#[3f]">&gt;&gt;</a>&nbsp;&nbsp;&nbsp;main
</UL>

<P><STRONG><a name="[be]"></a>RCC_Configuration</STRONG> (Thumb, 20 bytes, Stack size 8 bytes, main.o(.text))
<BR><BR>[Stack]<UL><LI>Max Depth = 8<LI>Call Chain = RCC_Configuration
</UL>
<BR>[Calls]<UL><LI><a href="#[bf]">&gt;&gt;</a>&nbsp;&nbsp;&nbsp;RCC_APB2_Peripheral_Clock_Enable
<LI><a href="#[c0]">&gt;&gt;</a>&nbsp;&nbsp;&nbsp;RCC_AHB_Peripheral_Clock_Enable
</UL>
<BR>[Called By]<UL><LI><a href="#[3f]">&gt;&gt;</a>&nbsp;&nbsp;&nbsp;main
</UL>

<P><STRONG><a name="[3f]"></a>main</STRONG> (Thumb, 24 bytes, Stack size 0 bytes, main.o(.text))
<BR><BR>[Stack]<UL><LI>Max Depth = 72<LI>Call Chain = main &rArr; DMAInit &rArr; NVIC_Initializes
</UL>
<BR>[Calls]<UL><LI><a href="#[c2]">&gt;&gt;</a>&nbsp;&nbsp;&nbsp;DMAInit
<LI><a href="#[c1]">&gt;&gt;</a>&nbsp;&nbsp;&nbsp;Adc_Init
<LI><a href="#[be]">&gt;&gt;</a>&nbsp;&nbsp;&nbsp;RCC_Configuration
<LI><a href="#[bc]">&gt;&gt;</a>&nbsp;&nbsp;&nbsp;GPIO_Configuration
<LI><a href="#[b9]">&gt;&gt;</a>&nbsp;&nbsp;&nbsp;Tim_Init
</UL>
<BR>[Address Reference Count : 1]<UL><LI> entry9a.o(.ARM.Collect$$$$0000000B)
</UL>
<P><STRONG><a name="[1]"></a>NMI_Handler</STRONG> (Thumb, 2 bytes, Stack size 0 bytes, n32g430_it.o(.text))
<BR>[Address Reference Count : 1]<UL><LI> startup_n32g430.o(RESET)
</UL>
<P><STRONG><a name="[2]"></a>HardFault_Handler</STRONG> (Thumb, 4 bytes, Stack size 0 bytes, n32g430_it.o(.text))
<BR>[Address Reference Count : 1]<UL><LI> startup_n32g430.o(RESET)
</UL>
<P><STRONG><a name="[3]"></a>MemManage_Handler</STRONG> (Thumb, 4 bytes, Stack size 0 bytes, n32g430_it.o(.text))
<BR>[Address Reference Count : 1]<UL><LI> startup_n32g430.o(RESET)
</UL>
<P><STRONG><a name="[4]"></a>BusFault_Handler</STRONG> (Thumb, 4 bytes, Stack size 0 bytes, n32g430_it.o(.text))
<BR>[Address Reference Count : 1]<UL><LI> startup_n32g430.o(RESET)
</UL>
<P><STRONG><a name="[5]"></a>UsageFault_Handler</STRONG> (Thumb, 4 bytes, Stack size 0 bytes, n32g430_it.o(.text))
<BR>[Address Reference Count : 1]<UL><LI> startup_n32g430.o(RESET)
</UL>
<P><STRONG><a name="[6]"></a>SVC_Handler</STRONG> (Thumb, 2 bytes, Stack size 0 bytes, n32g430_it.o(.text))
<BR>[Address Reference Count : 1]<UL><LI> startup_n32g430.o(RESET)
</UL>
<P><STRONG><a name="[7]"></a>DebugMon_Handler</STRONG> (Thumb, 2 bytes, Stack size 0 bytes, n32g430_it.o(.text))
<BR>[Address Reference Count : 1]<UL><LI> startup_n32g430.o(RESET)
</UL>
<P><STRONG><a name="[9]"></a>SysTick_Handler</STRONG> (Thumb, 2 bytes, Stack size 0 bytes, n32g430_it.o(.text))
<BR>[Address Reference Count : 1]<UL><LI> startup_n32g430.o(RESET)
</UL>
<P><STRONG><a name="[c1]"></a>Adc_Init</STRONG> (Thumb, 216 bytes, Stack size 24 bytes, adc.o(.text))
<BR><BR>[Stack]<UL><LI>Max Depth = 40<LI>Call Chain = Adc_Init &rArr; ADC_Clock_Mode_Config
</UL>
<BR>[Calls]<UL><LI><a href="#[c0]">&gt;&gt;</a>&nbsp;&nbsp;&nbsp;RCC_AHB_Peripheral_Clock_Enable
<LI><a href="#[c3]">&gt;&gt;</a>&nbsp;&nbsp;&nbsp;RCC_ADC_1M_Clock_Config
<LI><a href="#[5e]">&gt;&gt;</a>&nbsp;&nbsp;&nbsp;ADC_Clock_Mode_Config
<LI><a href="#[ca]">&gt;&gt;</a>&nbsp;&nbsp;&nbsp;ADC_Flag_Status_Get
<LI><a href="#[c7]">&gt;&gt;</a>&nbsp;&nbsp;&nbsp;ADC_External_Trigger_Conversion_Config
<LI><a href="#[c6]">&gt;&gt;</a>&nbsp;&nbsp;&nbsp;ADC_Regular_Sequence_Conversion_Number_Config
<LI><a href="#[c5]">&gt;&gt;</a>&nbsp;&nbsp;&nbsp;ADC_Channel_Sample_Time_Config
<LI><a href="#[cb]">&gt;&gt;</a>&nbsp;&nbsp;&nbsp;ADC_Calibration_Operation
<LI><a href="#[c8]">&gt;&gt;</a>&nbsp;&nbsp;&nbsp;ADC_DMA_Transfer_Enable
<LI><a href="#[c9]">&gt;&gt;</a>&nbsp;&nbsp;&nbsp;ADC_ON
<LI><a href="#[c4]">&gt;&gt;</a>&nbsp;&nbsp;&nbsp;ADC_Initializes_Structure
<LI><a href="#[47]">&gt;&gt;</a>&nbsp;&nbsp;&nbsp;ADC_Initializes
</UL>
<BR>[Called By]<UL><LI><a href="#[3f]">&gt;&gt;</a>&nbsp;&nbsp;&nbsp;main
</UL>

<P><STRONG><a name="[c2]"></a>DMAInit</STRONG> (Thumb, 142 bytes, Stack size 56 bytes, adc.o(.text))
<BR><BR>[Stack]<UL><LI>Max Depth = 72<LI>Call Chain = DMAInit &rArr; NVIC_Initializes
</UL>
<BR>[Calls]<UL><LI><a href="#[c0]">&gt;&gt;</a>&nbsp;&nbsp;&nbsp;RCC_AHB_Peripheral_Clock_Enable
<LI><a href="#[cd]">&gt;&gt;</a>&nbsp;&nbsp;&nbsp;DMA_Channel_Request_Remap
<LI><a href="#[cf]">&gt;&gt;</a>&nbsp;&nbsp;&nbsp;DMA_Interrupt_Status_Clear
<LI><a href="#[ce]">&gt;&gt;</a>&nbsp;&nbsp;&nbsp;DMA_Flag_Status_Clear
<LI><a href="#[d0]">&gt;&gt;</a>&nbsp;&nbsp;&nbsp;DMA_Interrupts_Enable
<LI><a href="#[d1]">&gt;&gt;</a>&nbsp;&nbsp;&nbsp;DMA_Channel_Enable
<LI><a href="#[63]">&gt;&gt;</a>&nbsp;&nbsp;&nbsp;DMA_Initializes
<LI><a href="#[cc]">&gt;&gt;</a>&nbsp;&nbsp;&nbsp;DMA_Reset
<LI><a href="#[d2]">&gt;&gt;</a>&nbsp;&nbsp;&nbsp;NVIC_Initializes
</UL>
<BR>[Called By]<UL><LI><a href="#[3f]">&gt;&gt;</a>&nbsp;&nbsp;&nbsp;main
</UL>

<P><STRONG><a name="[15]"></a>DMA_Channel1_IRQHandler</STRONG> (Thumb, 42 bytes, Stack size 8 bytes, adc.o(.text))
<BR><BR>[Stack]<UL><LI>Max Depth = 8<LI>Call Chain = DMA_Channel1_IRQHandler
</UL>
<BR>[Calls]<UL><LI><a href="#[d3]">&gt;&gt;</a>&nbsp;&nbsp;&nbsp;DMA_Interrupt_Status_Get
<LI><a href="#[ce]">&gt;&gt;</a>&nbsp;&nbsp;&nbsp;DMA_Flag_Status_Clear
<LI><a href="#[c7]">&gt;&gt;</a>&nbsp;&nbsp;&nbsp;ADC_External_Trigger_Conversion_Config
</UL>
<BR>[Address Reference Count : 1]<UL><LI> startup_n32g430.o(RESET)
</UL>
<P><STRONG><a name="[43]"></a>__scatterload</STRONG> (Thumb, 28 bytes, Stack size 0 bytes, init.o(.text))
<BR><BR>[Calls]<UL><LI><a href="#[d4]">&gt;&gt;</a>&nbsp;&nbsp;&nbsp;__main_after_scatterload
</UL>
<BR>[Called By]<UL><LI><a href="#[42]">&gt;&gt;</a>&nbsp;&nbsp;&nbsp;_main_scatterload
</UL>

<P><STRONG><a name="[1b9]"></a>__scatterload_rt2</STRONG> (Thumb, 0 bytes, Stack size 0 bytes, init.o(.text), UNUSED)

<P><STRONG><a name="[1ba]"></a>__scatterload_copy</STRONG> (Thumb, 14 bytes, Stack size unknown bytes, handlers.o(i.__scatterload_copy), UNUSED)

<P><STRONG><a name="[1bb]"></a>__scatterload_null</STRONG> (Thumb, 2 bytes, Stack size unknown bytes, handlers.o(i.__scatterload_null), UNUSED)

<P><STRONG><a name="[1bc]"></a>__scatterload_zeroinit</STRONG> (Thumb, 14 bytes, Stack size unknown bytes, handlers.o(i.__scatterload_zeroinit), UNUSED)
<P>
<H3>
Local Symbols
</H3>
<P><STRONG><a name="[44]"></a>System_Clock_Set</STRONG> (Thumb, 254 bytes, Stack size 20 bytes, system_n32g430.o(.text))
<BR><BR>[Stack]<UL><LI>Max Depth = 20<LI>Call Chain = System_Clock_Set
</UL>
<BR>[Called By]<UL><LI><a href="#[40]">&gt;&gt;</a>&nbsp;&nbsp;&nbsp;System_Initializes
</UL>
<P>
<H3>
Undefined Global Symbols
</H3><HR></body></html>
