<html>
<body>
<pre>
<h1>µVision Build Log</h1>
<h2>Tool Versions:</h2>
IDE-Version: ¦ÌVision V5.36.0.0
Copyright (C) 2021 ARM Ltd and ARM Germany GmbH. All rights reserved.
License Information: a nationz, b, LIC=RC93N-Y4SSL-HLECL-0MUYA-CML3R-0A9XZ
 
Tool Versions:
Toolchain:       MDK-ARM Plus  Version: 5.36.0.0
Toolchain Path:  D:\Keil_v5\ARM\ARMCC\Bin
C Compiler:      Armcc.exe V5.06 update 7 (build 960)
Assembler:       Armasm.exe V5.06 update 7 (build 960)
Linker/Locator:  ArmLink.exe V5.06 update 7 (build 960)
Library Manager: ArmAr.exe V5.06 update 7 (build 960)
Hex Converter:   FromElf.exe V5.06 update 7 (build 960)
CPU DLL:         SARMCM3.DLL V5.36.0.0
Dialog DLL:      DCM.DLL V1.17.3.0
Target DLL:      CMSIS_AGDI.dll V1.33.0.0
Dialog DLL:      TCM.DLL V1.53.0.0
 
<h2>Project:</h2>
E:\Git_repository\ns_project\Nations.N32G430_Library.1.0.0\projects\n32g430_EVAL\examples\TIM\TIM_Demo\_TIM_PWM_Output\MDK-ARM\TIM_PWM_Output.uvprojx
Project File Date:  06/20/2022

<h2>Output:</h2>
*** Using Compiler 'V5.06 update 7 (build 960)', folder: 'D:\Keil_v5\ARM\ARMCC\Bin'
Build target 'N32G430'
compiling main.c...
..\main.c(40): warning:  #177-D: variable "TIM_BDTRInitStructure"  was declared but never referenced
  static TIM_BDTRInitType TIM_BDTRInitStructure;
..\main.c: 1 warning, 0 errors
linking...
Program Size: Code=2648 RO-data=372 RW-data=20 ZI-data=5428  
After Build - User command #1: fromelf --bin --output=.\bin\TIM_PWM_Output.bin .\Objects\TIM_PWM_Output.axf
".\Objects\TIM_PWM_Output.axf" - 0 Error(s), 1 Warning(s).

<h2>Software Packages used:</h2>

Package Vendor: Nationstech
                http://www.keil.com/pack/Nationstech.N32G430_DFP.1.0.0.pack
                Nationstech.N32G430_DFP.1.0.0
                Nationstech N32G430 Series Device Support, Drivers and Examples

<h2>Collection of Component include folders:</h2>
  D:\Keil_v5\Arm\Packs\Nationstech\N32G430_DFP\1.0.0\firmware\CMSIS\device

<h2>Collection of Component Files used:</h2>
Build Time Elapsed:  00:00:01
</pre>
</body>
</html>
