Component: ARM Compiler 5.06 update 7 (build 960) Tool: armlink [4d3601]

==============================================================================

Section Cross References

    startup_n32g430.o(RESET) refers to startup_n32g430.o(STACK) for __initial_sp
    startup_n32g430.o(RESET) refers to startup_n32g430.o(.text) for Reset_Handler
    startup_n32g430.o(RESET) refers to n32g430_it.o(.text) for NMI_Handler
    startup_n32g430.o(RESET) refers to adc.o(.text) for DMA_Channel1_IRQHandler
    startup_n32g430.o(.text) refers to system_n32g430.o(.text) for System_Initializes
    startup_n32g430.o(.text) refers to entry.o(.ARM.Collect$$$$00000000) for __main
    system_n32g430.o(.text) refers to system_n32g430.o(.data) for SystemClockFrequency
    system_n32g430.o(.text) refers to system_n32g430.o(.constdata) for AHBPrescTable
    n32g430_adc.o(.text) refers to n32g430_rcc.o(.text) for RCC_AHB_Peripheral_Reset
    n32g430_adc.o(.text) refers to n32g430_adc.o(.data) for vrefint_value
    n32g430_gpio.o(.text) refers to n32g430_rcc.o(.text) for RCC_AHB_Peripheral_Reset
    n32g430_rcc.o(.text) refers to n32g430_rcc.o(.constdata) for APBAHBPresTable
    n32g430_tim.o(.text) refers to n32g430_rcc.o(.text) for RCC_APB2_Peripheral_Reset
    main.o(.text) refers to n32g430_tim.o(.text) for TIM_Base_Initialize
    main.o(.text) refers to n32g430_gpio.o(.text) for GPIO_Structure_Initialize
    main.o(.text) refers to n32g430_rcc.o(.text) for RCC_APB2_Peripheral_Clock_Enable
    main.o(.text) refers to adc.o(.text) for Adc_Init
    adc.o(.text) refers to n32g430_rcc.o(.text) for RCC_AHB_Peripheral_Clock_Enable
    adc.o(.text) refers to n32g430_adc.o(.text) for ADC_Clock_Mode_Config
    adc.o(.text) refers to n32g430_dma.o(.text) for DMA_Reset
    adc.o(.text) refers to misc.o(.text) for NVIC_Initializes
    adc.o(.text) refers to adc.o(.bss) for ADC_DMA_Buff
    entry.o(.ARM.Collect$$$$00000000) refers (Special) to entry10a.o(.ARM.Collect$$$$0000000F) for __rt_final_cpp
    entry.o(.ARM.Collect$$$$00000000) refers (Special) to entry11a.o(.ARM.Collect$$$$00000011) for __rt_final_exit
    entry.o(.ARM.Collect$$$$00000000) refers (Special) to entry12b.o(.ARM.Collect$$$$0000000E) for __rt_lib_shutdown_fini
    entry.o(.ARM.Collect$$$$00000000) refers (Special) to entry7b.o(.ARM.Collect$$$$00000008) for _main_clock
    entry.o(.ARM.Collect$$$$00000000) refers (Special) to entry8b.o(.ARM.Collect$$$$0000000A) for _main_cpp_init
    entry.o(.ARM.Collect$$$$00000000) refers (Special) to entry9a.o(.ARM.Collect$$$$0000000B) for _main_init
    entry.o(.ARM.Collect$$$$00000000) refers (Special) to entry5.o(.ARM.Collect$$$$00000004) for _main_scatterload
    entry.o(.ARM.Collect$$$$00000000) refers (Special) to entry2.o(.ARM.Collect$$$$00000001) for _main_stk
    entry2.o(.ARM.Collect$$$$00000001) refers to entry2.o(.ARM.Collect$$$$00002712) for __lit__00000000
    entry2.o(.ARM.Collect$$$$00002712) refers to startup_n32g430.o(STACK) for __initial_sp
    entry2.o(__vectab_stack_and_reset_area) refers to startup_n32g430.o(STACK) for __initial_sp
    entry2.o(__vectab_stack_and_reset_area) refers to entry.o(.ARM.Collect$$$$00000000) for __main
    entry5.o(.ARM.Collect$$$$00000004) refers to init.o(.text) for __scatterload
    entry9a.o(.ARM.Collect$$$$0000000B) refers to main.o(.text) for main
    entry9b.o(.ARM.Collect$$$$0000000C) refers to main.o(.text) for main
    init.o(.text) refers to entry5.o(.ARM.Collect$$$$00000004) for __main_after_scatterload


==============================================================================

Removing Unused input sections from the image.

    Removing startup_n32g430.o(HEAP), (768 bytes).
    Removing system_n32g430.o(.rev16_text), (4 bytes).
    Removing system_n32g430.o(.revsh_text), (4 bytes).
    Removing system_n32g430.o(.rrx_text), (6 bytes).
    Removing misc.o(.rev16_text), (4 bytes).
    Removing misc.o(.revsh_text), (4 bytes).
    Removing misc.o(.rrx_text), (6 bytes).
    Removing n32g430_adc.o(.rev16_text), (4 bytes).
    Removing n32g430_adc.o(.revsh_text), (4 bytes).
    Removing n32g430_adc.o(.rrx_text), (6 bytes).
    Removing n32g430_dma.o(.rev16_text), (4 bytes).
    Removing n32g430_dma.o(.revsh_text), (4 bytes).
    Removing n32g430_dma.o(.rrx_text), (6 bytes).
    Removing n32g430_flash.o(.rev16_text), (4 bytes).
    Removing n32g430_flash.o(.revsh_text), (4 bytes).
    Removing n32g430_flash.o(.rrx_text), (6 bytes).
    Removing n32g430_flash.o(.text), (1876 bytes).
    Removing n32g430_gpio.o(.rev16_text), (4 bytes).
    Removing n32g430_gpio.o(.revsh_text), (4 bytes).
    Removing n32g430_gpio.o(.rrx_text), (6 bytes).
    Removing n32g430_rcc.o(.rev16_text), (4 bytes).
    Removing n32g430_rcc.o(.revsh_text), (4 bytes).
    Removing n32g430_rcc.o(.rrx_text), (6 bytes).
    Removing n32g430_tim.o(.rev16_text), (4 bytes).
    Removing n32g430_tim.o(.revsh_text), (4 bytes).
    Removing n32g430_tim.o(.rrx_text), (6 bytes).
    Removing main.o(.rev16_text), (4 bytes).
    Removing main.o(.revsh_text), (4 bytes).
    Removing main.o(.rrx_text), (6 bytes).
    Removing main.o(.data), (2 bytes).
    Removing n32g430_it.o(.rev16_text), (4 bytes).
    Removing n32g430_it.o(.revsh_text), (4 bytes).
    Removing n32g430_it.o(.rrx_text), (6 bytes).
    Removing adc.o(.rev16_text), (4 bytes).
    Removing adc.o(.revsh_text), (4 bytes).
    Removing adc.o(.rrx_text), (6 bytes).
    Removing adc.o(.data), (4 bytes).

37 unused section(s) (total 2804 bytes) removed from the image.

==============================================================================

Image Symbol Table

    Local Symbols

    Symbol Name                              Value     Ov Type        Size  Object(Section)

    ../clib/microlib/init/entry.s            0x00000000   Number         0  entry.o ABSOLUTE
    ../clib/microlib/init/entry.s            0x00000000   Number         0  entry12b.o ABSOLUTE
    ../clib/microlib/init/entry.s            0x00000000   Number         0  entry12a.o ABSOLUTE
    ../clib/microlib/init/entry.s            0x00000000   Number         0  entry11a.o ABSOLUTE
    ../clib/microlib/init/entry.s            0x00000000   Number         0  entry2.o ABSOLUTE
    ../clib/microlib/init/entry.s            0x00000000   Number         0  entry10b.o ABSOLUTE
    ../clib/microlib/init/entry.s            0x00000000   Number         0  entry10a.o ABSOLUTE
    ../clib/microlib/init/entry.s            0x00000000   Number         0  entry5.o ABSOLUTE
    ../clib/microlib/init/entry.s            0x00000000   Number         0  entry9b.o ABSOLUTE
    ../clib/microlib/init/entry.s            0x00000000   Number         0  entry7a.o ABSOLUTE
    ../clib/microlib/init/entry.s            0x00000000   Number         0  entry9a.o ABSOLUTE
    ../clib/microlib/init/entry.s            0x00000000   Number         0  entry7b.o ABSOLUTE
    ../clib/microlib/init/entry.s            0x00000000   Number         0  entry11b.o ABSOLUTE
    ../clib/microlib/init/entry.s            0x00000000   Number         0  entry8b.o ABSOLUTE
    ../clib/microlib/init/entry.s            0x00000000   Number         0  entry8a.o ABSOLUTE
    ..\..\..\..\..\..\firmware\CMSIS\device\startup\startup_n32g430.s 0x00000000   Number         0  startup_n32g430.o ABSOLUTE
    ..\..\..\..\..\..\firmware\CMSIS\device\system_n32g430.c 0x00000000   Number         0  system_n32g430.o ABSOLUTE
    ..\..\..\..\..\..\firmware\n32g430_std_periph_driver\src\misc.c 0x00000000   Number         0  misc.o ABSOLUTE
    ..\..\..\..\..\..\firmware\n32g430_std_periph_driver\src\n32g430_adc.c 0x00000000   Number         0  n32g430_adc.o ABSOLUTE
    ..\..\..\..\..\..\firmware\n32g430_std_periph_driver\src\n32g430_dma.c 0x00000000   Number         0  n32g430_dma.o ABSOLUTE
    ..\..\..\..\..\..\firmware\n32g430_std_periph_driver\src\n32g430_flash.c 0x00000000   Number         0  n32g430_flash.o ABSOLUTE
    ..\..\..\..\..\..\firmware\n32g430_std_periph_driver\src\n32g430_gpio.c 0x00000000   Number         0  n32g430_gpio.o ABSOLUTE
    ..\..\..\..\..\..\firmware\n32g430_std_periph_driver\src\n32g430_rcc.c 0x00000000   Number         0  n32g430_rcc.o ABSOLUTE
    ..\..\..\..\..\..\firmware\n32g430_std_periph_driver\src\n32g430_tim.c 0x00000000   Number         0  n32g430_tim.o ABSOLUTE
    ..\\..\\..\\..\\..\\..\\firmware\\CMSIS\\device\\system_n32g430.c 0x00000000   Number         0  system_n32g430.o ABSOLUTE
    ..\\..\\..\\..\\..\\..\\firmware\\n32g430_std_periph_driver\\src\\misc.c 0x00000000   Number         0  misc.o ABSOLUTE
    ..\\..\\..\\..\\..\\..\\firmware\\n32g430_std_periph_driver\\src\\n32g430_adc.c 0x00000000   Number         0  n32g430_adc.o ABSOLUTE
    ..\\..\\..\\..\\..\\..\\firmware\\n32g430_std_periph_driver\\src\\n32g430_dma.c 0x00000000   Number         0  n32g430_dma.o ABSOLUTE
    ..\\..\\..\\..\\..\\..\\firmware\\n32g430_std_periph_driver\\src\\n32g430_flash.c 0x00000000   Number         0  n32g430_flash.o ABSOLUTE
    ..\\..\\..\\..\\..\\..\\firmware\\n32g430_std_periph_driver\\src\\n32g430_gpio.c 0x00000000   Number         0  n32g430_gpio.o ABSOLUTE
    ..\\..\\..\\..\\..\\..\\firmware\\n32g430_std_periph_driver\\src\\n32g430_rcc.c 0x00000000   Number         0  n32g430_rcc.o ABSOLUTE
    ..\\..\\..\\..\\..\\..\\firmware\\n32g430_std_periph_driver\\src\\n32g430_tim.c 0x00000000   Number         0  n32g430_tim.o ABSOLUTE
    ..\\src\\adc.c                           0x00000000   Number         0  adc.o ABSOLUTE
    ..\\src\\main.c                          0x00000000   Number         0  main.o ABSOLUTE
    ..\\src\\n32g430_it.c                    0x00000000   Number         0  n32g430_it.o ABSOLUTE
    ..\src\adc.c                             0x00000000   Number         0  adc.o ABSOLUTE
    ..\src\main.c                            0x00000000   Number         0  main.o ABSOLUTE
    ..\src\n32g430_it.c                      0x00000000   Number         0  n32g430_it.o ABSOLUTE
    dc.s                                     0x00000000   Number         0  dc.o ABSOLUTE
    handlers.s                               0x00000000   Number         0  handlers.o ABSOLUTE
    init.s                                   0x00000000   Number         0  init.o ABSOLUTE
    RESET                                    0x08000000   Section      276  startup_n32g430.o(RESET)
    .ARM.Collect$$$$00000000                 0x08000114   Section        0  entry.o(.ARM.Collect$$$$00000000)
    .ARM.Collect$$$$00000001                 0x08000114   Section        4  entry2.o(.ARM.Collect$$$$00000001)
    .ARM.Collect$$$$00000004                 0x08000118   Section        4  entry5.o(.ARM.Collect$$$$00000004)
    .ARM.Collect$$$$00000008                 0x0800011c   Section        0  entry7b.o(.ARM.Collect$$$$00000008)
    .ARM.Collect$$$$0000000A                 0x0800011c   Section        0  entry8b.o(.ARM.Collect$$$$0000000A)
    .ARM.Collect$$$$0000000B                 0x0800011c   Section        8  entry9a.o(.ARM.Collect$$$$0000000B)
    .ARM.Collect$$$$0000000E                 0x08000124   Section        4  entry12b.o(.ARM.Collect$$$$0000000E)
    .ARM.Collect$$$$0000000F                 0x08000128   Section        0  entry10a.o(.ARM.Collect$$$$0000000F)
    .ARM.Collect$$$$00000011                 0x08000128   Section        0  entry11a.o(.ARM.Collect$$$$00000011)
    .ARM.Collect$$$$00002712                 0x08000128   Section        4  entry2.o(.ARM.Collect$$$$00002712)
    __lit__00000000                          0x08000128   Data           4  entry2.o(.ARM.Collect$$$$00002712)
    .text                                    0x0800012c   Section       36  startup_n32g430.o(.text)
    $v0                                      0x0800012c   Number         0  startup_n32g430.o(.text)
    .text                                    0x08000150   Section        0  system_n32g430.o(.text)
    System_Clock_Set                         0x08000151   Thumb Code   254  system_n32g430.o(.text)
    .text                                    0x080003c4   Section        0  misc.o(.text)
    .text                                    0x0800049c   Section        0  n32g430_adc.o(.text)
    .text                                    0x08000cd8   Section        0  n32g430_dma.o(.text)
    .text                                    0x08000f20   Section        0  n32g430_gpio.o(.text)
    .text                                    0x0800180c   Section        0  n32g430_rcc.o(.text)
    .text                                    0x08001ed4   Section        0  n32g430_tim.o(.text)
    .text                                    0x080030c8   Section        0  main.o(.text)
    .text                                    0x080031a0   Section        0  n32g430_it.o(.text)
    .text                                    0x080031b8   Section        0  adc.o(.text)
    .text                                    0x08003354   Section       36  init.o(.text)
    i.__scatterload_copy                     0x08003378   Section       14  handlers.o(i.__scatterload_copy)
    i.__scatterload_null                     0x08003386   Section        2  handlers.o(i.__scatterload_null)
    i.__scatterload_zeroinit                 0x08003388   Section       14  handlers.o(i.__scatterload_zeroinit)
    .constdata                               0x08003396   Section       16  system_n32g430.o(.constdata)
    .constdata                               0x080033a6   Section       64  n32g430_rcc.o(.constdata)
    APBAHBPresTable                          0x080033a6   Data          16  n32g430_rcc.o(.constdata)
    ADCHCLKPresTable                         0x080033b6   Data          16  n32g430_rcc.o(.constdata)
    ADCPLLCLKPresTable                       0x080033c6   Data          32  n32g430_rcc.o(.constdata)
    .data                                    0x20000000   Section        4  system_n32g430.o(.data)
    .data                                    0x20000004   Section       12  n32g430_adc.o(.data)
    .bss                                     0x20000010   Section       12  adc.o(.bss)
    STACK                                    0x20000020   Section     5376  startup_n32g430.o(STACK)

    Global Symbols

    Symbol Name                              Value     Ov Type        Size  Object(Section)

    BuildAttributes$$THM_ISAv4$E$P$D$K$B$S$7EM$VFPi3$EXTD16$VFPS$VFMA$PE$A:L22UL41UL21$X:L11$S22US41US21$IEEE1$IW$USESV6$~STKCKD$USESV7$~SHL$OSPACE$EBA8$MICROLIB$REQ8$PRES8$EABIv2 0x00000000   Number         0  anon$$obj.o ABSOLUTE
    __ARM_use_no_argv                        0x00000000   Number         0  main.o ABSOLUTE
    __arm_fini_                               - Undefined Weak Reference
    __cpp_initialize__aeabi_                  - Undefined Weak Reference
    __cxa_finalize                            - Undefined Weak Reference
    __decompress                              - Undefined Weak Reference
    _clock_init                               - Undefined Weak Reference
    _microlib_exit                            - Undefined Weak Reference
    __Vectors_Size                           0x00000114   Number         0  startup_n32g430.o ABSOLUTE
    __Vectors                                0x08000000   Data           4  startup_n32g430.o(RESET)
    __Vectors_End                            0x08000114   Data           0  startup_n32g430.o(RESET)
    __main                                   0x08000115   Thumb Code     0  entry.o(.ARM.Collect$$$$00000000)
    _main_stk                                0x08000115   Thumb Code     0  entry2.o(.ARM.Collect$$$$00000001)
    _main_scatterload                        0x08000119   Thumb Code     0  entry5.o(.ARM.Collect$$$$00000004)
    __main_after_scatterload                 0x0800011d   Thumb Code     0  entry5.o(.ARM.Collect$$$$00000004)
    _main_clock                              0x0800011d   Thumb Code     0  entry7b.o(.ARM.Collect$$$$00000008)
    _main_cpp_init                           0x0800011d   Thumb Code     0  entry8b.o(.ARM.Collect$$$$0000000A)
    _main_init                               0x0800011d   Thumb Code     0  entry9a.o(.ARM.Collect$$$$0000000B)
    __rt_lib_shutdown_fini                   0x08000125   Thumb Code     0  entry12b.o(.ARM.Collect$$$$0000000E)
    __rt_final_cpp                           0x08000129   Thumb Code     0  entry10a.o(.ARM.Collect$$$$0000000F)
    __rt_final_exit                          0x08000129   Thumb Code     0  entry11a.o(.ARM.Collect$$$$00000011)
    Reset_Handler                            0x0800012d   Thumb Code     8  startup_n32g430.o(.text)
    PendSV_Handler                           0x08000143   Thumb Code     2  startup_n32g430.o(.text)
    ADC_IRQHandler                           0x08000147   Thumb Code     0  startup_n32g430.o(.text)
    CAN_RX0_IRQHandler                       0x08000147   Thumb Code     0  startup_n32g430.o(.text)
    CAN_RX1_IRQHandler                       0x08000147   Thumb Code     0  startup_n32g430.o(.text)
    CAN_SCE_IRQHandler                       0x08000147   Thumb Code     0  startup_n32g430.o(.text)
    CAN_TX_IRQHandler                        0x08000147   Thumb Code     0  startup_n32g430.o(.text)
    COMP_1_2_3_IRQHandler                    0x08000147   Thumb Code     0  startup_n32g430.o(.text)
    DMA_Channel2_IRQHandler                  0x08000147   Thumb Code     0  startup_n32g430.o(.text)
    DMA_Channel3_IRQHandler                  0x08000147   Thumb Code     0  startup_n32g430.o(.text)
    DMA_Channel4_IRQHandler                  0x08000147   Thumb Code     0  startup_n32g430.o(.text)
    DMA_Channel5_IRQHandler                  0x08000147   Thumb Code     0  startup_n32g430.o(.text)
    DMA_Channel6_IRQHandler                  0x08000147   Thumb Code     0  startup_n32g430.o(.text)
    DMA_Channel7_IRQHandler                  0x08000147   Thumb Code     0  startup_n32g430.o(.text)
    DMA_Channel8_IRQHandler                  0x08000147   Thumb Code     0  startup_n32g430.o(.text)
    EXTI0_IRQHandler                         0x08000147   Thumb Code     0  startup_n32g430.o(.text)
    EXTI15_10_IRQHandler                     0x08000147   Thumb Code     0  startup_n32g430.o(.text)
    EXTI1_IRQHandler                         0x08000147   Thumb Code     0  startup_n32g430.o(.text)
    EXTI2_IRQHandler                         0x08000147   Thumb Code     0  startup_n32g430.o(.text)
    EXTI3_IRQHandler                         0x08000147   Thumb Code     0  startup_n32g430.o(.text)
    EXTI4_IRQHandler                         0x08000147   Thumb Code     0  startup_n32g430.o(.text)
    EXTI9_5_IRQHandler                       0x08000147   Thumb Code     0  startup_n32g430.o(.text)
    FLASH_IRQHandler                         0x08000147   Thumb Code     0  startup_n32g430.o(.text)
    I2C1_ER_IRQHandler                       0x08000147   Thumb Code     0  startup_n32g430.o(.text)
    I2C1_EV_IRQHandler                       0x08000147   Thumb Code     0  startup_n32g430.o(.text)
    I2C2_ER_IRQHandler                       0x08000147   Thumb Code     0  startup_n32g430.o(.text)
    I2C2_EV_IRQHandler                       0x08000147   Thumb Code     0  startup_n32g430.o(.text)
    LPTIM_WKUP_IRQHandler                    0x08000147   Thumb Code     0  startup_n32g430.o(.text)
    MMU_IRQHandler                           0x08000147   Thumb Code     0  startup_n32g430.o(.text)
    PVD_IRQHandler                           0x08000147   Thumb Code     0  startup_n32g430.o(.text)
    RCC_IRQHandler                           0x08000147   Thumb Code     0  startup_n32g430.o(.text)
    RTCAlarm_IRQHandler                      0x08000147   Thumb Code     0  startup_n32g430.o(.text)
    RTC_TAMPER_STAMP_IRQHandler              0x08000147   Thumb Code     0  startup_n32g430.o(.text)
    RTC_WKUP_IRQHandler                      0x08000147   Thumb Code     0  startup_n32g430.o(.text)
    SPI1_IRQHandler                          0x08000147   Thumb Code     0  startup_n32g430.o(.text)
    SPI2_IRQHandler                          0x08000147   Thumb Code     0  startup_n32g430.o(.text)
    TIM1_BRK_IRQHandler                      0x08000147   Thumb Code     0  startup_n32g430.o(.text)
    TIM1_CC_IRQHandler                       0x08000147   Thumb Code     0  startup_n32g430.o(.text)
    TIM1_TRG_COM_IRQHandler                  0x08000147   Thumb Code     0  startup_n32g430.o(.text)
    TIM1_UP_IRQHandler                       0x08000147   Thumb Code     0  startup_n32g430.o(.text)
    TIM2_IRQHandler                          0x08000147   Thumb Code     0  startup_n32g430.o(.text)
    TIM3_IRQHandler                          0x08000147   Thumb Code     0  startup_n32g430.o(.text)
    TIM4_IRQHandler                          0x08000147   Thumb Code     0  startup_n32g430.o(.text)
    TIM5_IRQHandler                          0x08000147   Thumb Code     0  startup_n32g430.o(.text)
    TIM6_IRQHandler                          0x08000147   Thumb Code     0  startup_n32g430.o(.text)
    TIM8_BRK_IRQHandler                      0x08000147   Thumb Code     0  startup_n32g430.o(.text)
    TIM8_CC_IRQHandler                       0x08000147   Thumb Code     0  startup_n32g430.o(.text)
    TIM8_TRG_COM_IRQHandler                  0x08000147   Thumb Code     0  startup_n32g430.o(.text)
    TIM8_UP_IRQHandler                       0x08000147   Thumb Code     0  startup_n32g430.o(.text)
    UART3_IRQHandler                         0x08000147   Thumb Code     0  startup_n32g430.o(.text)
    UART4_IRQHandler                         0x08000147   Thumb Code     0  startup_n32g430.o(.text)
    USART1_IRQHandler                        0x08000147   Thumb Code     0  startup_n32g430.o(.text)
    USART2_IRQHandler                        0x08000147   Thumb Code     0  startup_n32g430.o(.text)
    WWDG_IRQHandler                          0x08000147   Thumb Code     0  startup_n32g430.o(.text)
    System_Initializes                       0x0800024f   Thumb Code   144  system_n32g430.o(.text)
    System_Clock_Frequency_Update            0x080002df   Thumb Code   182  system_n32g430.o(.text)
    NVIC_Priority_Group_Set                  0x080003c5   Thumb Code    10  misc.o(.text)
    NVIC_Initializes                         0x080003cf   Thumb Code   100  misc.o(.text)
    NVIC_Vector_Table_Set                    0x08000433   Thumb Code    14  misc.o(.text)
    NVIC_System_LowPower_Enable              0x08000441   Thumb Code    16  misc.o(.text)
    NVIC_System_Low_Power_Disable            0x08000451   Thumb Code    16  misc.o(.text)
    SysTick_Clock_Source_Set                 0x08000461   Thumb Code    40  misc.o(.text)
    ADC_Vrefint_Get                          0x0800049d   Thumb Code    18  n32g430_adc.o(.text)
    ADC_Reset                                0x080004af   Thumb Code    12  n32g430_adc.o(.text)
    ADC_Multichannels_Enable                 0x080004bb   Thumb Code    14  n32g430_adc.o(.text)
    ADC_Multichannels_Disable                0x080004c9   Thumb Code    14  n32g430_adc.o(.text)
    ADC_Continue_Conversion_Enable           0x080004d7   Thumb Code    18  n32g430_adc.o(.text)
    ADC_Continue_Conversion_Disable          0x080004e9   Thumb Code    18  n32g430_adc.o(.text)
    ADC_Regular_Group_External_Trigger_Source_Config 0x080004fb   Thumb Code    26  n32g430_adc.o(.text)
    ADC_Data_Alignment_Config                0x08000515   Thumb Code    26  n32g430_adc.o(.text)
    ADC_Regular_Channels_Number_Config       0x0800052f   Thumb Code    26  n32g430_adc.o(.text)
    ADC_Initializes                          0x08000549   Thumb Code    52  n32g430_adc.o(.text)
    ADC_Initializes_Structure                0x0800057d   Thumb Code    14  n32g430_adc.o(.text)
    ADC_ON                                   0x0800058b   Thumb Code    18  n32g430_adc.o(.text)
    ADC_OFF                                  0x0800059d   Thumb Code    18  n32g430_adc.o(.text)
    ADC_DMA_Transfer_Enable                  0x080005af   Thumb Code    18  n32g430_adc.o(.text)
    ADC_DMA_Transfer_Disable                 0x080005c1   Thumb Code    18  n32g430_adc.o(.text)
    ADC_Interrupts_Enable                    0x080005d3   Thumb Code    32  n32g430_adc.o(.text)
    ADC_Interrupts_Disable                   0x080005f3   Thumb Code    32  n32g430_adc.o(.text)
    ADC_Calibration_Operation                0x08000613   Thumb Code    72  n32g430_adc.o(.text)
    ADC_Regular_Channels_Software_Conversion_Operation 0x0800065b   Thumb Code    76  n32g430_adc.o(.text)
    ADC_Discontinuous_Mode_Channel_Count_Config 0x080006a7   Thumb Code    22  n32g430_adc.o(.text)
    ADC_Discontinuous_Mode_Config            0x080006bd   Thumb Code    76  n32g430_adc.o(.text)
    ADC_Channel_Sample_Time_Config           0x08000709   Thumb Code   140  n32g430_adc.o(.text)
    ADC_Regular_Sequence_Conversion_Number_Config 0x08000795   Thumb Code   154  n32g430_adc.o(.text)
    ADC_External_Trigger_Conversion_Config   0x0800082f   Thumb Code   110  n32g430_adc.o(.text)
    ADC_Regular_Group_Conversion_Data_Get    0x0800089d   Thumb Code     8  n32g430_adc.o(.text)
    ADC_Injected_Group_Autoconversion_Enable 0x080008a5   Thumb Code    18  n32g430_adc.o(.text)
    ADC_Injected_Group_Autoconversion_Disable 0x080008b7   Thumb Code    18  n32g430_adc.o(.text)
    ADC_Injected_Group_External_Trigger_Source_Config 0x080008c9   Thumb Code    26  n32g430_adc.o(.text)
    ADC_Injected_Channels_Software_Conversion_Operation 0x080008e3   Thumb Code    76  n32g430_adc.o(.text)
    ADC_Injected_Sequence_Conversion_Number_Config 0x0800092f   Thumb Code    46  n32g430_adc.o(.text)
    ADC_Injected_Channels_Number_Config      0x0800095d   Thumb Code    26  n32g430_adc.o(.text)
    ADC_Injected_Channels_Offset_Config      0x08000977   Thumb Code    24  n32g430_adc.o(.text)
    ADC_Injected_Group_Conversion_Data_Get   0x0800098f   Thumb Code    32  n32g430_adc.o(.text)
    ADC_Analog_Watchdog_Mode_Channel_Config  0x080009af   Thumb Code    58  n32g430_adc.o(.text)
    ADC_Analog_Watchdog_Enable               0x080009e9   Thumb Code    16  n32g430_adc.o(.text)
    ADC_Analog_Watchdog_Disable              0x080009f9   Thumb Code    16  n32g430_adc.o(.text)
    ADC_Analog_Watchdog_HighThresholds_Config 0x08000a09   Thumb Code     8  n32g430_adc.o(.text)
    ADC_Analog_Watchdog_LowThresholds_Config 0x08000a11   Thumb Code     8  n32g430_adc.o(.text)
    ADC_Temperature_Sensor_And_Vrefint_Channel_Enable 0x08000a19   Thumb Code    34  n32g430_adc.o(.text)
    ADC_Temperature_Sensor_And_Vrefint_Channel_Disable 0x08000a3b   Thumb Code    34  n32g430_adc.o(.text)
    ADC_INTFlag_Status_Get                   0x08000a5d   Thumb Code    20  n32g430_adc.o(.text)
    ADC_Flag_Status_Get                      0x08000a71   Thumb Code    42  n32g430_adc.o(.text)
    ADC_INTFlag_Status_Clear                 0x08000a9b   Thumb Code    16  n32g430_adc.o(.text)
    ADC_Flag_Status_Clear                    0x08000aab   Thumb Code    16  n32g430_adc.o(.text)
    ADC_Vbat_Monitor_Enable                  0x08000abb   Thumb Code    34  n32g430_adc.o(.text)
    ADC_Vbat_Monitor_Disable                 0x08000add   Thumb Code    34  n32g430_adc.o(.text)
    ADC_Deep_Power_Mode_Enable               0x08000aff   Thumb Code    18  n32g430_adc.o(.text)
    ADC_Deep_Power_Mode_Disable              0x08000b11   Thumb Code    18  n32g430_adc.o(.text)
    ADC_AHB_Clock_Mode_Config                0x08000b23   Thumb Code    18  n32g430_adc.o(.text)
    ADC_PLL_Clock_Mode_Config                0x08000b35   Thumb Code    18  n32g430_adc.o(.text)
    ADC_Calibration_Auto_Load_Enable         0x08000b47   Thumb Code    18  n32g430_adc.o(.text)
    ADC_Calibration_Auto_Load_Disable        0x08000b59   Thumb Code    18  n32g430_adc.o(.text)
    ADC_Differential_Mode_Enable             0x08000b6b   Thumb Code    18  n32g430_adc.o(.text)
    ADC_Differential_Mode_Disable            0x08000b7d   Thumb Code    18  n32g430_adc.o(.text)
    ADC_Data_Resolution_Config               0x08000b8f   Thumb Code    26  n32g430_adc.o(.text)
    ADC_Sample_Time_Level_Config             0x08000ba9   Thumb Code    26  n32g430_adc.o(.text)
    ADC_Initializes_Ex                       0x08000bc3   Thumb Code   134  n32g430_adc.o(.text)
    ADC_Initializes_StructureEx              0x08000c49   Thumb Code    26  n32g430_adc.o(.text)
    ADC_Bypass_Calibration_Enable            0x08000c63   Thumb Code    18  n32g430_adc.o(.text)
    ADC_Bypass_Calibration_Disable           0x08000c75   Thumb Code    28  n32g430_adc.o(.text)
    ADC_Differential_Channels_Config         0x08000c91   Thumb Code    22  n32g430_adc.o(.text)
    ADC_Clock_Mode_Config                    0x08000ca7   Thumb Code    40  n32g430_adc.o(.text)
    DMA_Reset                                0x08000cd9   Thumb Code   224  n32g430_dma.o(.text)
    DMA_Memory_2_Memory_Config               0x08000db9   Thumb Code    16  n32g430_dma.o(.text)
    DMA_Priority_Config                      0x08000dc9   Thumb Code    16  n32g430_dma.o(.text)
    DMA_Circular_Mode_Config                 0x08000dd9   Thumb Code    16  n32g430_dma.o(.text)
    DMA_Memory_Data_Width_Config             0x08000de9   Thumb Code    16  n32g430_dma.o(.text)
    DMA_Peripheral_Data_Width_Config         0x08000df9   Thumb Code    16  n32g430_dma.o(.text)
    DMA_Memory_Addr_Increment_Config         0x08000e09   Thumb Code    16  n32g430_dma.o(.text)
    DMA_Peripheral_Addr_Increment_Config     0x08000e19   Thumb Code    16  n32g430_dma.o(.text)
    DMA_Buffer_Size_Config                   0x08000e29   Thumb Code     4  n32g430_dma.o(.text)
    DMA_Destination_Config                   0x08000e2d   Thumb Code    16  n32g430_dma.o(.text)
    DMA_Memory_Address_Config                0x08000e3d   Thumb Code     4  n32g430_dma.o(.text)
    DMA_Peripheral_Address_Config            0x08000e41   Thumb Code     4  n32g430_dma.o(.text)
    DMA_Initializes                          0x08000e45   Thumb Code    96  n32g430_dma.o(.text)
    DMA_Structure_Initializes                0x08000ea5   Thumb Code    26  n32g430_dma.o(.text)
    DMA_Channel_Enable                       0x08000ebf   Thumb Code    10  n32g430_dma.o(.text)
    DMA_Channel_Disable                      0x08000ec9   Thumb Code    10  n32g430_dma.o(.text)
    DMA_Interrupts_Enable                    0x08000ed3   Thumb Code     8  n32g430_dma.o(.text)
    DMA_Interrupts_Disable                   0x08000edb   Thumb Code     8  n32g430_dma.o(.text)
    DMA_Current_Data_Transfer_Number_Set     0x08000ee3   Thumb Code     4  n32g430_dma.o(.text)
    DMA_Current_Data_Transfer_Number_Get     0x08000ee7   Thumb Code     8  n32g430_dma.o(.text)
    DMA_Flag_Status_Get                      0x08000eef   Thumb Code    16  n32g430_dma.o(.text)
    DMA_Flag_Status_Clear                    0x08000eff   Thumb Code     4  n32g430_dma.o(.text)
    DMA_Interrupt_Status_Get                 0x08000f03   Thumb Code    16  n32g430_dma.o(.text)
    DMA_Interrupt_Status_Clear               0x08000f13   Thumb Code     4  n32g430_dma.o(.text)
    DMA_Channel_Request_Remap                0x08000f17   Thumb Code     4  n32g430_dma.o(.text)
    GPIO_Reset                               0x08000f21   Thumb Code    66  n32g430_gpio.o(.text)
    GPIOA_Pin_Reset                          0x08000f63   Thumb Code   256  n32g430_gpio.o(.text)
    GPIOB_Pin_Reset                          0x08001063   Thumb Code   230  n32g430_gpio.o(.text)
    GPIOC_Pin_Reset                          0x08001149   Thumb Code   144  n32g430_gpio.o(.text)
    GPIOD_Pin_Reset                          0x080011d9   Thumb Code   194  n32g430_gpio.o(.text)
    AFIO_EXTI_Reset                          0x0800129b   Thumb Code    62  n32g430_gpio.o(.text)
    GPIO_ALLPin_Reset                        0x080012d9   Thumb Code    36  n32g430_gpio.o(.text)
    GPIO_Alternate_Set                       0x080012fd   Thumb Code    86  n32g430_gpio.o(.text)
    GPIO_Mode_Set                            0x08001353   Thumb Code    68  n32g430_gpio.o(.text)
    GPIO_Pull_Set                            0x08001397   Thumb Code    28  n32g430_gpio.o(.text)
    GPIO_SlewRate_Set                        0x080013b3   Thumb Code    24  n32g430_gpio.o(.text)
    GPIO_Driver_Set                          0x080013cb   Thumb Code    28  n32g430_gpio.o(.text)
    GPIO_Peripheral_Initialize               0x080013e7   Thumb Code    86  n32g430_gpio.o(.text)
    GPIO_Alternate_Function_Reset            0x0800143d   Thumb Code    10  n32g430_gpio.o(.text)
    GPIO_Structure_Initialize                0x08001447   Thumb Code    24  n32g430_gpio.o(.text)
    GPIO_Input_Pin_Data_Get                  0x0800145f   Thumb Code    16  n32g430_gpio.o(.text)
    GPIO_Input_Data_Get                      0x0800146f   Thumb Code     8  n32g430_gpio.o(.text)
    GPIO_Output_Pin_Data_Get                 0x08001477   Thumb Code    16  n32g430_gpio.o(.text)
    GPIO_Output_Data_Get                     0x08001487   Thumb Code     8  n32g430_gpio.o(.text)
    GPIO_Pins_Set                            0x0800148f   Thumb Code     4  n32g430_gpio.o(.text)
    GPIO_Pins_Reset                          0x08001493   Thumb Code     4  n32g430_gpio.o(.text)
    GPIO_PBSC_Pins_Reset                     0x08001497   Thumb Code     8  n32g430_gpio.o(.text)
    GPIO_PBC_Pins_Reset                      0x0800149f   Thumb Code     4  n32g430_gpio.o(.text)
    GPIO_Write                               0x080014a3   Thumb Code     4  n32g430_gpio.o(.text)
    GPIO_Pin_Toggle                          0x080014a7   Thumb Code     8  n32g430_gpio.o(.text)
    GPIO_Pin_Lock_Set                        0x080014af   Thumb Code    18  n32g430_gpio.o(.text)
    GPIO_Pin_Remap_Set                       0x080014c1   Thumb Code    94  n32g430_gpio.o(.text)
    GPIO_EXTI_Line_Set                       0x0800151f   Thumb Code    56  n32g430_gpio.o(.text)
    AFIO_SPI_NSS_Mode_Set                    0x08001557   Thumb Code    30  n32g430_gpio.o(.text)
    AFIO_ADC_External_Trigger_Remap_Set      0x08001575   Thumb Code    82  n32g430_gpio.o(.text)
    AFIO_5V_Tolerance_Enable                 0x080015c7   Thumb Code    16  n32g430_gpio.o(.text)
    AFIO_5V_Tolerance_Disable                0x080015d7   Thumb Code    16  n32g430_gpio.o(.text)
    AFIO_Filter_Stage_Ctrl                   0x080015e7   Thumb Code     8  n32g430_gpio.o(.text)
    AFIO_EFT_Enable                          0x080015ef   Thumb Code   130  n32g430_gpio.o(.text)
    AFIO_EFT_Disable                         0x08001671   Thumb Code   130  n32g430_gpio.o(.text)
    AFIO_Digital_EFT_Enable                  0x080016f3   Thumb Code   130  n32g430_gpio.o(.text)
    AFIO_Digital_EFT_Disable                 0x08001775   Thumb Code   130  n32g430_gpio.o(.text)
    RCC_Reset                                0x0800180d   Thumb Code    74  n32g430_rcc.o(.text)
    RCC_HSE_Config                           0x08001857   Thumb Code    60  n32g430_rcc.o(.text)
    RCC_Flag_Status_Get                      0x08001893   Thumb Code    58  n32g430_rcc.o(.text)
    RCC_Clocks_Frequencies_Value_Get         0x080018cd   Thumb Code   250  n32g430_rcc.o(.text)
    RCC_HSE_Stable_Wait                      0x080019c7   Thumb Code    78  n32g430_rcc.o(.text)
    RCC_Clock_Security_System_Enable         0x08001a15   Thumb Code     8  n32g430_rcc.o(.text)
    RCC_Clock_Security_System_Disable        0x08001a1d   Thumb Code     8  n32g430_rcc.o(.text)
    RCC_HSI_Calibration_Value_Set            0x08001a25   Thumb Code    20  n32g430_rcc.o(.text)
    RCC_HSI_Enable                           0x08001a39   Thumb Code     8  n32g430_rcc.o(.text)
    RCC_HSI_Disable                          0x08001a41   Thumb Code     8  n32g430_rcc.o(.text)
    RCC_HSI_Stable_Wait                      0x08001a49   Thumb Code    78  n32g430_rcc.o(.text)
    RCC_PLL_Config                           0x08001a97   Thumb Code    46  n32g430_rcc.o(.text)
    RCC_PLL_Enable                           0x08001ac5   Thumb Code     8  n32g430_rcc.o(.text)
    RCC_PLL_Disable                          0x08001acd   Thumb Code     8  n32g430_rcc.o(.text)
    RCC_Sysclk_Config                        0x08001ad5   Thumb Code    18  n32g430_rcc.o(.text)
    RCC_Sysclk_Source_Get                    0x08001ae7   Thumb Code    10  n32g430_rcc.o(.text)
    RCC_Hclk_Config                          0x08001af1   Thumb Code    18  n32g430_rcc.o(.text)
    RCC_Pclk1_Config                         0x08001b03   Thumb Code    18  n32g430_rcc.o(.text)
    RCC_Pclk2_Config                         0x08001b15   Thumb Code    20  n32g430_rcc.o(.text)
    RCC_Interrupt_Enable                     0x08001b29   Thumb Code    12  n32g430_rcc.o(.text)
    RCC_Interrupt_Disable                    0x08001b35   Thumb Code    12  n32g430_rcc.o(.text)
    RCC_TIM1_8_Clock_Config                  0x08001b41   Thumb Code    18  n32g430_rcc.o(.text)
    RCC_ADC_1M_Clock_Config                  0x08001b53   Thumb Code    24  n32g430_rcc.o(.text)
    RCC_ADC_PLL_Clock_Prescaler_Enable       0x08001b6b   Thumb Code    18  n32g430_rcc.o(.text)
    RCC_ADC_PLL_Clock_Disable                0x08001b7d   Thumb Code    14  n32g430_rcc.o(.text)
    RCC_ADC_Hclk_Config                      0x08001b8b   Thumb Code    18  n32g430_rcc.o(.text)
    RCC_ADC_Hclk_Enable                      0x08001b9d   Thumb Code    18  n32g430_rcc.o(.text)
    RCC_ADC_Hclk_Disable                     0x08001baf   Thumb Code    18  n32g430_rcc.o(.text)
    RCC_LSE_Trim_Config                      0x08001bc1   Thumb Code    38  n32g430_rcc.o(.text)
    RCC_APB1_Peripheral_Clock_Enable         0x08001be7   Thumb Code    70  n32g430_rcc.o(.text)
    RCC_LSE_Config                           0x08001c2d   Thumb Code    88  n32g430_rcc.o(.text)
    RCC_LSE_Clock_Security_System_Enable     0x08001c85   Thumb Code     8  n32g430_rcc.o(.text)
    RCC_LSE_Clock_Security_System_Disable    0x08001c8d   Thumb Code     8  n32g430_rcc.o(.text)
    RCC_LSE_Clock_Security_System_Status_Get 0x08001c95   Thumb Code    18  n32g430_rcc.o(.text)
    RCC_LSE_Stable_Wait                      0x08001ca7   Thumb Code    78  n32g430_rcc.o(.text)
    RCC_LSI_Enable                           0x08001cf5   Thumb Code    10  n32g430_rcc.o(.text)
    RCC_LSI_Disable                          0x08001cff   Thumb Code    10  n32g430_rcc.o(.text)
    RCC_LSI_Stable_Wait                      0x08001d09   Thumb Code    78  n32g430_rcc.o(.text)
    RCC_RTC_Clock_Config                     0x08001d57   Thumb Code    22  n32g430_rcc.o(.text)
    RCC_RTC_Clock_Enable                     0x08001d6d   Thumb Code    10  n32g430_rcc.o(.text)
    RCC_RTC_Clock_Disable                    0x08001d77   Thumb Code    10  n32g430_rcc.o(.text)
    RCC_LPTIM_Clock_Config                   0x08001d81   Thumb Code    46  n32g430_rcc.o(.text)
    RCC_LPTIM_Reset                          0x08001daf   Thumb Code    24  n32g430_rcc.o(.text)
    RCC_LPTIM_Enable                         0x08001dc7   Thumb Code    14  n32g430_rcc.o(.text)
    RCC_LPTIM_Disable                        0x08001dd5   Thumb Code    14  n32g430_rcc.o(.text)
    RCC_AHB_Peripheral_Clock_Enable          0x08001de3   Thumb Code    12  n32g430_rcc.o(.text)
    RCC_AHB_Peripheral_Clock_Disable         0x08001def   Thumb Code    12  n32g430_rcc.o(.text)
    RCC_APB2_Peripheral_Clock_Enable         0x08001dfb   Thumb Code    12  n32g430_rcc.o(.text)
    RCC_APB2_Peripheral_Clock_Disable        0x08001e07   Thumb Code    12  n32g430_rcc.o(.text)
    RCC_APB1_Peripheral_Clock_Disable        0x08001e13   Thumb Code    12  n32g430_rcc.o(.text)
    RCC_AHB_Peripheral_Reset                 0x08001e1f   Thumb Code    20  n32g430_rcc.o(.text)
    RCC_APB2_Peripheral_Reset                0x08001e33   Thumb Code    20  n32g430_rcc.o(.text)
    RCC_APB1_Peripheral_Reset                0x08001e47   Thumb Code    20  n32g430_rcc.o(.text)
    RCC_Backup_Reset                         0x08001e5b   Thumb Code    14  n32g430_rcc.o(.text)
    RCC_MCO_PLL_Prescaler_Config             0x08001e69   Thumb Code    18  n32g430_rcc.o(.text)
    RCC_MCO_Source_Config                    0x08001e7b   Thumb Code    18  n32g430_rcc.o(.text)
    RCC_Reset_Flag_Clear                     0x08001e8d   Thumb Code    24  n32g430_rcc.o(.text)
    RCC_Interrupt_Status_Get                 0x08001ea5   Thumb Code    18  n32g430_rcc.o(.text)
    RCC_Interrupt_Status_Clear               0x08001eb7   Thumb Code    12  n32g430_rcc.o(.text)
    TIM_Reset                                0x08001ed5   Thumb Code   102  n32g430_tim.o(.text)
    TIM_Base_Count_Mode_Set                  0x08001f3b   Thumb Code    16  n32g430_tim.o(.text)
    TIM_Base_Center_Aligned_Mode_OC4_7_8_9_Trigger_Set 0x08001f4b   Thumb Code    16  n32g430_tim.o(.text)
    TIM_Asymmetric_Enable                    0x08001f5b   Thumb Code    10  n32g430_tim.o(.text)
    TIM_Asymmetric_Disable                   0x08001f65   Thumb Code    10  n32g430_tim.o(.text)
    TIM_Base_Auto_Reload_Set                 0x08001f6f   Thumb Code     4  n32g430_tim.o(.text)
    TIM_Base_Prescaler_Set                   0x08001f73   Thumb Code     4  n32g430_tim.o(.text)
    TIM_Base_Reload_Mode_Set                 0x08001f77   Thumb Code     4  n32g430_tim.o(.text)
    TIM_Base_Repeat_Count_Set                0x08001f7b   Thumb Code     4  n32g430_tim.o(.text)
    TIM_Base_Channel1                        0x08001f7f   Thumb Code    22  n32g430_tim.o(.text)
    TIM_Base_Channel2                        0x08001f95   Thumb Code    22  n32g430_tim.o(.text)
    TIM_Base_Channel3                        0x08001fab   Thumb Code    22  n32g430_tim.o(.text)
    TIM_Base_Channel4                        0x08001fc1   Thumb Code    22  n32g430_tim.o(.text)
    TIM_Base_OCrefClear                      0x08001fd7   Thumb Code    22  n32g430_tim.o(.text)
    TIM_Clock_Division_Set                   0x08001fed   Thumb Code    16  n32g430_tim.o(.text)
    TIM_Base_Initialize                      0x08001ffd   Thumb Code   156  n32g430_tim.o(.text)
    TIM_Base_Struct_Initialize               0x08002099   Thumb Code    30  n32g430_tim.o(.text)
    TIM_Base_Count_Set                       0x080020b7   Thumb Code     4  n32g430_tim.o(.text)
    TIM_Base_Count_Get                       0x080020bb   Thumb Code     6  n32g430_tim.o(.text)
    TIM_Auto_Reload_Get                      0x080020c1   Thumb Code     6  n32g430_tim.o(.text)
    TIM_Base_Prescaler_Get                   0x080020c7   Thumb Code     6  n32g430_tim.o(.text)
    TIM_On                                   0x080020cd   Thumb Code    10  n32g430_tim.o(.text)
    TIM_Off                                  0x080020d7   Thumb Code    10  n32g430_tim.o(.text)
    TIM_Output_Channel1_Preload_Set          0x080020e1   Thumb Code    18  n32g430_tim.o(.text)
    TIM_Output_Channel2_Preload_Set          0x080020f3   Thumb Code    26  n32g430_tim.o(.text)
    TIM_Output_Channel3_Preload_Set          0x0800210d   Thumb Code    20  n32g430_tim.o(.text)
    TIM_Output_Channel4_Preload_Set          0x08002121   Thumb Code    28  n32g430_tim.o(.text)
    TIM_Output_Channel5_Preload_Set          0x0800213d   Thumb Code    22  n32g430_tim.o(.text)
    TIM_Output_Channel6_Preload_Set          0x08002153   Thumb Code    30  n32g430_tim.o(.text)
    TIM_Output_Channel7_Preload_Set          0x08002171   Thumb Code    26  n32g430_tim.o(.text)
    TIM_Output_Channel8_Preload_Set          0x0800218b   Thumb Code    26  n32g430_tim.o(.text)
    TIM_Output_Channel9_Preload_Set          0x080021a5   Thumb Code    26  n32g430_tim.o(.text)
    TIM_Auto_Reload_Preload_Enable           0x080021bf   Thumb Code    10  n32g430_tim.o(.text)
    TIM_Auto_Reload_Preload_Disable          0x080021c9   Thumb Code    10  n32g430_tim.o(.text)
    TIM_Update_Event_Enable                  0x080021d3   Thumb Code    10  n32g430_tim.o(.text)
    TIM_Update_Event_Disable                 0x080021dd   Thumb Code    10  n32g430_tim.o(.text)
    TIM_Update_Request_Source_Set            0x080021e7   Thumb Code    22  n32g430_tim.o(.text)
    TIM_Event_Generate                       0x080021fd   Thumb Code     4  n32g430_tim.o(.text)
    TIM_Commutation_Event_Enable             0x08002201   Thumb Code    10  n32g430_tim.o(.text)
    TIM_Commutation_Event_Disable            0x0800220b   Thumb Code    10  n32g430_tim.o(.text)
    TIM_Capture_Compare_Control_Preload_Enable 0x08002215   Thumb Code    10  n32g430_tim.o(.text)
    TIM_Capture_Compare_Control_Preload_Disable 0x0800221f   Thumb Code    10  n32g430_tim.o(.text)
    TIM_Compare1_Set                         0x08002229   Thumb Code    14  n32g430_tim.o(.text)
    TIM_Compare2_Set                         0x08002237   Thumb Code    14  n32g430_tim.o(.text)
    TIM_Compare3_Set                         0x08002245   Thumb Code    14  n32g430_tim.o(.text)
    TIM_Compare4_Set                         0x08002253   Thumb Code    14  n32g430_tim.o(.text)
    TIM_Compare5_Set                         0x08002261   Thumb Code     6  n32g430_tim.o(.text)
    TIM_Compare6_Set                         0x08002267   Thumb Code     6  n32g430_tim.o(.text)
    TIM_Compare7_Set                         0x0800226d   Thumb Code     6  n32g430_tim.o(.text)
    TIM_Compare8_Set                         0x08002273   Thumb Code     6  n32g430_tim.o(.text)
    TIM_Compare9_Set                         0x08002279   Thumb Code     6  n32g430_tim.o(.text)
    TIM_Compare1_D_Set                       0x0800227f   Thumb Code    14  n32g430_tim.o(.text)
    TIM_Compare2_D_Set                       0x0800228d   Thumb Code    14  n32g430_tim.o(.text)
    TIM_Compare3_D_Set                       0x0800229b   Thumb Code    14  n32g430_tim.o(.text)
    TIM_Compare4_D_Set                       0x080022a9   Thumb Code    40  n32g430_tim.o(.text)
    TIM_Compare_Capture1_Get                 0x080022d1   Thumb Code     8  n32g430_tim.o(.text)
    TIM_Compare_Capture2_Get                 0x080022d9   Thumb Code     8  n32g430_tim.o(.text)
    TIM_Compare_Capture3_Get                 0x080022e1   Thumb Code     8  n32g430_tim.o(.text)
    TIM_Compare_Capture4_Get                 0x080022e9   Thumb Code     8  n32g430_tim.o(.text)
    TIM_Compare_Capture5_Get                 0x080022f1   Thumb Code     8  n32g430_tim.o(.text)
    TIM_Compare_Capture6_Get                 0x080022f9   Thumb Code     8  n32g430_tim.o(.text)
    TIM_Compare_Capture7_Get                 0x08002301   Thumb Code     8  n32g430_tim.o(.text)
    TIM_Compare_Capture8_Get                 0x08002309   Thumb Code     8  n32g430_tim.o(.text)
    TIM_Compare_Capture9_Get                 0x08002311   Thumb Code     8  n32g430_tim.o(.text)
    TIM_Compare_Capture1_D_Get               0x08002319   Thumb Code     8  n32g430_tim.o(.text)
    TIM_Compare_Capture2_D_Get               0x08002321   Thumb Code     8  n32g430_tim.o(.text)
    TIM_Compare_Capture3_D_Get               0x08002329   Thumb Code     8  n32g430_tim.o(.text)
    TIM_Compare_Capture4_D_Get               0x08002331   Thumb Code     8  n32g430_tim.o(.text)
    TIM_Trigger_Source_Select                0x08002339   Thumb Code    18  n32g430_tim.o(.text)
    Input_Channel1_Config                    0x0800234b   Thumb Code   104  n32g430_tim.o(.text)
    Input_Channel2_Config                    0x080023b3   Thumb Code   116  n32g430_tim.o(.text)
    Input_Channel3_Config                    0x08002427   Thumb Code   110  n32g430_tim.o(.text)
    Input_Channel4_Config                    0x08002495   Thumb Code   118  n32g430_tim.o(.text)
    TIM_External_Trigger_Filter_Set          0x0800250b   Thumb Code    24  n32g430_tim.o(.text)
    TIM_External_Trigger_Prescaler_Set       0x08002523   Thumb Code    16  n32g430_tim.o(.text)
    TIM_External_Trigger_Polarity_Set        0x08002533   Thumb Code    26  n32g430_tim.o(.text)
    TIM_Internal_Clock_Set                   0x0800254d   Thumb Code    12  n32g430_tim.o(.text)
    TIM_Input_Capture1_Prescaler_Set         0x08002559   Thumb Code    18  n32g430_tim.o(.text)
    TIM_Input_Capture2_Prescaler_Set         0x0800256b   Thumb Code    26  n32g430_tim.o(.text)
    TIM_Input_Capture3_Prescaler_Set         0x08002585   Thumb Code    18  n32g430_tim.o(.text)
    TIM_Input_Capture4_Prescaler_Set         0x08002597   Thumb Code    20  n32g430_tim.o(.text)
    TIM_Internal_Trig_To_Ext_Set             0x080025ab   Thumb Code    24  n32g430_tim.o(.text)
    TIM_Trigger_As_External_Clock            0x080025c3   Thumb Code    58  n32g430_tim.o(.text)
    TIM_External_Clock_Mode1_Set             0x080025fd   Thumb Code    66  n32g430_tim.o(.text)
    TIM_External_Clock_Mode2_Set             0x0800263f   Thumb Code    44  n32g430_tim.o(.text)
    TIM_Slave_Mode_Select                    0x0800266b   Thumb Code    18  n32g430_tim.o(.text)
    TIM_Master_Slave_Mode_Set                0x0800267d   Thumb Code    18  n32g430_tim.o(.text)
    TIM_Output_Trigger_Select                0x0800268f   Thumb Code    16  n32g430_tim.o(.text)
    TIM_OC4REF_Trigger_To_ADC_Enable         0x0800269f   Thumb Code    10  n32g430_tim.o(.text)
    TIM_OC4REF_Trigger_To_ADC_Disable        0x080026a9   Thumb Code    10  n32g430_tim.o(.text)
    TIM_OC7REF_Trigger_To_ADC_Enable         0x080026b3   Thumb Code    10  n32g430_tim.o(.text)
    TIM_OC7REF_Trigger_To_ADC_Disable        0x080026bd   Thumb Code    10  n32g430_tim.o(.text)
    TIM_OC8REF_Trigger_To_ADC_Enable         0x080026c7   Thumb Code    10  n32g430_tim.o(.text)
    TIM_OC8REF_Trigger_To_ADC_Disable        0x080026d1   Thumb Code    10  n32g430_tim.o(.text)
    TIM_OC9REF_Trigger_To_ADC_Enable         0x080026db   Thumb Code    10  n32g430_tim.o(.text)
    TIM_OC9REF_Trigger_To_ADC_Disable        0x080026e5   Thumb Code    10  n32g430_tim.o(.text)
    TIM_One_Pulse_Mode_Select                0x080026ef   Thumb Code    16  n32g430_tim.o(.text)
    TIM_Input_Struct_Initialize              0x080026ff   Thumb Code    16  n32g430_tim.o(.text)
    TIM_Input_Channel_Initialize             0x0800270f   Thumb Code   136  n32g430_tim.o(.text)
    TIM_PWM_Input_Channel_Config             0x08002797   Thumb Code   120  n32g430_tim.o(.text)
    TIM_Output_Channel_Polarity_Set          0x0800280f   Thumb Code    22  n32g430_tim.o(.text)
    TIM_Output_Channel_N_Polarity_Set        0x08002825   Thumb Code    22  n32g430_tim.o(.text)
    TIM_Capture_Compare_Ch_Enable            0x0800283b   Thumb Code    12  n32g430_tim.o(.text)
    TIM_Capture_Compare_Ch_Disable           0x08002847   Thumb Code    12  n32g430_tim.o(.text)
    TIM_Capture_Compare_Ch_N_Enable          0x08002853   Thumb Code    12  n32g430_tim.o(.text)
    TIM_Capture_Compare_Ch_N_Disable         0x0800285f   Thumb Code    12  n32g430_tim.o(.text)
    TIM_CCEN_Status_Get                      0x0800286b   Thumb Code    16  n32g430_tim.o(.text)
    TIM_Output_Channel_Mode_Set              0x0800287b   Thumb Code    86  n32g430_tim.o(.text)
    TIM_Forced_Output_Channel1_Set           0x080028d1   Thumb Code    18  n32g430_tim.o(.text)
    TIM_Forced_Output_Channel2_Set           0x080028e3   Thumb Code    26  n32g430_tim.o(.text)
    TIM_Forced_Output_Channel3_Set           0x080028fd   Thumb Code    20  n32g430_tim.o(.text)
    TIM_Forced_Output_Channel4_Set           0x08002911   Thumb Code    28  n32g430_tim.o(.text)
    TIM_Forced_Output_Channel5_Set           0x0800292d   Thumb Code    22  n32g430_tim.o(.text)
    TIM_Forced_Output_Channel6_Set           0x08002943   Thumb Code    30  n32g430_tim.o(.text)
    TIM_Output_Channel1_Fast_Set             0x08002961   Thumb Code    18  n32g430_tim.o(.text)
    TIM_Output_Channel2_Fast_Set             0x08002973   Thumb Code    26  n32g430_tim.o(.text)
    TIM_Output_Channel3_Fast_Set             0x0800298d   Thumb Code    20  n32g430_tim.o(.text)
    TIM_Output_Channel4_Fast_Set             0x080029a1   Thumb Code    28  n32g430_tim.o(.text)
    TIM_Output_Channel5_Fast_Set             0x080029bd   Thumb Code    22  n32g430_tim.o(.text)
    TIM_Output_Channel6_Fast_Set             0x080029d3   Thumb Code    30  n32g430_tim.o(.text)
    TIM_Output_Channel1_Reference_Clear      0x080029f1   Thumb Code    18  n32g430_tim.o(.text)
    TIM_Output_Channel2_Reference_Clear      0x08002a03   Thumb Code    24  n32g430_tim.o(.text)
    TIM_Output_Channel3_Reference_Clear      0x08002a1b   Thumb Code    20  n32g430_tim.o(.text)
    TIM_Output_Channel4_Reference_Clear      0x08002a2f   Thumb Code    26  n32g430_tim.o(.text)
    TIM_Output_Channel5_Reference_Clear      0x08002a49   Thumb Code    22  n32g430_tim.o(.text)
    TIM_Output_Channel6_Reference_Clear      0x08002a5f   Thumb Code    28  n32g430_tim.o(.text)
    TIM_Output_Channel1_Initialize           0x08002a7b   Thumb Code   140  n32g430_tim.o(.text)
    TIM_Output_Channel2_Initialize           0x08002b07   Thumb Code   152  n32g430_tim.o(.text)
    TIM_Output_Channel3_Initialize           0x08002b9f   Thumb Code   146  n32g430_tim.o(.text)
    TIM_Output_Channel4_Initialize           0x08002c31   Thumb Code   166  n32g430_tim.o(.text)
    TIM_Output_Channel5_Initialize           0x08002cd7   Thumb Code   102  n32g430_tim.o(.text)
    TIM_Output_Channel6_Initialize           0x08002d3d   Thumb Code   110  n32g430_tim.o(.text)
    TIM_PWM_Output_Enable                    0x08002dab   Thumb Code    14  n32g430_tim.o(.text)
    TIM_PWM_Output_Disable                   0x08002db9   Thumb Code    14  n32g430_tim.o(.text)
    TIM_Output_Channel_Struct_Initialize     0x08002dc7   Thumb Code    20  n32g430_tim.o(.text)
    TIM_Lock_Up_Break_Enable                 0x08002ddb   Thumb Code    10  n32g430_tim.o(.text)
    TIM_Lock_Up_Break_Disable                0x08002de5   Thumb Code    10  n32g430_tim.o(.text)
    TIM_Pvd_Break_Enable                     0x08002def   Thumb Code    10  n32g430_tim.o(.text)
    TIM_Pvd_Break_Disable                    0x08002df9   Thumb Code    10  n32g430_tim.o(.text)
    TIM_IOM_Comp_Break                       0x08002e03   Thumb Code    22  n32g430_tim.o(.text)
    TIM_Break_And_Dead_Time_Set              0x08002e19   Thumb Code    96  n32g430_tim.o(.text)
    TIM_Break_And_Dead_Time_Struct_Initialize 0x08002e79   Thumb Code    24  n32g430_tim.o(.text)
    TIM_Interrupt_Enable                     0x08002e91   Thumb Code     8  n32g430_tim.o(.text)
    TIM_Interrupt_Disable                    0x08002e99   Thumb Code    16  n32g430_tim.o(.text)
    TIM_Interrupt_Status_Get                 0x08002ea9   Thumb Code    32  n32g430_tim.o(.text)
    TIM_Interrupt_Status_Clear               0x08002ec9   Thumb Code     6  n32g430_tim.o(.text)
    TIM_Flag_Status_Get                      0x08002ecf   Thumb Code    16  n32g430_tim.o(.text)
    TIM_Flag_Clear                           0x08002edf   Thumb Code     6  n32g430_tim.o(.text)
    TIM_Dma_Config                           0x08002ee5   Thumb Code    10  n32g430_tim.o(.text)
    TIM_Dma_Enable                           0x08002eef   Thumb Code     8  n32g430_tim.o(.text)
    TIM_Dma_Disable                          0x08002ef7   Thumb Code     8  n32g430_tim.o(.text)
    TIM_Hall_Sensor_Enable                   0x08002eff   Thumb Code    10  n32g430_tim.o(.text)
    TIM_Hall_Sensor_Disable                  0x08002f09   Thumb Code    10  n32g430_tim.o(.text)
    TIM_Encoder_Interface_Set                0x08002f13   Thumb Code    64  n32g430_tim.o(.text)
    TIM_Channel1_Filter_Config               0x08002f53   Thumb Code    52  n32g430_tim.o(.text)
    TIM_Channel2_Filter_Config               0x08002f87   Thumb Code    52  n32g430_tim.o(.text)
    TIM_Channel3_Filter_Config               0x08002fbb   Thumb Code    52  n32g430_tim.o(.text)
    TIM_Channel4_Filter_Config               0x08002fef   Thumb Code    52  n32g430_tim.o(.text)
    TIM_Break_Filter_Config                  0x08003023   Thumb Code    40  n32g430_tim.o(.text)
    TIM_Channel1_Filter_Enable               0x0800304b   Thumb Code    10  n32g430_tim.o(.text)
    TIM_Channel1_Filter_Disable              0x08003055   Thumb Code    10  n32g430_tim.o(.text)
    TIM_Channel2_Filter_Enable               0x0800305f   Thumb Code    10  n32g430_tim.o(.text)
    TIM_Channel2_Filter_Disable              0x08003069   Thumb Code    10  n32g430_tim.o(.text)
    TIM_Channel3_Filter_Enable               0x08003073   Thumb Code    10  n32g430_tim.o(.text)
    TIM_Channel3_Filter_Disable              0x0800307d   Thumb Code    10  n32g430_tim.o(.text)
    TIM_Channel4_Filter_Enable               0x08003087   Thumb Code    10  n32g430_tim.o(.text)
    TIM_Channel4_Filter_Disable              0x08003091   Thumb Code    10  n32g430_tim.o(.text)
    TIM_Break_Filter_Enable                  0x0800309b   Thumb Code    10  n32g430_tim.o(.text)
    TIM_Break_Filter_Disable                 0x080030a5   Thumb Code    10  n32g430_tim.o(.text)
    Tim_Init                                 0x080030c9   Thumb Code   110  main.o(.text)
    GPIO_Configuration                       0x08003137   Thumb Code    48  main.o(.text)
    RCC_Configuration                        0x08003167   Thumb Code    20  main.o(.text)
    main                                     0x0800317b   Thumb Code    24  main.o(.text)
    NMI_Handler                              0x080031a1   Thumb Code     2  n32g430_it.o(.text)
    HardFault_Handler                        0x080031a3   Thumb Code     4  n32g430_it.o(.text)
    MemManage_Handler                        0x080031a7   Thumb Code     4  n32g430_it.o(.text)
    BusFault_Handler                         0x080031ab   Thumb Code     4  n32g430_it.o(.text)
    UsageFault_Handler                       0x080031af   Thumb Code     4  n32g430_it.o(.text)
    SVC_Handler                              0x080031b3   Thumb Code     2  n32g430_it.o(.text)
    DebugMon_Handler                         0x080031b5   Thumb Code     2  n32g430_it.o(.text)
    SysTick_Handler                          0x080031b7   Thumb Code     2  n32g430_it.o(.text)
    Adc_Init                                 0x080031b9   Thumb Code   216  adc.o(.text)
    DMAInit                                  0x08003291   Thumb Code   142  adc.o(.text)
    DMA_Channel1_IRQHandler                  0x0800331f   Thumb Code    42  adc.o(.text)
    __scatterload                            0x08003355   Thumb Code    28  init.o(.text)
    __scatterload_rt2                        0x08003355   Thumb Code     0  init.o(.text)
    __scatterload_copy                       0x08003379   Thumb Code    14  handlers.o(i.__scatterload_copy)
    __scatterload_null                       0x08003387   Thumb Code     2  handlers.o(i.__scatterload_null)
    __scatterload_zeroinit                   0x08003389   Thumb Code    14  handlers.o(i.__scatterload_zeroinit)
    AHBPrescTable                            0x08003396   Data          16  system_n32g430.o(.constdata)
    Region$$Table$$Base                      0x080033e8   Number         0  anon$$obj.o(Region$$Table)
    Region$$Table$$Limit                     0x08003408   Number         0  anon$$obj.o(Region$$Table)
    SystemClockFrequency                     0x20000000   Data           4  system_n32g430.o(.data)
    vrefint_value                            0x20000004   Data           4  n32g430_adc.o(.data)
    Program_NVR                              0x20000008   Data           4  n32g430_adc.o(.data)
    Get_NVR                                  0x2000000c   Data           4  n32g430_adc.o(.data)
    ADC_DMA_Buff                             0x20000010   Data          12  adc.o(.bss)
    __initial_sp                             0x20001520   Data           0  startup_n32g430.o(STACK)



==============================================================================

Memory Map of the image

  Image Entry point : 0x08000115

  Load Region LR_IROM1 (Base: 0x08000000, Size: 0x00003418, Max: 0x00010000, ABSOLUTE)

    Execution Region ER_IROM1 (Exec base: 0x08000000, Load base: 0x08000000, Size: 0x00003408, Max: 0x00010000, ABSOLUTE)

    Exec Addr    Load Addr    Size         Type   Attr      Idx    E Section Name        Object

    0x08000000   0x08000000   0x00000114   Data   RO            3    RESET               startup_n32g430.o
    0x08000114   0x08000114   0x00000000   Code   RO          395  * .ARM.Collect$$$$00000000  mc_w.l(entry.o)
    0x08000114   0x08000114   0x00000004   Code   RO          398    .ARM.Collect$$$$00000001  mc_w.l(entry2.o)
    0x08000118   0x08000118   0x00000004   Code   RO          401    .ARM.Collect$$$$00000004  mc_w.l(entry5.o)
    0x0800011c   0x0800011c   0x00000000   Code   RO          403    .ARM.Collect$$$$00000008  mc_w.l(entry7b.o)
    0x0800011c   0x0800011c   0x00000000   Code   RO          405    .ARM.Collect$$$$0000000A  mc_w.l(entry8b.o)
    0x0800011c   0x0800011c   0x00000008   Code   RO          406    .ARM.Collect$$$$0000000B  mc_w.l(entry9a.o)
    0x08000124   0x08000124   0x00000004   Code   RO          413    .ARM.Collect$$$$0000000E  mc_w.l(entry12b.o)
    0x08000128   0x08000128   0x00000000   Code   RO          408    .ARM.Collect$$$$0000000F  mc_w.l(entry10a.o)
    0x08000128   0x08000128   0x00000000   Code   RO          410    .ARM.Collect$$$$00000011  mc_w.l(entry11a.o)
    0x08000128   0x08000128   0x00000004   Code   RO          399    .ARM.Collect$$$$00002712  mc_w.l(entry2.o)
    0x0800012c   0x0800012c   0x00000024   Code   RO            4    .text               startup_n32g430.o
    0x08000150   0x08000150   0x00000274   Code   RO           13    .text               system_n32g430.o
    0x080003c4   0x080003c4   0x000000d8   Code   RO          133    .text               misc.o
    0x0800049c   0x0800049c   0x0000083c   Code   RO          161    .text               n32g430_adc.o
    0x08000cd8   0x08000cd8   0x00000248   Code   RO          188    .text               n32g430_dma.o
    0x08000f20   0x08000f20   0x000008ec   Code   RO          236    .text               n32g430_gpio.o
    0x0800180c   0x0800180c   0x000006c8   Code   RO          260    .text               n32g430_rcc.o
    0x08001ed4   0x08001ed4   0x000011f4   Code   RO          286    .text               n32g430_tim.o
    0x080030c8   0x080030c8   0x000000d8   Code   RO          310    .text               main.o
    0x080031a0   0x080031a0   0x00000018   Code   RO          343    .text               n32g430_it.o
    0x080031b8   0x080031b8   0x0000019c   Code   RO          370    .text               adc.o
    0x08003354   0x08003354   0x00000024   Code   RO          414    .text               mc_w.l(init.o)
    0x08003378   0x08003378   0x0000000e   Code   RO          418    i.__scatterload_copy  mc_w.l(handlers.o)
    0x08003386   0x08003386   0x00000002   Code   RO          419    i.__scatterload_null  mc_w.l(handlers.o)
    0x08003388   0x08003388   0x0000000e   Code   RO          420    i.__scatterload_zeroinit  mc_w.l(handlers.o)
    0x08003396   0x08003396   0x00000010   Data   RO           14    .constdata          system_n32g430.o
    0x080033a6   0x080033a6   0x00000040   Data   RO          261    .constdata          n32g430_rcc.o
    0x080033e6   0x080033e6   0x00000002   PAD
    0x080033e8   0x080033e8   0x00000020   Data   RO          416    Region$$Table       anon$$obj.o


    Execution Region RW_IRAM1 (Exec base: 0x20000000, Load base: 0x08003408, Size: 0x00001520, Max: 0x00004000, ABSOLUTE)

    Exec Addr    Load Addr    Size         Type   Attr      Idx    E Section Name        Object

    0x20000000   0x08003408   0x00000004   Data   RW           15    .data               system_n32g430.o
    0x20000004   0x0800340c   0x0000000c   Data   RW          162    .data               n32g430_adc.o
    0x20000010        -       0x0000000c   Zero   RW          371    .bss                adc.o
    0x2000001c   0x08003418   0x00000004   PAD
    0x20000020        -       0x00001500   Zero   RW            1    STACK               startup_n32g430.o


==============================================================================

Image component sizes


      Code (inc. data)   RO Data    RW Data    ZI Data      Debug   Object Name

       412         12          0          0         12       1758   adc.o
       216         14          0          0          0       1145   main.o
       216         20          0          0          0       2328   misc.o
      2108         38          0         12          0      13497   n32g430_adc.o
       584          6          0          0          0       6326   n32g430_dma.o
      2284         42          0          0          0      10621   n32g430_gpio.o
        24          0          0          0          0       1203   n32g430_it.o
      1736         76         64          0          0      12878   n32g430_rcc.o
      4596         86          0          0          0      40940   n32g430_tim.o
        36          8        276          0       5376        992   startup_n32g430.o
       628         48         16          4          0     305088   system_n32g430.o

    ----------------------------------------------------------------------
     12840        350        390         16       5392     396776   Object Totals
         0          0         32          0          0          0   (incl. Generated)
         0          0          2          0          4          0   (incl. Padding)

    ----------------------------------------------------------------------

      Code (inc. data)   RO Data    RW Data    ZI Data      Debug   Library Member Name

         0          0          0          0          0          0   entry.o
         0          0          0          0          0          0   entry10a.o
         0          0          0          0          0          0   entry11a.o
         4          0          0          0          0          0   entry12b.o
         8          4          0          0          0          0   entry2.o
         4          0          0          0          0          0   entry5.o
         0          0          0          0          0          0   entry7b.o
         0          0          0          0          0          0   entry8b.o
         8          4          0          0          0          0   entry9a.o
        30          0          0          0          0          0   handlers.o
        36          8          0          0          0         68   init.o

    ----------------------------------------------------------------------
        90         16          0          0          0         68   Library Totals
         0          0          0          0          0          0   (incl. Padding)

    ----------------------------------------------------------------------

      Code (inc. data)   RO Data    RW Data    ZI Data      Debug   Library Name

        90         16          0          0          0         68   mc_w.l

    ----------------------------------------------------------------------
        90         16          0          0          0         68   Library Totals

    ----------------------------------------------------------------------

==============================================================================


      Code (inc. data)   RO Data    RW Data    ZI Data      Debug   

     12930        366        390         16       5392     394948   Grand Totals
     12930        366        390         16       5392     394948   ELF Image Totals
     12930        366        390         16          0          0   ROM Totals

==============================================================================

    Total RO  Size (Code + RO Data)                13320 (  13.01kB)
    Total RW  Size (RW Data + ZI Data)              5408 (   5.28kB)
    Total ROM Size (Code + RO Data + RW Data)      13336 (  13.02kB)

==============================================================================

